Component: ARM Compiler 5.06 update 1 (build 61) Tool: armlink [4d35a8]

==============================================================================

Section Cross References

    crc_check.o(i.Append_CRC16_Check_Sum) refers to crc_check.o(i.Get_CRC16_Check_Sum) for Get_CRC16_Check_Sum
    crc_check.o(i.Append_CRC16_Check_Sum) refers to crc_check.o(.data) for .data
    crc_check.o(i.Append_CRC8_Check_Sum) refers to crc_check.o(i.Get_CRC8_Check_Sum) for Get_CRC8_Check_Sum
    crc_check.o(i.Get_CRC16_Check_Sum) refers to crc_check.o(.constdata) for .constdata
    crc_check.o(i.Get_CRC8_Check_Sum) refers to crc_check.o(.constdata) for .constdata
    crc_check.o(i.Verify_CRC16_Check_Sum) refers to crc_check.o(i.Get_CRC16_Check_Sum) for Get_CRC16_Check_Sum
    crc_check.o(i.Verify_CRC16_Check_Sum) refers to crc_check.o(.data) for .data
    crc_check.o(i.Verify_CRC8_Check_Sum) refers to crc_check.o(i.Get_CRC8_Check_Sum) for Get_CRC8_Check_Sum
    dij_motor.o(i.DIJMotor_ParaHandle) refers to dij_motor.o(i.DIJMotor_AngleHandle) for DIJMotor_AngleHandle
    dm_r_4315.o(i.DMR4315_TobasepointDirect) refers to dm_r_4315.o(i.CRC16_Modbus_Cal) for CRC16_Modbus_Cal
    dm_r_4315.o(i.DMR4315_TobasepointDirect) refers to stm32f4xx_hal_uart.o(i.HAL_UART_Transmit) for HAL_UART_Transmit
    dm_r_4315.o(i.DMR4315_TobasepointDirect) refers to dm_r_4315.o(.bss) for .bss
    dm_r_4315.o(i.DMR4315_TobasepointMulti) refers to dm_r_4315.o(i.CRC16_Modbus_Cal) for CRC16_Modbus_Cal
    dm_r_4315.o(i.DMR4315_TobasepointMulti) refers to stm32f4xx_hal_uart.o(i.HAL_UART_Transmit) for HAL_UART_Transmit
    dm_r_4315.o(i.DMR4315_TobasepointMulti) refers to dm_r_4315.o(.bss) for .bss
    dm_r_4315.o(i.DMR4315_basepointHandle) refers to dm_r_4315.o(.data) for .data
    dm_r_4315.o(i.DMR4315_basepointSet) refers to dm_r_4315.o(i.CRC16_Modbus_Cal) for CRC16_Modbus_Cal
    dm_r_4315.o(i.DMR4315_basepointSet) refers to stm32f4xx_hal_uart.o(i.HAL_UART_Transmit) for HAL_UART_Transmit
    dm_r_4315.o(i.DMR4315_basepointSet) refers to dm_r_4315.o(.bss) for .bss
    dm_r_4315.o(i.DMR4315_encoderCalibrate) refers to dm_r_4315.o(i.CRC16_Modbus_Cal) for CRC16_Modbus_Cal
    dm_r_4315.o(i.DMR4315_encoderCalibrate) refers to stm32f4xx_hal_uart.o(i.HAL_UART_Transmit) for HAL_UART_Transmit
    dm_r_4315.o(i.DMR4315_encoderCalibrate) refers to dm_r_4315.o(.bss) for .bss
    dm_r_4315.o(i.DMR4315_encoderDataHandle) refers to dflt_clz.o(x$fpl$dflt) for __aeabi_i2d
    dm_r_4315.o(i.DMR4315_encoderDataHandle) refers to dmul.o(x$fpl$dmul) for __aeabi_dmul
    dm_r_4315.o(i.DMR4315_encoderDataHandle) refers to dfix.o(x$fpl$dfix) for __aeabi_d2iz
    dm_r_4315.o(i.DMR4315_encoderDataRead) refers to dm_r_4315.o(i.CRC16_Modbus_Cal) for CRC16_Modbus_Cal
    dm_r_4315.o(i.DMR4315_encoderDataRead) refers to stm32f4xx_hal_uart.o(i.HAL_UART_Transmit) for HAL_UART_Transmit
    dm_r_4315.o(i.DMR4315_encoderDataRead) refers to dm_r_4315.o(.bss) for .bss
    dm_r_4315.o(i.DMR4315_errorClear) refers to dm_r_4315.o(i.CRC16_Modbus_Cal) for CRC16_Modbus_Cal
    dm_r_4315.o(i.DMR4315_errorClear) refers to stm32f4xx_hal_uart.o(i.HAL_UART_Transmit) for HAL_UART_Transmit
    dm_r_4315.o(i.DMR4315_errorClear) refers to dm_r_4315.o(.bss) for .bss
    dm_r_4315.o(i.DMR4315_factoryReset) refers to dm_r_4315.o(i.CRC16_Modbus_Cal) for CRC16_Modbus_Cal
    dm_r_4315.o(i.DMR4315_factoryReset) refers to stm32f4xx_hal_uart.o(i.HAL_UART_Transmit) for HAL_UART_Transmit
    dm_r_4315.o(i.DMR4315_factoryReset) refers to dm_r_4315.o(.bss) for .bss
    dm_r_4315.o(i.DMR4315_infoRead) refers to dm_r_4315.o(i.CRC16_Modbus_Cal) for CRC16_Modbus_Cal
    dm_r_4315.o(i.DMR4315_infoRead) refers to stm32f4xx_hal_uart.o(i.HAL_UART_Transmit) for HAL_UART_Transmit
    dm_r_4315.o(i.DMR4315_infoRead) refers to dm_r_4315.o(.bss) for .bss
    dm_r_4315.o(i.DMR4315_motorClose) refers to dm_r_4315.o(i.CRC16_Modbus_Cal) for CRC16_Modbus_Cal
    dm_r_4315.o(i.DMR4315_motorClose) refers to stm32f4xx_hal_uart.o(i.HAL_UART_Transmit) for HAL_UART_Transmit
    dm_r_4315.o(i.DMR4315_motorClose) refers to dm_r_4315.o(.bss) for .bss
    dm_r_4315.o(i.DMR4315_openloopControl) refers to dm_r_4315.o(i.CRC16_Modbus_Cal) for CRC16_Modbus_Cal
    dm_r_4315.o(i.DMR4315_openloopControl) refers to stm32f4xx_hal_uart.o(i.HAL_UART_Transmit) for HAL_UART_Transmit
    dm_r_4315.o(i.DMR4315_openloopControl) refers to dm_r_4315.o(.bss) for .bss
    dm_r_4315.o(i.DMR4315_positionClosedloopControlAbs) refers to dm_r_4315.o(i.CRC16_Modbus_Cal) for CRC16_Modbus_Cal
    dm_r_4315.o(i.DMR4315_positionClosedloopControlAbs) refers to stm32f4xx_hal_uart.o(i.HAL_UART_Transmit) for HAL_UART_Transmit
    dm_r_4315.o(i.DMR4315_positionClosedloopControlAbs) refers to dm_r_4315.o(.bss) for .bss
    dm_r_4315.o(i.DMR4315_positionClosedloopControlRel) refers to dm_r_4315.o(i.CRC16_Modbus_Cal) for CRC16_Modbus_Cal
    dm_r_4315.o(i.DMR4315_positionClosedloopControlRel) refers to stm32f4xx_hal_uart.o(i.HAL_UART_Transmit) for HAL_UART_Transmit
[...]
    ArmYawInit                               0x20000035   Data           1  motion_motor.o(.data)
    PlatformL_G                              0x20000036   Data           1  motion_motor.o(.data)
    PlatformR_G                              0x20000037   Data           1  motion_motor.o(.data)
    PlatformL_Encoder_G                      0x20000038   Data           1  motion_motor.o(.data)
    PlatformR_Encoder_G                      0x20000039   Data           1  motion_motor.o(.data)
    SkyForwardL_G                            0x2000003a   Data           1  motion_motor.o(.data)
    SkyForwardR_G                            0x2000003b   Data           1  motion_motor.o(.data)
    SkyPitchL_G                              0x2000003c   Data           1  motion_motor.o(.data)
    SkyPitchR_G                              0x2000003d   Data           1  motion_motor.o(.data)
    ArmRoll_G                                0x2000003e   Data           1  motion_motor.o(.data)
    Sky_Flag                                 0x2000003f   Data           1  motion_motor.o(.data)
    Lift_Motor_BlockFinish                   0x20000040   Data           1  motion_motor.o(.data)
    Lift_Motor_BlockFlag                     0x20000041   Data           1  motion_motor.o(.data)
    Motor_Define                             0x20000048   Data           1  motion_motor.o(.data)
    Auto_Protect                             0x2000004c   Data           1  motion_pick.o(.data)
    Auto_Sky_Flag                            0x2000004d   Data           1  motion_pick.o(.data)
    Auto_Hold_Flag                           0x2000004e   Data           1  motion_pick.o(.data)
    Auto_Back_Flag                           0x2000004f   Data           1  motion_pick.o(.data)
    Auto_Store_Flag                          0x20000050   Data           1  motion_pick.o(.data)
    Auto_Take_Flag                           0x20000051   Data           1  motion_pick.o(.data)
    Auto_Silver_Flag                         0x20000052   Data           1  motion_pick.o(.data)
    Auto_Rotate_Flag                         0x20000053   Data           1  motion_pick.o(.data)
    Auto_Chassis_Flag                        0x20000054   Data           1  motion_pick.o(.data)
    Auto_Position_Flag                       0x20000055   Data           1  motion_pick.o(.data)
    LiftCounter                              0x20000056   Data           1  motion_pick.o(.data)
    WaitCounter                              0x20000057   Data           1  motion_pick.o(.data)
    PCState                                  0x20000058   Data           1  motion_pick.o(.data)
    Lift_State                               0x20000059   Data           1  motion_pick.o(.data)
    Platform_State                           0x2000005a   Data           1  motion_pick.o(.data)
    SkyForward_State                         0x2000005b   Data           1  motion_pick.o(.data)
    SkyPitch_State                           0x2000005c   Data           1  motion_pick.o(.data)
    ArmPitch_State                           0x2000005d   Data           1  motion_pick.o(.data)
    ArmYaw_State                             0x2000005e   Data           1  motion_pick.o(.data)
    Arm_Sucker_State                         0x2000005f   Data           1  motion_pick.o(.data)
    Sky_Sucker_State                         0x20000060   Data           1  motion_pick.o(.data)
    Gimbal_State                             0x20000061   Data           1  motion_pick.o(.data)
    ArmYaw_Angle                             0x20000064   Data           4  motion_pick.o(.data)
    Gimbal_Angle                             0x20000068   Data           8  motion_pick.o(.data)
    Platform_Angle                           0x20000070   Data          68  motion_pick.o(.data)
    SkyForward_Angle                         0x200000b4   Data          36  motion_pick.o(.data)
    SkyPitch_Angle                           0x200000d8   Data          28  motion_pick.o(.data)
    ArmPitch_Angle                           0x200000f4   Data          40  motion_pick.o(.data)
    Auto_Follow_Flag                         0x2000011c   Data           1  motion_spin.o(.data)
    SpinCounter                              0x2000011d   Data           1  motion_spin.o(.data)
    Spin_State                               0x2000011e   Data           1  motion_spin.o(.data)
    Chassis_Follow_W                         0x20000120   Data           2  motion_spin.o(.data)
    Chassis_Offset                           0x20000122   Data           2  motion_spin.o(.data)
    Pitch_Incline                            0x20000124   Data           2  motion_exchange.o(.data)
    Yaw_Incline                              0x20000126   Data           2  motion_exchange.o(.data)
    STATEMACHINE_TASK_Handle                 0x20000128   Data           4  task_init.o(.data)
    CAN_TASK_Handle                          0x2000012c   Data           4  task_init.o(.data)
    MOTORCONTROL_TASK_Handle                 0x20000130   Data           4  task_init.o(.data)
    Queue_CANSend                            0x20000134   Data           4  task_init.o(.data)
    MGMotorCount                             0x20000138   Data           1  task_motorcontrol.o(.data)
    DMJMotorCount                            0x20000139   Data           1  task_motorcontrol.o(.data)
    AngleorIq_Flag                           0x2000013a   Data           1  task_motorcontrol.o(.data)
    SubState_flag                            0x2000013c   Data           1  task_statemachine.o(.data)
    Protect_flag                             0x2000013d   Data           1  task_statemachine.o(.data)
    Change_Flag                              0x2000013e   Data           1  task_statemachine.o(.data)
    MainState                                0x2000013f   Data           1  task_statemachine.o(.data)
    SubState                                 0x20000140   Data           1  task_statemachine.o(.data)
    ControlMode                              0x20000141   Data           1  task_statemachine.o(.data)
    PCMode                                   0x20000142   Data           1  task_statemachine.o(.data)
    SubState_Last                            0x20000143   Data           1  task_statemachine.o(.data)
    Roller_State                             0x2000014c   Data           3  task_statemachine.o(.data)
    StickL_Vert                              0x2000014f   Data           3  task_statemachine.o(.data)
    StickL_Hori                              0x20000152   Data           3  task_statemachine.o(.data)
    StickR_Vert                              0x20000155   Data           3  task_statemachine.o(.data)
    StickR_Hori                              0x20000158   Data           3  task_statemachine.o(.data)
    W                                        0x2000015b   Data           3  task_statemachine.o(.data)
    S                                        0x2000015e   Data           3  task_statemachine.o(.data)
    D                                        0x20000161   Data           3  task_statemachine.o(.data)
    A                                        0x20000164   Data           3  task_statemachine.o(.data)
    Q                                        0x20000167   Data           3  task_statemachine.o(.data)
    E                                        0x2000016a   Data           3  task_statemachine.o(.data)
    R                                        0x2000016d   Data           3  task_statemachine.o(.data)
    F                                        0x20000170   Data           3  task_statemachine.o(.data)
    G                                        0x20000173   Data           3  task_statemachine.o(.data)
    Z                                        0x20000176   Data           3  task_statemachine.o(.data)
    X                                        0x20000179   Data           3  task_statemachine.o(.data)
    C                                        0x2000017c   Data           3  task_statemachine.o(.data)
    V                                        0x2000017f   Data           3  task_statemachine.o(.data)
    B                                        0x20000182   Data           3  task_statemachine.o(.data)
    CTRL                                     0x20000185   Data           3  task_statemachine.o(.data)
    SHIFT                                    0x20000188   Data           3  task_statemachine.o(.data)
    Mouse_Left                               0x2000018b   Data           3  task_statemachine.o(.data)
    Mouse_Right                              0x2000018e   Data           3  task_statemachine.o(.data)
    Out_X                                    0x20000194   Data           4  task_statemachine.o(.data)
    Out_Y                                    0x20000198   Data           4  task_statemachine.o(.data)
    defaultTaskHandle                        0x200001b0   Data           4  freertos.o(.data)
    uwTickFreq                               0x200001b8   Data           1  stm32f4xx_hal.o(.data)
    uwTickPrio                               0x200001bc   Data           4  stm32f4xx_hal.o(.data)
    uwTick                                   0x200001c0   Data           4  stm32f4xx_hal.o(.data)
    SystemCoreClock                          0x200001c4   Data           4  system_stm32f4xx.o(.data)
    pxCurrentTCB                             0x200001c8   Data           4  tasks.o(.data)
    DMR4315Receive                           0x2000075c   Data          40  dm_r_4315_comm.o(.bss)
    RS485Send                                0x20000784   Data          66  mg4005.o(.bss)
    MG4005Receive                            0x200007c6   Data          70  mg4005_comm.o(.bss)
    RCBuffer                                 0x2000080c   Data          40  remotecontrol_comm.o(.bss)
    Remote_controler                         0x20000834   Data          92  remotecontrol_comm.o(.bss)
    UartReceive_Data                         0x20000890   Data          12  uart_comm.o(.bss)
    RGB_buffur                               0x2000089c   Data         506  ws2812.o(.bss)
    RGB_Value                                0x20000a96   Data          21  ws2812.o(.bss)
    mtr                                      0x20000adc   Data          56  dm_j4310.o(.bss)
    WT931_Data                               0x20000b14   Data          80  wt931_gyro.o(.bss)
    ArmYaw_Motor                             0x20000b94   Data          76  motion_motor.o(.bss)
    Gimbal_Motor                             0x20000be0   Data          76  motion_motor.o(.bss)
    PlatformL_Motor                          0x20000c2c   Data          76  motion_motor.o(.bss)
    PlatformR_Motor                          0x20000c78   Data          76  motion_motor.o(.bss)
    SkyPitchL_Motor                          0x20000cc4   Data          76  motion_motor.o(.bss)
    SkyPitchR_Motor                          0x20000d10   Data          76  motion_motor.o(.bss)
    PlatformL_Encoder                        0x20000d5c   Data          20  motion_motor.o(.bss)
    PlatformR_Encoder                        0x20000d70   Data          20  motion_motor.o(.bss)
    Gimbal_Gyro                              0x20000d84   Data          40  motion_motor.o(.bss)
    SkyForwardL_Motor                        0x20000dac   Data          76  motion_motor.o(.bss)
    SkyForwardR_Motor                        0x20000df8   Data          76  motion_motor.o(.bss)
    ArmPitchL_Motor                          0x20000e44   Data          76  motion_motor.o(.bss)
    ArmPitchR_Motor                          0x20000e90   Data          76  motion_motor.o(.bss)
    ArmRoll_Motor                            0x20000edc   Data          76  motion_motor.o(.bss)
    PlatformL_Speed_Pid                      0x20000f28   Data          84  motion_motor.o(.bss)
    PlatformL_Position_Pid                   0x20000f7c   Data          84  motion_motor.o(.bss)
    PlatformR_Speed_Pid                      0x20000fd0   Data          84  motion_motor.o(.bss)
    PlatformR_Position_Pid                   0x20001024   Data          84  motion_motor.o(.bss)
    PlatformL_Twist_Pid                      0x20001078   Data          84  motion_motor.o(.bss)
    PlatformR_Twist_Pid                      0x200010cc   Data          84  motion_motor.o(.bss)
    Gimbal_Speed_Pid                         0x20001120   Data          84  motion_motor.o(.bss)
    Gimbal_Position_Pid                      0x20001174   Data          84  motion_motor.o(.bss)
    SkyPitchL_Speed_Pid                      0x200011c8   Data          84  motion_motor.o(.bss)
    SkyPitchL_Position_Pid                   0x2000121c   Data          84  motion_motor.o(.bss)
    SkyPitchR_Speed_Pid                      0x20001270   Data          84  motion_motor.o(.bss)
    SkyPitchR_Position_Pid                   0x200012c4   Data          84  motion_motor.o(.bss)
    SkyForwardL_Speed_Pid                    0x20001318   Data          84  motion_motor.o(.bss)
    SkyForwardL_Position_Pid                 0x2000136c   Data          84  motion_motor.o(.bss)
    SkyForwardR_Speed_Pid                    0x200013c0   Data          84  motion_motor.o(.bss)
    SkyForwardR_Position_Pid                 0x20001414   Data          84  motion_motor.o(.bss)
    SkyForwardL_Twist_Pid                    0x20001468   Data          84  motion_motor.o(.bss)
    SkyForwardR_Twist_Pid                    0x200014bc   Data          84  motion_motor.o(.bss)
    ArmRoll_Speed_Pid                        0x20001510   Data          84  motion_motor.o(.bss)
    ArmRoll_Position_Pid                     0x20001564   Data          84  motion_motor.o(.bss)
    UartSend_Data                            0x200015b8   Data          44  motion_send.o(.bss)
    Chassis_Follow_Pid                       0x200015e4   Data          84  motion_spin.o(.bss)
    CAN_Tx_Msg                               0x20001638   Data          16  task_can.o(.bss)
    Mouse_Speed_X                            0x20001648   Data          36  task_statemachine.o(.bss)
    Mouse_Speed_Y                            0x2000166c   Data          36  task_statemachine.o(.bss)
    hcan1                                    0x200018e4   Data          40  can.o(.bss)
    hcan2                                    0x2000190c   Data          40  can.o(.bss)
    htim8                                    0x20001934   Data          72  tim.o(.bss)
    hdma_tim8_ch1                            0x2000197c   Data          96  tim.o(.bss)
    huart7                                   0x200019dc   Data          68  usart.o(.bss)
    huart8                                   0x20001a20   Data          68  usart.o(.bss)
    huart1                                   0x20001a64   Data          68  usart.o(.bss)
    huart2                                   0x20001aa8   Data          68  usart.o(.bss)
    huart3                                   0x20001aec   Data          68  usart.o(.bss)
    huart6                                   0x20001b30   Data          68  usart.o(.bss)
    hdma_uart7_rx                            0x20001b74   Data          96  usart.o(.bss)
    hdma_uart8_rx                            0x20001bd4   Data          96  usart.o(.bss)
    hdma_usart1_rx                           0x20001c34   Data          96  usart.o(.bss)
    hdma_usart2_rx                           0x20001c94   Data          96  usart.o(.bss)
    hdma_usart3_rx                           0x20001cf4   Data          96  usart.o(.bss)
    hdma_usart3_tx                           0x20001d54   Data          96  usart.o(.bss)
    hdma_usart6_rx                           0x20001db4   Data          96  usart.o(.bss)
    hdma_usart6_tx                           0x20001e14   Data          96  usart.o(.bss)
    htim2                                    0x20001e74   Data          72  stm32f4xx_hal_timebase_tim.o(.bss)
    hpcd_USB_OTG_FS                          0x200020dc   Data        1292  usbd_conf.o(.bss)
    __libspace_start                         0x20006378   Data          96  libspace.o(.bss)
    __temporary_stack_top$libspace           0x200063d8   Data           0  libspace.o(.bss)



==============================================================================

Memory Map of the image

  Image Entry point : 0x080001ad

  Load Region LR_IROM1 (Base: 0x08000000, Size: 0x0000e9f8, Max: 0x00200000, ABSOLUTE, COMPRESSED[0x0000e830])

    Execution Region ER_IROM1 (Exec base: 0x08000000, Load base: 0x08000000, Size: 0x0000e7c4, Max: 0x00200000, ABSOLUTE)

    Exec Addr    Load Addr    Size         Type   Attr      Idx    E Section Name        Object

    0x08000000   0x08000000   0x000001ac   Data   RO         2387    RESET               startup_stm32f427xx.o
    0x080001ac   0x080001ac   0x00000008   Code   RO         8471  * !!!main             c_w.l(__main.o)
    0x080001b4   0x080001b4   0x00000034   Code   RO         8746    !!!scatter          c_w.l(__scatter.o)
    0x080001e8   0x080001e8   0x0000005a   Code   RO         8744    !!dczerorl2         c_w.l(__dczerorl2.o)
    0x08000242   0x08000242   0x00000002   PAD
    0x08000244   0x08000244   0x0000001c   Code   RO         8748    !!handler_zi        c_w.l(__scatter_zi.o)
    0x08000260   0x08000260   0x00000002   Code   RO         8617    .ARM.Collect$$libinit$$00000000  c_w.l(libinit.o)
    0x08000262   0x08000262   0x00000004   Code   RO         8626    .ARM.Collect$$libinit$$00000001  c_w.l(libinit2.o)
    0x08000266   0x08000266   0x00000000   Code   RO         8629    .ARM.Collect$$libinit$$00000004  c_w.l(libinit2.o)
    0x08000266   0x08000266   0x00000000   Code   RO         8632    .ARM.Collect$$libinit$$0000000A  c_w.l(libinit2.o)
    0x08000266   0x08000266   0x00000000   Code   RO         8634    .ARM.Collect$$libinit$$0000000C  c_w.l(libinit2.o)
    0x08000266   0x08000266   0x00000000   Code   RO         8636    .ARM.Collect$$libinit$$0000000E  c_w.l(libinit2.o)
    0x08000266   0x08000266   0x00000000   Code   RO         8639    .ARM.Collect$$libinit$$00000011  c_w.l(libinit2.o)
    0x08000266   0x08000266   0x00000000   Code   RO         8641    .ARM.Collect$$libinit$$00000013  c_w.l(libinit2.o)
    0x08000266   0x08000266   0x00000000   Code   RO         8643    .ARM.Collect$$libinit$$00000015  c_w.l(libinit2.o)
    0x08000266   0x08000266   0x00000000   Code   RO         8645    .ARM.Collect$$libinit$$00000017  c_w.l(libinit2.o)
    0x08000266   0x08000266   0x00000000   Code   RO         8647    .ARM.Collect$$libinit$$00000019  c_w.l(libinit2.o)
    0x08000266   0x08000266   0x00000000   Code   RO         8649    .ARM.Collect$$libinit$$0000001B  c_w.l(libinit2.o)
    0x08000266   0x08000266   0x00000000   Code   RO         8651    .ARM.Collect$$libinit$$0000001D  c_w.l(libinit2.o)
    0x08000266   0x08000266   0x00000000   Code   RO         8653    .ARM.Collect$$libinit$$0000001F  c_w.l(libinit2.o)
    0x08000266   0x08000266   0x00000000   Code   RO         8655    .ARM.Collect$$libinit$$00000021  c_w.l(libinit2.o)
    0x08000266   0x08000266   0x00000000   Code   RO         8657    .ARM.Collect$$libinit$$00000023  c_w.l(libinit2.o)
    0x08000266   0x08000266   0x00000000   Code   RO         8659    .ARM.Collect$$libinit$$00000025  c_w.l(libinit2.o)
    0x08000266   0x08000266   0x00000000   Code   RO         8663    .ARM.Collect$$libinit$$0000002C  c_w.l(libinit2.o)
    0x08000266   0x08000266   0x00000000   Code   RO         8665    .ARM.Collect$$libinit$$0000002E  c_w.l(libinit2.o)
    0x08000266   0x08000266   0x00000000   Code   RO         8667    .ARM.Collect$$libinit$$00000030  c_w.l(libinit2.o)
    0x08000266   0x08000266   0x00000000   Code   RO         8669    .ARM.Collect$$libinit$$00000032  c_w.l(libinit2.o)
    0x08000266   0x08000266   0x00000002   Code   RO         8670    .ARM.Collect$$libinit$$00000033  c_w.l(libinit2.o)
    0x08000268   0x08000268   0x00000002   Code   RO         8701    .ARM.Collect$$libshutdown$$00000000  c_w.l(libshutdown.o)
    0x0800026a   0x0800026a   0x00000000   Code   RO         8727    .ARM.Collect$$libshutdown$$00000002  c_w.l(libshutdown2.o)
    0x0800026a   0x0800026a   0x00000000   Code   RO         8729    .ARM.Collect$$libshutdown$$00000004  c_w.l(libshutdown2.o)
    0x0800026a   0x0800026a   0x00000000   Code   RO         8732    .ARM.Collect$$libshutdown$$00000007  c_w.l(libshutdown2.o)
    0x0800026a   0x0800026a   0x00000000   Code   RO         8735    .ARM.Collect$$libshutdown$$0000000A  c_w.l(libshutdown2.o)
    0x0800026a   0x0800026a   0x00000000   Code   RO         8737    .ARM.Collect$$libshutdown$$0000000C  c_w.l(libshutdown2.o)
    0x0800026a   0x0800026a   0x00000000   Code   RO         8740    .ARM.Collect$$libshutdown$$0000000F  c_w.l(libshutdown2.o)
    0x0800026a   0x0800026a   0x00000002   Code   RO         8741    .ARM.Collect$$libshutdown$$00000010  c_w.l(libshutdown2.o)
    0x0800026c   0x0800026c   0x00000000   Code   RO         8521    .ARM.Collect$$rtentry$$00000000  c_w.l(__rtentry.o)
    0x0800026c   0x0800026c   0x00000000   Code   RO         8572    .ARM.Collect$$rtentry$$00000002  c_w.l(__rtentry2.o)
    0x0800026c   0x0800026c   0x00000006   Code   RO         8584    .ARM.Collect$$rtentry$$00000004  c_w.l(__rtentry4.o)
    0x08000272   0x08000272   0x00000000   Code   RO         8574    .ARM.Collect$$rtentry$$00000009  c_w.l(__rtentry2.o)
    0x08000272   0x08000272   0x00000004   Code   RO         8575    .ARM.Collect$$rtentry$$0000000A  c_w.l(__rtentry2.o)
    0x08000276   0x08000276   0x00000000   Code   RO         8577    .ARM.Collect$$rtentry$$0000000C  c_w.l(__rtentry2.o)
    0x08000276   0x08000276   0x00000008   Code   RO         8578    .ARM.Collect$$rtentry$$0000000D  c_w.l(__rtentry2.o)
    0x0800027e   0x0800027e   0x00000002   Code   RO         8618    .ARM.Collect$$rtexit$$00000000  c_w.l(rtexit.o)
    0x08000280   0x08000280   0x00000000   Code   RO         8674    .ARM.Collect$$rtexit$$00000002  c_w.l(rtexit2.o)
    0x08000280   0x08000280   0x00000004   Code   RO         8675    .ARM.Collect$$rtexit$$00000003  c_w.l(rtexit2.o)
    0x08000284   0x08000284   0x00000006   Code   RO         8676    .ARM.Collect$$rtexit$$00000004  c_w.l(rtexit2.o)
    0x0800028a   0x0800028a   0x00000002   PAD
    0x0800028c   0x0800028c   0x000000be   Code   RO         7980    .emb_text           port.o
    0x0800034a   0x0800034a   0x00000002   PAD
    0x0800034c   0x0800034c   0x00000040   Code   RO         2388    .text               startup_stm32f427xx.o
    0x0800038c   0x0800038c   0x000000ee   Code   RO         8457    .text               c_w.l(lludivv7m.o)
    0x0800047a   0x0800047a   0x00000048   Code   RO         8459    .text               c_w.l(llsdiv.o)
    0x080004c2   0x080004c2   0x0000008a   Code   RO         8461    .text               c_w.l(rt_memcpy_v6.o)
    0x0800054c   0x0800054c   0x00000064   Code   RO         8463    .text               c_w.l(rt_memcpy_w.o)
    0x080005b0   0x080005b0   0x0000004e   Code   RO         8467    .text               c_w.l(rt_memclr_w.o)
    0x080005fe   0x080005fe   0x00000006   Code   RO         8469    .text               c_w.l(heapauxi.o)
    0x08000604   0x08000604   0x00000016   Code   RO         8526    .text               c_w.l(_rserrno.o)
    0x0800061a   0x0800061a   0x00000002   PAD
    0x0800061c   0x0800061c   0x00000008   Code   RO         8591    .text               c_w.l(rt_errno_addr_intlibspace.o)
    0x08000624   0x08000624   0x00000008   Code   RO         8601    .text               c_w.l(libspace.o)
    0x0800062c   0x0800062c   0x0000004a   Code   RO         8604    .text               c_w.l(sys_stackheap_outer.o)
    0x08000676   0x08000676   0x00000012   Code   RO         8606    .text               c_w.l(exit.o)
    0x08000688   0x08000688   0x0000000c   Code   RO         8671    .text               c_w.l(sys_exit.o)
    0x08000694   0x08000694   0x00000002   Code   RO         8690    .text               c_w.l(use_no_semi.o)
    0x08000696   0x08000696   0x00000000   Code   RO         8692    .text               c_w.l(indicate_semi.o)
    0x08000696   0x08000696   0x00000002   PAD
    0x08000698   0x08000698   0x0000004c   Code   RO         1511    i.Angle_Limit       motion_motor.o
    0x080006e4   0x080006e4   0x0000003c   Code   RO         1512    i.ArmMotor_CMD      motion_motor.o
    0x08000720   0x08000720   0x000000f4   Code   RO         1513    i.ArmMotor_Init     motion_motor.o
    0x08000814   0x08000814   0x00000048   Code   RO         1514    i.ArmMotor_Online_Check  motion_motor.o
    0x0800085c   0x0800085c   0x00000064   Code   RO         1515    i.ArmRollMotor_Control  motion_motor.o
    0x080008c0   0x080008c0   0x000000c0   Code   RO         1516    i.ArmYaw_Motor_AngleInit  motion_motor.o
    0x08000980   0x08000980   0x00000044   Code   RO         1517    i.Arm_Pid_Clear     motion_motor.o
    0x080009c4   0x080009c4   0x0000003c   Code   RO         1781    i.Auto_Back_Arm     motion_pick.o
    0x08000a00   0x08000a00   0x000000a0   Code   RO         1782    i.Auto_HoldBackStore_Arm  motion_pick.o
    0x08000aa0   0x08000aa0   0x000000cc   Code   RO         1783    i.Auto_Hold_Gold_Sky  motion_pick.o
    0x08000b6c   0x08000b6c   0x00000038   Code   RO         1784    i.Auto_Hold_Ground_Arm  motion_pick.o
    0x08000ba4   0x08000ba4   0x00000014   Code   RO         1785    i.Auto_Hold_Silver_Arm  motion_pick.o
    0x08000bb8   0x08000bb8   0x000000b8   Code   RO         1786    i.Auto_Hold_Silver_Sky  motion_pick.o
    0x08000c70   0x08000c70   0x00000050   Code   RO         1787    i.Auto_Hold_Sky     motion_pick.o
    0x08000cc0   0x08000cc0   0x000001b4   Code   RO         1788    i.Auto_Pick_Silver_Arm  motion_pick.o
    0x08000e74   0x08000e74   0x000001b4   Code   RO         1789    i.Auto_Rotate_Sky   motion_pick.o
    0x08001028   0x08001028   0x00000174   Code   RO         1790    i.Auto_Sky_Sky      motion_pick.o
    0x0800119c   0x0800119c   0x00000170   Code   RO         1791    i.Auto_Store_Arm    motion_pick.o
    0x0800130c   0x0800130c   0x00000168   Code   RO         1792    i.Auto_Take_Arm     motion_pick.o
    0x08001474   0x08001474   0x0000004c   Code   RO         2179    i.BSP_Init          task_init.o
    0x080014c0   0x080014c0   0x00000030   Code   RO          654    i.BSP_Init_DMR4315Comm  dm_r_4315_comm.o
    0x080014f0   0x080014f0   0x00000030   Code   RO          958    i.BSP_Init_MG4005Comm  mg4005_comm.o
    0x08001520   0x08001520   0x00000048   Code   RO         1065    i.BSP_Init_RemoteControl  remotecontrol_comm.o
    0x08001568   0x08001568   0x0000002c   Code   RO         1202    i.BSP_Init_UartComm  uart_comm.o
    0x08001594   0x08001594   0x00000054   Code   RO         1453    i.BSP_Init_WT931    wt931_gyro.o
    0x080015e8   0x080015e8   0x00000002   Code   RO         2726    i.BusFault_Handler  stm32f4xx_it.o
    0x080015ea   0x080015ea   0x00000002   PAD
    0x080015ec   0x080015ec   0x0000000c   Code   RO         2727    i.CAN1_RX0_IRQHandler  stm32f4xx_it.o
    0x080015f8   0x080015f8   0x0000000c   Code   RO         2728    i.CAN2_RX1_IRQHandler  stm32f4xx_it.o
    0x08001604   0x08001604   0x00000034   Code   RO         2139    i.CANTransmit       task_can.o
    0x08001638   0x08001638   0x00000050   Code   RO         1249    i.CAN_Init          user_can.o
    0x08001688   0x08001688   0x00000020   Code   RO         1250    i.CAN_Recieve       user_can.o
    0x080016a8   0x080016a8   0x00000034   Code   RO          285    i.CRC16_Modbus_Cal  dm_r_4315.o
    0x080016dc   0x080016dc   0x00000044   Code   RO          286    i.CRC16_Modbus_Check  dm_r_4315.o
    0x08001720   0x08001720   0x0000005c   Code   RO         1251    i.Can1Received_infoHandle  user_can.o
    0x0800177c   0x0800177c   0x00000050   Code   RO         1252    i.Can2Received_infoHandle  user_can.o
    0x080017cc   0x080017cc   0x00000018   Code   RO         1068    i.CleanSwTrigger    remotecontrol_comm.o
    0x080017e4   0x080017e4   0x00000018   Code   RO         2251    i.ControlMode_Update  task_statemachine.o
    0x080017fc   0x080017fc   0x00000154   Code   RO          246    i.DIJMotor_AngleHandle  dij_motor.o
    0x08001950   0x08001950   0x0000004c   Code   RO          247    i.DIJMotor_ParaHandle  dij_motor.o
    0x0800199c   0x0800199c   0x0000000c   Code   RO         2729    i.DMA1_Stream1_IRQHandler  stm32f4xx_it.o
    0x080019a8   0x080019a8   0x0000000c   Code   RO         2730    i.DMA1_Stream3_IRQHandler  stm32f4xx_it.o
    0x080019b4   0x080019b4   0x0000000c   Code   RO         2731    i.DMA1_Stream4_IRQHandler  stm32f4xx_it.o
    0x080019c0   0x080019c0   0x0000000c   Code   RO         2732    i.DMA1_Stream5_IRQHandler  stm32f4xx_it.o
    0x080019cc   0x080019cc   0x0000000c   Code   RO         2733    i.DMA1_Stream6_IRQHandler  stm32f4xx_it.o
    0x080019d8   0x080019d8   0x0000000c   Code   RO         2734    i.DMA2_Stream1_IRQHandler  stm32f4xx_it.o
    0x080019e4   0x080019e4   0x0000000c   Code   RO         2735    i.DMA2_Stream2_IRQHandler  stm32f4xx_it.o
    0x080019f0   0x080019f0   0x0000000c   Code   RO         2736    i.DMA2_Stream5_IRQHandler  stm32f4xx_it.o
    0x080019fc   0x080019fc   0x0000000c   Code   RO         2737    i.DMA2_Stream6_IRQHandler  stm32f4xx_it.o
    0x08001a08   0x08001a08   0x00000028   Code   RO         4467    i.DMA_CalcBaseAndBitshift  stm32f4xx_hal_dma.o
    0x08001a30   0x08001a30   0x00000054   Code   RO         4468    i.DMA_CheckFifoParam  stm32f4xx_hal_dma.o
    0x08001a84   0x08001a84   0x0000001e   Code   RO         4426    i.DMA_MultiBufferSetConfig  stm32f4xx_hal_dma_ex.o
    0x08001aa2   0x08001aa2   0x00000028   Code   RO         4469    i.DMA_SetConfig     stm32f4xx_hal_dma.o
    0x08001aca   0x08001aca   0x00000002   PAD
    0x08001acc   0x08001acc   0x000000f8   Code   RO         1366    i.DMJ4310_infoHandle  dm_j4310.o
    0x08001bc4   0x08001bc4   0x00000034   Code   RO         1367    i.DMJ4310_motorClose  dm_j4310.o
    0x08001bf8   0x08001bf8   0x00000034   Code   RO         1368    i.DMJ4310_motorOpen  dm_j4310.o
    0x08001c2c   0x08001c2c   0x00000064   Code   RO         1369    i.DMJ4310_speedpositionControl  dm_j4310.o
    0x08001c90   0x08001c90   0x00000050   Code   RO          655    i.DMR4315Comm_CallBack  dm_r_4315_comm.o
    0x08001ce0   0x08001ce0   0x00000014   Code   RO          289    i.DMR4315_basepointHandle  dm_r_4315.o
    0x08001cf4   0x08001cf4   0x00000118   Code   RO          656    i.DMR4315_dataHandle  dm_r_4315_comm.o
    0x08001e0c   0x08001e0c   0x000000a4   Code   RO          292    i.DMR4315_encoderDataHandle  dm_r_4315.o
    0x08001eb0   0x08001eb0   0x0000000c   Code   RO          296    i.DMR4315_infoHandle  dm_r_4315.o
    0x08001ebc   0x08001ebc   0x00000044   Code   RO          299    i.DMR4315_openloopControl  dm_r_4315.o
    0x08001f00   0x08001f00   0x000000cc   Code   RO          302    i.DMR4315_realtimeDataHandle  dm_r_4315.o
    0x08001fcc   0x08001fcc   0x00000058   Code   RO          304    i.DMR4315_realtimeStateHandle  dm_r_4315.o
    0x08002024   0x08002024   0x00000034   Code   RO          307    i.DMR4315_speedpositionClosedloopHandle  dm_r_4315.o
    0x08002058   0x08002058   0x000000ac   Code   RO          310    i.DMR4315_systemParaHandle  dm_r_4315.o
    0x08002104   0x08002104   0x00000002   Code   RO         2738    i.DebugMon_Handler  stm32f4xx_it.o
    0x08002106   0x08002106   0x00000034   Code   RO         1426    i.Encoder_DataHandler  jy_me02.o
    0x0800213a   0x0800213a   0x00000004   Code   RO         2395    i.Error_Handler     main.o
    0x0800213e   0x0800213e   0x00000002   PAD
    0x08002140   0x08002140   0x000000b8   Code   RO         1793    i.Exchange_to_Pick_Arm  motion_pick.o
    0x080021f8   0x080021f8   0x00000094   Code   RO         1794    i.Exchange_to_Pick_Sky  motion_pick.o
    0x0800228c   0x0800228c   0x00000294   Code   RO         1303    i.Following_Lamp    ws2812.o
    0x08002520   0x08002520   0x00000030   Code   RO         1518    i.ForwardMotor_BlockDetect  motion_motor.o
    0x08002550   0x08002550   0x00000038   Code   RO         1519    i.FreeWheelBlock    motion_motor.o
    0x08002588   0x08002588   0x0000000c   Code   RO         2252    i.GetControlMode    task_statemachine.o
    0x08002594   0x08002594   0x0000000c   Code   RO         2253    i.GetMainState      task_statemachine.o
    0x080025a0   0x080025a0   0x0000000c   Code   RO         2254    i.GetPCMode         task_statemachine.o
    0x080025ac   0x080025ac   0x0000000c   Code   RO         2255    i.GetSubState       task_statemachine.o
    0x080025b8   0x080025b8   0x00000068   Code   RO         1072    i.Get_Channel_Value  remotecontrol_comm.o
    0x08002620   0x08002620   0x000000d0   Code   RO         1074    i.Get_KeyBoard_Value  remotecontrol_comm.o
    0x080026f0   0x080026f0   0x00000034   Code   RO         1077    i.Get_Mouse_Speed   remotecontrol_comm.o
    0x08002724   0x08002724   0x0000002c   Code   RO         1078    i.Get_Mouse_State   remotecontrol_comm.o
    0x08002750   0x08002750   0x0000002c   Code   RO         1079    i.Get_Switch_Value  remotecontrol_comm.o
    0x0800277c   0x0800277c   0x000000b8   Code   RO         1520    i.GimbalMotor_Control  motion_motor.o
    0x08002834   0x08002834   0x00000024   Code   RO         5171    i.HAL_CAN_ActivateNotification  stm32f4xx_hal_can.o
    0x08002858   0x08002858   0x000000c8   Code   RO         5172    i.HAL_CAN_AddTxMessage  stm32f4xx_hal_can.o
    0x08002920   0x08002920   0x0000010c   Code   RO         5173    i.HAL_CAN_ConfigFilter  stm32f4xx_hal_can.o
    0x08002a2c   0x08002a2c   0x00000002   Code   RO         5176    i.HAL_CAN_ErrorCallback  stm32f4xx_hal_can.o
    0x08002a2e   0x08002a2e   0x000000e8   Code   RO         5179    i.HAL_CAN_GetRxMessage  stm32f4xx_hal_can.o
    0x08002b16   0x08002b16   0x000001fc   Code   RO         5183    i.HAL_CAN_IRQHandler  stm32f4xx_hal_can.o
    0x08002d12   0x08002d12   0x0000011a   Code   RO         5184    i.HAL_CAN_Init      stm32f4xx_hal_can.o
    0x08002e2c   0x08002e2c   0x000000fc   Code   RO         2534    i.HAL_CAN_MspInit   can.o
    0x08002f28   0x08002f28   0x00000002   Code   RO         5191    i.HAL_CAN_RxFifo0FullCallback  stm32f4xx_hal_can.o
    0x08002f2a   0x08002f2a   0x00000002   PAD
    0x08002f2c   0x08002f2c   0x00000020   Code   RO         1253    i.HAL_CAN_RxFifo0MsgPendingCallback  user_can.o
    0x08002f4c   0x08002f4c   0x00000002   Code   RO         5193    i.HAL_CAN_RxFifo1FullCallback  stm32f4xx_hal_can.o
    0x08002f4e   0x08002f4e   0x00000002   PAD
    0x08002f50   0x08002f50   0x00000020   Code   RO         1254    i.HAL_CAN_RxFifo1MsgPendingCallback  user_can.o
    0x08002f70   0x08002f70   0x00000002   Code   RO         5195    i.HAL_CAN_SleepCallback  stm32f4xx_hal_can.o
    0x08002f72   0x08002f72   0x00000002   PAD
    0x08002f74   0x08002f74   0x00000058   Code   RO         5196    i.HAL_CAN_Start     stm32f4xx_hal_can.o
    0x08002fcc   0x08002fcc   0x00000002   Code   RO         5198    i.HAL_CAN_TxMailbox0AbortCallback  stm32f4xx_hal_can.o
    0x08002fce   0x08002fce   0x00000002   Code   RO         5199    i.HAL_CAN_TxMailbox0CompleteCallback  stm32f4xx_hal_can.o
    0x08002fd0   0x08002fd0   0x00000002   Code   RO         5200    i.HAL_CAN_TxMailbox1AbortCallback  stm32f4xx_hal_can.o
    0x08002fd2   0x08002fd2   0x00000002   Code   RO         5201    i.HAL_CAN_TxMailbox1CompleteCallback  stm32f4xx_hal_can.o
    0x08002fd4   0x08002fd4   0x00000002   Code   RO         5202    i.HAL_CAN_TxMailbox2AbortCallback  stm32f4xx_hal_can.o
    0x08002fd6   0x08002fd6   0x00000002   Code   RO         5203    i.HAL_CAN_TxMailbox2CompleteCallback  stm32f4xx_hal_can.o
    0x08002fd8   0x08002fd8   0x00000002   Code   RO         5205    i.HAL_CAN_WakeUpFromRxMsgCallback  stm32f4xx_hal_can.o
    0x08002fda   0x08002fda   0x00000064   Code   RO         4428    i.HAL_DMAEx_MultiBufferStart  stm32f4xx_hal_dma_ex.o
    0x0800303e   0x0800303e   0x00000092   Code   RO         4470    i.HAL_DMA_Abort     stm32f4xx_hal_dma.o
    0x080030d0   0x080030d0   0x00000024   Code   RO         4471    i.HAL_DMA_Abort_IT  stm32f4xx_hal_dma.o
    0x080030f4   0x080030f4   0x000001a0   Code   RO         4475    i.HAL_DMA_IRQHandler  stm32f4xx_hal_dma.o
    0x08003294   0x08003294   0x000000d4   Code   RO         4476    i.HAL_DMA_Init      stm32f4xx_hal_dma.o
    0x08003368   0x08003368   0x0000006e   Code   RO         4480    i.HAL_DMA_Start_IT  stm32f4xx_hal_dma.o
    0x080033d6   0x080033d6   0x00000002   PAD
    0x080033d8   0x080033d8   0x00000024   Code   RO         4907    i.HAL_Delay         stm32f4xx_hal.o
    0x080033fc   0x080033fc   0x00000234   Code   RO         4363    i.HAL_GPIO_Init     stm32f4xx_hal_gpio.o
    0x08003630   0x08003630   0x0000000a   Code   RO         4367    i.HAL_GPIO_WritePin  stm32f4xx_hal_gpio.o
    0x0800363a   0x0800363a   0x00000002   PAD
    0x0800363c   0x0800363c   0x0000000c   Code   RO         4915    i.HAL_GetTick       stm32f4xx_hal.o
    0x08003648   0x08003648   0x00000010   Code   RO         4921    i.HAL_IncTick       stm32f4xx_hal.o
    0x08003658   0x08003658   0x00000034   Code   RO         4922    i.HAL_Init          stm32f4xx_hal.o
    0x0800368c   0x0800368c   0x00000098   Code   RO         2934    i.HAL_InitTick      stm32f4xx_hal_timebase_tim.o
    0x08003724   0x08003724   0x00000038   Code   RO         2910    i.HAL_MspInit       stm32f4xx_hal_msp.o
    0x0800375c   0x0800375c   0x0000001a   Code   RO         4770    i.HAL_NVIC_EnableIRQ  stm32f4xx_hal_cortex.o
    0x08003776   0x08003776   0x00000002   PAD
    0x08003778   0x08003778   0x00000040   Code   RO         4776    i.HAL_NVIC_SetPriority  stm32f4xx_hal_cortex.o
    0x080037b8   0x080037b8   0x00000024   Code   RO         4777    i.HAL_NVIC_SetPriorityGrouping  stm32f4xx_hal_cortex.o
    0x080037dc   0x080037dc   0x00000002   Code   RO         3610    i.HAL_PCDEx_LPM_Callback  stm32f4xx_hal_pcd_ex.o
    0x080037de   0x080037de   0x00000008   Code   RO         3164    i.HAL_PCD_ConnectCallback  usbd_conf.o
    0x080037e6   0x080037e6   0x00000012   Code   RO         3165    i.HAL_PCD_DataInStageCallback  usbd_conf.o
    0x080037f8   0x080037f8   0x00000014   Code   RO         3166    i.HAL_PCD_DataOutStageCallback  usbd_conf.o
    0x0800380c   0x0800380c   0x00000008   Code   RO         3167    i.HAL_PCD_DisconnectCallback  usbd_conf.o
    0x08003814   0x08003814   0x0000001e   Code   RO         3380    i.HAL_PCD_EP_Abort  stm32f4xx_hal_pcd.o
    0x08003832   0x08003832   0x0000005c   Code   RO         3382    i.HAL_PCD_EP_ClrStall  stm32f4xx_hal_pcd.o
    0x0800388e   0x0800388e   0x00000060   Code   RO         3385    i.HAL_PCD_EP_Open   stm32f4xx_hal_pcd.o
    0x080038ee   0x080038ee   0x00000048   Code   RO         3386    i.HAL_PCD_EP_Receive  stm32f4xx_hal_pcd.o
    0x08003936   0x08003936   0x00000074   Code   RO         3387    i.HAL_PCD_EP_SetStall  stm32f4xx_hal_pcd.o
    0x080039aa   0x080039aa   0x00000040   Code   RO         3388    i.HAL_PCD_EP_Transmit  stm32f4xx_hal_pcd.o
    0x080039ea   0x080039ea   0x00000002   PAD
    0x080039ec   0x080039ec   0x00000560   Code   RO         3390    i.HAL_PCD_IRQHandler  stm32f4xx_hal_pcd.o
    0x08003f4c   0x08003f4c   0x00000008   Code   RO         3168    i.HAL_PCD_ISOINIncompleteCallback  usbd_conf.o
    0x08003f54   0x08003f54   0x00000008   Code   RO         3169    i.HAL_PCD_ISOOUTIncompleteCallback  usbd_conf.o
    0x08003f5c   0x08003f5c   0x0000002c   Code   RO         3172    i.HAL_PCD_ResetCallback  usbd_conf.o
    0x08003f88   0x08003f88   0x00000008   Code   RO         3173    i.HAL_PCD_ResumeCallback  usbd_conf.o
    0x08003f90   0x08003f90   0x00000008   Code   RO         3174    i.HAL_PCD_SOFCallback  usbd_conf.o
    0x08003f98   0x08003f98   0x00000028   Code   RO         3399    i.HAL_PCD_SetAddress  stm32f4xx_hal_pcd.o
    0x08003fc0   0x08003fc0   0x0000000e   Code   RO         3175    i.HAL_PCD_SetupStageCallback  usbd_conf.o
    0x08003fce   0x08003fce   0x00000002   PAD
    0x08003fd0   0x08003fd0   0x00000030   Code   RO         3176    i.HAL_PCD_SuspendCallback  usbd_conf.o
    0x08004000   0x08004000   0x00000134   Code   RO         3957    i.HAL_RCC_ClockConfig  stm32f4xx_hal_rcc.o
    0x08004134   0x08004134   0x00000040   Code   RO         3961    i.HAL_RCC_GetClockConfig  stm32f4xx_hal_rcc.o
    0x08004174   0x08004174   0x0000000c   Code   RO         3962    i.HAL_RCC_GetHCLKFreq  stm32f4xx_hal_rcc.o
    0x08004180   0x08004180   0x00000020   Code   RO         3964    i.HAL_RCC_GetPCLK1Freq  stm32f4xx_hal_rcc.o
    0x080041a0   0x080041a0   0x00000020   Code   RO         3965    i.HAL_RCC_GetPCLK2Freq  stm32f4xx_hal_rcc.o
    0x080041c0   0x080041c0   0x00000064   Code   RO         3966    i.HAL_RCC_GetSysClockFreq  stm32f4xx_hal_rcc.o
    0x08004224   0x08004224   0x0000036c   Code   RO         3969    i.HAL_RCC_OscConfig  stm32f4xx_hal_rcc.o
    0x08004590   0x08004590   0x00000002   Code   RO         6110    i.HAL_TIMEx_BreakCallback  stm32f4xx_hal_tim_ex.o
    0x08004592   0x08004592   0x00000002   Code   RO         6111    i.HAL_TIMEx_CommutCallback  stm32f4xx_hal_tim_ex.o
    0x08004594   0x08004594   0x00000054   Code   RO         6113    i.HAL_TIMEx_ConfigBreakDeadTime  stm32f4xx_hal_tim_ex.o
    0x080045e8   0x080045e8   0x00000090   Code   RO         6129    i.HAL_TIMEx_MasterConfigSynchronization  stm32f4xx_hal_tim_ex.o
    0x08004678   0x08004678   0x0000005a   Code   RO         5406    i.HAL_TIM_Base_Init  stm32f4xx_hal_tim.o
    0x080046d2   0x080046d2   0x00000002   PAD
    0x080046d4   0x080046d4   0x00000090   Code   RO         2607    i.HAL_TIM_Base_MspInit  tim.o
    0x08004764   0x08004764   0x00000080   Code   RO         5411    i.HAL_TIM_Base_Start_IT  stm32f4xx_hal_tim.o
    0x080047e4   0x080047e4   0x000000dc   Code   RO         5415    i.HAL_TIM_ConfigClockSource  stm32f4xx_hal_tim.o
    0x080048c0   0x080048c0   0x00000002   Code   RO         5436    i.HAL_TIM_ErrorCallback  stm32f4xx_hal_tim.o
    0x080048c2   0x080048c2   0x00000002   Code   RO         5440    i.HAL_TIM_IC_CaptureCallback  stm32f4xx_hal_tim.o
    0x080048c4   0x080048c4   0x00000166   Code   RO         5454    i.HAL_TIM_IRQHandler  stm32f4xx_hal_tim.o
    0x08004a2a   0x08004a2a   0x00000002   PAD
    0x08004a2c   0x08004a2c   0x00000054   Code   RO         2608    i.HAL_TIM_MspPostInit  tim.o
    0x08004a80   0x08004a80   0x00000002   Code   RO         5457    i.HAL_TIM_OC_DelayElapsedCallback  stm32f4xx_hal_tim.o
    0x08004a82   0x08004a82   0x000000cc   Code   RO         5478    i.HAL_TIM_PWM_ConfigChannel  stm32f4xx_hal_tim.o
    0x08004b4e   0x08004b4e   0x0000005a   Code   RO         5481    i.HAL_TIM_PWM_Init  stm32f4xx_hal_tim.o
    0x08004ba8   0x08004ba8   0x00000002   Code   RO         5483    i.HAL_TIM_PWM_MspInit  stm32f4xx_hal_tim.o
    0x08004baa   0x08004baa   0x00000002   PAD
    0x08004bac   0x08004bac   0x0000000c   Code   RO         1304    i.HAL_TIM_PWM_PulseFinishedCallback  ws2812.o
    0x08004bb8   0x08004bb8   0x00000002   Code   RO         5485    i.HAL_TIM_PWM_PulseFinishedHalfCpltCallback  stm32f4xx_hal_tim.o
    0x08004bba   0x08004bba   0x00000002   PAD
    0x08004bbc   0x08004bbc   0x000001bc   Code   RO         5487    i.HAL_TIM_PWM_Start_DMA  stm32f4xx_hal_tim.o
    0x08004d78   0x08004d78   0x000000cc   Code   RO         5490    i.HAL_TIM_PWM_Stop_DMA  stm32f4xx_hal_tim.o
    0x08004e44   0x08004e44   0x0000000e   Code   RO         2396    i.HAL_TIM_PeriodElapsedCallback  main.o
    0x08004e52   0x08004e52   0x00000002   Code   RO         5497    i.HAL_TIM_TriggerCallback  stm32f4xx_hal_tim.o
    0x08004e54   0x08004e54   0x00000002   Code   RO         6388    i.HAL_UARTEx_RxEventCallback  stm32f4xx_hal_uart.o
    0x08004e56   0x08004e56   0x00000070   Code   RO         6400    i.HAL_UART_DMAStop  stm32f4xx_hal_uart.o
    0x08004ec6   0x08004ec6   0x00000002   Code   RO         6402    i.HAL_UART_ErrorCallback  stm32f4xx_hal_uart.o
    0x08004ec8   0x08004ec8   0x00000268   Code   RO         6405    i.HAL_UART_IRQHandler  stm32f4xx_hal_uart.o
    0x08005130   0x08005130   0x00000062   Code   RO         6406    i.HAL_UART_Init     stm32f4xx_hal_uart.o
    0x08005192   0x08005192   0x00000002   PAD
    0x08005194   0x08005194   0x0000041c   Code   RO         2655    i.HAL_UART_MspInit  usart.o
    0x080055b0   0x080055b0   0x0000002a   Code   RO         6410    i.HAL_UART_Receive_DMA  stm32f4xx_hal_uart.o
    0x080055da   0x080055da   0x00000002   Code   RO         6412    i.HAL_UART_RxCpltCallback  stm32f4xx_hal_uart.o
    0x080055dc   0x080055dc   0x00000002   Code   RO         6413    i.HAL_UART_RxHalfCpltCallback  stm32f4xx_hal_uart.o
    0x080055de   0x080055de   0x00000002   PAD
    0x080055e0   0x080055e0   0x000000b2   Code   RO         6414    i.HAL_UART_Transmit  stm32f4xx_hal_uart.o
    0x08005692   0x08005692   0x00000002   Code   RO         6417    i.HAL_UART_TxCpltCallback  stm32f4xx_hal_uart.o
    0x08005694   0x08005694   0x00000002   Code   RO         2739    i.HardFault_Handler  stm32f4xx_it.o
    0x08005696   0x08005696   0x00000002   PAD
    0x08005698   0x08005698   0x000001a4   Code   RO         2257    i.Key_Update        task_statemachine.o
    0x0800583c   0x0800583c   0x000000d4   Code   RO         2258    i.LEDUI_Update      task_statemachine.o
    0x08005910   0x08005910   0x0000016c   Code   RO         1961    i.MCU_Control_CMD   motion_send.o
    0x08005a7c   0x08005a7c   0x00000058   Code   RO          959    i.MG4005Comm_CallBack  mg4005_comm.o
    0x08005ad4   0x08005ad4   0x00000034   Code   RO          860    i.MG4005_AllAngle_Read  mg4005.o
    0x08005b08   0x08005b08   0x00000074   Code   RO          960    i.MG4005_DataHandle  mg4005_comm.o
    0x08005b7c   0x08005b7c   0x00000080   Code   RO          862    i.MG4005_MultiAngleMode2  mg4005.o
    0x08005bfc   0x08005bfc   0x00000098   Code   RO          867    i.MG4005_encoderDataHandle  mg4005.o
    0x08005c94   0x08005c94   0x00000044   Code   RO          868    i.MG4005_iqControl  mg4005.o
    0x08005cd8   0x08005cd8   0x00000030   Code   RO          869    i.MG4005_iqControlDataHandle  mg4005.o
    0x08005d08   0x08005d08   0x00000048   Code   RO         2535    i.MX_CAN1_Init      can.o
    0x08005d50   0x08005d50   0x00000048   Code   RO         2536    i.MX_CAN2_Init      can.o
    0x08005d98   0x08005d98   0x000000bc   Code   RO         2582    i.MX_DMA_Init       dma.o
    0x08005e54   0x08005e54   0x00000028   Code   RO         2483    i.MX_FREERTOS_Init  freertos.o
    0x08005e7c   0x08005e7c   0x00000180   Code   RO         2459    i.MX_GPIO_Init      gpio.o
    0x08005ffc   0x08005ffc   0x000000cc   Code   RO         2609    i.MX_TIM8_Init      tim.o
    0x080060c8   0x080060c8   0x00000038   Code   RO         2656    i.MX_UART7_Init     usart.o
    0x08006100   0x08006100   0x00000038   Code   RO         2657    i.MX_UART8_Init     usart.o
    0x08006138   0x08006138   0x0000003c   Code   RO         2658    i.MX_USART1_UART_Init  usart.o
    0x08006174   0x08006174   0x00000038   Code   RO         2659    i.MX_USART2_UART_Init  usart.o
    0x080061ac   0x080061ac   0x00000038   Code   RO         2660    i.MX_USART3_UART_Init  usart.o
    0x080061e4   0x080061e4   0x00000038   Code   RO         2661    i.MX_USART6_UART_Init  usart.o
    0x0800621c   0x0800621c   0x00000038   Code   RO         2259    i.MainState_Update  task_statemachine.o
    0x08006254   0x08006254   0x00000448   Code   RO         1522    i.Manual_Control    motion_motor.o
    0x0800669c   0x0800669c   0x0000013c   Code   RO         2049    i.Manual_Forward_Exchange_Arm  motion_exchange.o
    0x080067d8   0x080067d8   0x00000138   Code   RO         2050    i.Manual_Forward_Exchange_Sky  motion_exchange.o
    0x08006910   0x08006910   0x00000054   Code   RO         1795    i.Manual_Init_Pick_Arm  motion_pick.o
    0x08006964   0x08006964   0x0000005c   Code   RO         1796    i.Manual_Init_Pick_Sky  motion_pick.o
    0x080069c0   0x080069c0   0x00000034   Code   RO         2051    i.Manual_Lift_Exchange  motion_exchange.o
    0x080069f4   0x080069f4   0x0000015c   Code   RO         1797    i.Manual_Lift_Pick_Arm  motion_pick.o
    0x08006b50   0x08006b50   0x000002b0   Code   RO         1798    i.Manual_Lift_Pick_Sky  motion_pick.o
    0x08006e00   0x08006e00   0x0000007c   Code   RO         1799    i.Manual_Out_Pick_Arm  motion_pick.o
    0x08006e7c   0x08006e7c   0x0000007c   Code   RO         1800    i.Manual_Out_Pick_Sky  motion_pick.o
    0x08006ef8   0x08006ef8   0x0000013c   Code   RO         2052    i.Manual_Pitch_Exchange_Arm  motion_exchange.o
    0x08007034   0x08007034   0x000000d8   Code   RO         1801    i.Manual_Press_Pick_Arm  motion_pick.o
    0x0800710c   0x0800710c   0x000000f8   Code   RO         1802    i.Manual_Press_Pick_Sky  motion_pick.o
    0x08007204   0x08007204   0x000001c4   Code   RO         2053    i.Manual_Push_Exchange_Arm  motion_exchange.o
    0x080073c8   0x080073c8   0x00000090   Code   RO         2054    i.Manual_Roll_Exchange_Arm  motion_exchange.o
    0x08007458   0x08007458   0x00000100   Code   RO         1999    i.Manual_Spin       motion_spin.o
    0x08007558   0x08007558   0x0000001c   Code   RO         1803    i.Manual_Suck_Arm   motion_pick.o
    0x08007574   0x08007574   0x0000001c   Code   RO         1804    i.Manual_Suck_Sky   motion_pick.o
    0x08007590   0x08007590   0x0000003c   Code   RO         2055    i.Manual_Sucker_Exchange_Arm  motion_exchange.o
    0x080075cc   0x080075cc   0x0000003c   Code   RO         2056    i.Manual_Sucker_Exchange_Sky  motion_exchange.o
    0x08007608   0x08007608   0x0000012c   Code   RO         2057    i.Manual_Yaw_Exchange_Arm  motion_exchange.o
    0x08007734   0x08007734   0x00000002   Code   RO         2740    i.MemManage_Handler  stm32f4xx_it.o
    0x08007736   0x08007736   0x00000002   PAD
    0x08007738   0x08007738   0x00000174   Code   RO         1524    i.MotorBlockDetect  motion_motor.o
    0x080078ac   0x080078ac   0x00000140   Code   RO         1525    i.Motor_Calibrate   motion_motor.o
    0x080079ec   0x080079ec   0x0000001a   Code   RO         2215    i.Motor_Control     task_motorcontrol.o
    0x08007a06   0x08007a06   0x00000002   PAD
    0x08007a08   0x08007a08   0x0000007e   Code   RO         1527    i.Motor_InPosition  motion_motor.o
    0x08007a86   0x08007a86   0x00000018   Code   RO          999    i.MotortypeRegister  motor.o
    0x08007a9e   0x08007a9e   0x00000002   PAD
    0x08007aa0   0x08007aa0   0x0000024c   Code   RO         2260    i.Mouse_Speed_Filter  task_statemachine.o
    0x08007cec   0x08007cec   0x00000002   Code   RO         2741    i.NMI_Handler       stm32f4xx_it.o
    0x08007cee   0x08007cee   0x00000002   PAD
    0x08007cf0   0x08007cf0   0x0000000c   Code   RO         2742    i.OTG_FS_IRQHandler  stm32f4xx_it.o
    0x08007cfc   0x08007cfc   0x000000cc   Code   RO         3406    i.PCD_EP_OutXfrComplete_int  stm32f4xx_hal_pcd.o
    0x08007dc8   0x08007dc8   0x000000a2   Code   RO         3407    i.PCD_WriteEmptyTxFifo  stm32f4xx_hal_pcd.o
    0x08007e6a   0x08007e6a   0x00000002   PAD
    0x08007e6c   0x08007e6c   0x0000012c   Code   RO         2261    i.PCMode_Update     task_statemachine.o
    0x08007f98   0x08007f98   0x00000078   Code   RO         1023    i.PID_Parameter_Init  pid.o
    0x08008010   0x08008010   0x0000003c   Code   RO         1025    i.PID_clear         pid.o
    0x0800804c   0x0800804c   0x000000d0   Code   RO         2058    i.Pick_to_Exchange_Arm  motion_exchange.o
    0x0800811c   0x0800811c   0x000000d4   Code   RO         2059    i.Pick_to_Exchange_Sky  motion_exchange.o
    0x080081f0   0x080081f0   0x00000138   Code   RO         1026    i.Pid_cal           pid.o
    0x08008328   0x08008328   0x00000038   Code   RO         1528    i.PlatformMotor_CMD  motion_motor.o
    0x08008360   0x08008360   0x00000140   Code   RO         1529    i.PlatformMotor_Control  motion_motor.o
    0x080084a0   0x080084a0   0x00000180   Code   RO         1530    i.PlatformMotor_Init  motion_motor.o
    0x08008620   0x08008620   0x000000f8   Code   RO         1531    i.PlatformMotor_Online_Check  motion_motor.o
    0x08008718   0x08008718   0x00000078   Code   RO         1532    i.Platform_Motor_AngleInit  motion_motor.o
    0x08008790   0x08008790   0x00000044   Code   RO         1533    i.Platform_Pid_Clear  motion_motor.o
    0x080087d4   0x080087d4   0x000000b4   Code   RO         1080    i.RC_IRQHandler     remotecontrol_comm.o
    0x08008888   0x08008888   0x000001ac   Code   RO         1081    i.RcDataUpdate      remotecontrol_comm.o
    0x08008a34   0x08008a34   0x0000000a   Code   RO         8219    i.SWAPBYTE          usbd_ctlreq.o
    0x08008a3e   0x08008a3e   0x00000002   PAD
    0x08008a40   0x08008a40   0x00000048   Code   RO         1534    i.Set_ArmPitch_Target  motion_motor.o
    0x08008a88   0x08008a88   0x00000024   Code   RO         1536    i.Set_ArmYaw_Target  motion_motor.o
    0x08008aac   0x08008aac   0x0000001c   Code   RO         1537    i.Set_Gimbal_Target  motion_motor.o
    0x08008ac8   0x08008ac8   0x00000048   Code   RO         1538    i.Set_Platform_Target  motion_motor.o
    0x08008b10   0x08008b10   0x00000048   Code   RO         1539    i.Set_SkyForward_Target  motion_motor.o
    0x08008b58   0x08008b58   0x00000040   Code   RO         1540    i.Set_SkyPitch_Target  motion_motor.o
    0x08008b98   0x08008b98   0x0000013c   Code   RO         1541    i.SkyForwardMotor_Control  motion_motor.o
    0x08008cd4   0x08008cd4   0x00000038   Code   RO         1542    i.SkyMotor_CMD      motion_motor.o
    0x08008d0c   0x08008d0c   0x000001ac   Code   RO         1543    i.SkyMotor_Init     motion_motor.o
    0x08008eb8   0x08008eb8   0x000000e4   Code   RO         1544    i.SkyMotor_Online_Check  motion_motor.o
    0x08008f9c   0x08008f9c   0x00000090   Code   RO         1545    i.SkyPitchMotor_Control  motion_motor.o
    0x0800902c   0x0800902c   0x00000054   Code   RO         1546    i.Sky_Pid_Clear     motion_motor.o
    0x08009080   0x08009080   0x000000c8   Code   RO         2000    i.Spin_Chassis      motion_spin.o
    0x08009148   0x08009148   0x0000010c   Code   RO         2001    i.Spin_Gimbal       motion_spin.o
    0x08009254   0x08009254   0x00000024   Code   RO         2002    i.Spin_Init         motion_spin.o
    0x08009278   0x08009278   0x00000014   Code   RO         2263    i.StateMachine_Init  task_statemachine.o
    0x0800928c   0x0800928c   0x00000034   Code   RO         2264    i.StateMachine_Update  task_statemachine.o
    0x080092c0   0x080092c0   0x00000024   Code   RO         1805    i.State_Confirm     motion_pick.o
    0x080092e4   0x080092e4   0x0000011c   Code   RO         2266    i.SubState_Update   task_statemachine.o
    0x08009400   0x08009400   0x000000ac   Code   RO         1806    i.Sucker_StateChange  motion_pick.o
    0x080094ac   0x080094ac   0x000002f4   Code   RO         2267    i.Switch_Update     task_statemachine.o
    0x080097a0   0x080097a0   0x0000002c   Code   RO         7981    i.SysTick_Handler   port.o
    0x080097cc   0x080097cc   0x00000094   Code   RO         2397    i.SystemClock_Config  main.o
    0x08009860   0x08009860   0x00000010   Code   RO         6735    i.SystemInit        system_stm32f4xx.o
    0x08009870   0x08009870   0x0000000c   Code   RO         2743    i.TIM2_IRQHandler   stm32f4xx_it.o
    0x0800987c   0x0800987c   0x0000000c   Code   RO         2744    i.TIM8_CC_IRQHandler  stm32f4xx_it.o
    0x08009888   0x08009888   0x0000000c   Code   RO         2745    i.TIM8_UP_TIM13_IRQHandler  stm32f4xx_it.o
    0x08009894   0x08009894   0x000000c8   Code   RO         5499    i.TIM_Base_SetConfig  stm32f4xx_hal_tim.o
    0x0800995c   0x0800995c   0x0000001a   Code   RO         5500    i.TIM_CCxChannelCmd  stm32f4xx_hal_tim.o
    0x08009976   0x08009976   0x0000005e   Code   RO         5503    i.TIM_DMADelayPulseCplt  stm32f4xx_hal_tim.o
    0x080099d4   0x080099d4   0x00000038   Code   RO         5504    i.TIM_DMADelayPulseHalfCplt  stm32f4xx_hal_tim.o
    0x08009a0c   0x08009a0c   0x00000054   Code   RO         5505    i.TIM_DMAError      stm32f4xx_hal_tim.o
    0x08009a60   0x08009a60   0x00000014   Code   RO         5510    i.TIM_ETR_SetConfig  stm32f4xx_hal_tim.o
    0x08009a74   0x08009a74   0x00000010   Code   RO         5511    i.TIM_ITRx_SetConfig  stm32f4xx_hal_tim.o
    0x08009a84   0x08009a84   0x00000060   Code   RO         5512    i.TIM_OC1_SetConfig  stm32f4xx_hal_tim.o
    0x08009ae4   0x08009ae4   0x0000006c   Code   RO         5513    i.TIM_OC2_SetConfig  stm32f4xx_hal_tim.o
    0x08009b50   0x08009b50   0x00000068   Code   RO         5514    i.TIM_OC3_SetConfig  stm32f4xx_hal_tim.o
    0x08009bb8   0x08009bb8   0x00000050   Code   RO         5515    i.TIM_OC4_SetConfig  stm32f4xx_hal_tim.o
    0x08009c08   0x08009c08   0x00000022   Code   RO         5517    i.TIM_TI1_ConfigInputStage  stm32f4xx_hal_tim.o
    0x08009c2a   0x08009c2a   0x00000024   Code   RO         5519    i.TIM_TI2_ConfigInputStage  stm32f4xx_hal_tim.o
    0x08009c4e   0x08009c4e   0x00000002   PAD
    0x08009c50   0x08009c50   0x00000048   Code   RO         2140    i.Task_CAN          task_can.o
    0x08009c98   0x08009c98   0x000000a8   Code   RO         2180    i.Task_Init         task_init.o
    0x08009d40   0x08009d40   0x00000200   Code   RO         2216    i.Task_MotorControl  task_motorcontrol.o
    0x08009f40   0x08009f40   0x0000039c   Code   RO         2268    i.Task_StateMachine  task_statemachine.o
    0x0800a2dc   0x0800a2dc   0x0000000c   Code   RO         2746    i.UART7_IRQHandler  stm32f4xx_it.o
    0x0800a2e8   0x0800a2e8   0x00000018   Code   RO         2747    i.UART8_IRQHandler  stm32f4xx_it.o
    0x0800a300   0x0800a300   0x00000010   Code   RO         6419    i.UART_DMAAbortOnError  stm32f4xx_hal_uart.o
    0x0800a310   0x0800a310   0x0000004a   Code   RO         6420    i.UART_DMAError     stm32f4xx_hal_uart.o
    0x0800a35a   0x0800a35a   0x00000082   Code   RO         6421    i.UART_DMAReceiveCplt  stm32f4xx_hal_uart.o
    0x0800a3dc   0x0800a3dc   0x0000001a   Code   RO         6423    i.UART_DMARxHalfCplt  stm32f4xx_hal_uart.o
    0x0800a3f6   0x0800a3f6   0x0000004e   Code   RO         6429    i.UART_EndRxTransfer  stm32f4xx_hal_uart.o
    0x0800a444   0x0800a444   0x0000001c   Code   RO         6430    i.UART_EndTxTransfer  stm32f4xx_hal_uart.o
    0x0800a460   0x0800a460   0x000000c0   Code   RO         6431    i.UART_Receive_IT   stm32f4xx_hal_uart.o
    0x0800a520   0x0800a520   0x0000010c   Code   RO         6432    i.UART_SetConfig    stm32f4xx_hal_uart.o
    0x0800a62c   0x0800a62c   0x00000094   Code   RO         6433    i.UART_Start_Receive_DMA  stm32f4xx_hal_uart.o
    0x0800a6c0   0x0800a6c0   0x00000078   Code   RO         6435    i.UART_WaitOnFlagUntilTimeout  stm32f4xx_hal_uart.o
    0x0800a738   0x0800a738   0x00000018   Code   RO         2748    i.USART1_IRQHandler  stm32f4xx_it.o
    0x0800a750   0x0800a750   0x00000018   Code   RO         2749    i.USART2_IRQHandler  stm32f4xx_it.o
    0x0800a768   0x0800a768   0x00000018   Code   RO         2750    i.USART3_IRQHandler  stm32f4xx_it.o
    0x0800a780   0x0800a780   0x00000018   Code   RO         2751    i.USART6_IRQHandler  stm32f4xx_it.o
    0x0800a798   0x0800a798   0x00000014   Code   RO         8060    i.USBD_ClrClassConfig  usbd_core.o
    0x0800a7ac   0x0800a7ac   0x00000004   Code   RO         8061    i.USBD_CoreFindEP   usbd_core.o
    0x0800a7b0   0x0800a7b0   0x00000004   Code   RO         8062    i.USBD_CoreFindIF   usbd_core.o
    0x0800a7b4   0x0800a7b4   0x00000010   Code   RO         8292    i.USBD_CtlContinueRx  usbd_ioreq.o
    0x0800a7c4   0x0800a7c4   0x00000010   Code   RO         8293    i.USBD_CtlContinueSendData  usbd_ioreq.o
    0x0800a7d4   0x0800a7d4   0x00000016   Code   RO         8220    i.USBD_CtlError     usbd_ctlreq.o
    0x0800a7ea   0x0800a7ea   0x00000016   Code   RO         8295    i.USBD_CtlReceiveStatus  usbd_ioreq.o
    0x0800a800   0x0800a800   0x0000001a   Code   RO         8296    i.USBD_CtlSendData  usbd_ioreq.o
    0x0800a81a   0x0800a81a   0x00000016   Code   RO         8297    i.USBD_CtlSendStatus  usbd_ioreq.o
    0x0800a830   0x0800a830   0x000000e6   Code   RO         8221    i.USBD_GetDescriptor  usbd_ctlreq.o
    0x0800a916   0x0800a916   0x00000018   Code   RO         3177    i.USBD_Get_USB_Status  usbd_conf.o
    0x0800a92e   0x0800a92e   0x00000012   Code   RO         3178    i.USBD_LL_ClearStallEP  usbd_conf.o
    0x0800a940   0x0800a940   0x000000b6   Code   RO         8067    i.USBD_LL_DataInStage  usbd_core.o
    0x0800a9f6   0x0800a9f6   0x0000008e   Code   RO         8068    i.USBD_LL_DataOutStage  usbd_core.o
    0x0800aa84   0x0800aa84   0x00000004   Code   RO         8069    i.USBD_LL_DevConnected  usbd_core.o
    0x0800aa88   0x0800aa88   0x0000001e   Code   RO         8070    i.USBD_LL_DevDisconnected  usbd_core.o
    0x0800aaa6   0x0800aaa6   0x00000020   Code   RO         3185    i.USBD_LL_IsStallEP  usbd_conf.o
    0x0800aac6   0x0800aac6   0x00000028   Code   RO         8071    i.USBD_LL_IsoINIncomplete  usbd_core.o
    0x0800aaee   0x0800aaee   0x00000028   Code   RO         8072    i.USBD_LL_IsoOUTIncomplete  usbd_core.o
    0x0800ab16   0x0800ab16   0x00000018   Code   RO         3186    i.USBD_LL_OpenEP    usbd_conf.o
    0x0800ab2e   0x0800ab2e   0x00000012   Code   RO         3187    i.USBD_LL_PrepareReceive  usbd_conf.o
    0x0800ab40   0x0800ab40   0x0000005c   Code   RO         8073    i.USBD_LL_Reset     usbd_core.o
    0x0800ab9c   0x0800ab9c   0x00000014   Code   RO         8074    i.USBD_LL_Resume    usbd_core.o
    0x0800abb0   0x0800abb0   0x0000001a   Code   RO         8075    i.USBD_LL_SOF       usbd_core.o
    0x0800abca   0x0800abca   0x00000006   Code   RO         8076    i.USBD_LL_SetSpeed  usbd_core.o
    0x0800abd0   0x0800abd0   0x00000012   Code   RO         3188    i.USBD_LL_SetUSBAddress  usbd_conf.o
    0x0800abe2   0x0800abe2   0x00000060   Code   RO         8077    i.USBD_LL_SetupStage  usbd_core.o
    0x0800ac42   0x0800ac42   0x00000012   Code   RO         3189    i.USBD_LL_StallEP   usbd_conf.o
    0x0800ac54   0x0800ac54   0x00000012   Code   RO         8078    i.USBD_LL_Suspend   usbd_core.o
    0x0800ac66   0x0800ac66   0x00000012   Code   RO         3192    i.USBD_LL_Transmit  usbd_conf.o
    0x0800ac78   0x0800ac78   0x0000002c   Code   RO         8223    i.USBD_ParseSetupRequest  usbd_ctlreq.o
    0x0800aca4   0x0800aca4   0x00000014   Code   RO         8081    i.USBD_SetClassConfig  usbd_core.o
    0x0800acb8   0x0800acb8   0x000000b8   Code   RO         8224    i.USBD_SetConfig    usbd_ctlreq.o
    0x0800ad70   0x0800ad70   0x0000012c   Code   RO         8225    i.USBD_StdDevReq    usbd_ctlreq.o
    0x0800ae9c   0x0800ae9c   0x00000160   Code   RO         8226    i.USBD_StdEPReq     usbd_ctlreq.o
    0x0800affc   0x0800affc   0x00000072   Code   RO         8227    i.USBD_StdItfReq    usbd_ctlreq.o
    0x0800b06e   0x0800b06e   0x00000002   PAD
    0x0800b070   0x0800b070   0x00000080   Code   RO         3652    i.USB_ActivateEndpoint  stm32f4xx_ll_usb.o
    0x0800b0f0   0x0800b0f0   0x0000001c   Code   RO         3654    i.USB_ActivateSetup  stm32f4xx_ll_usb.o
    0x0800b10c   0x0800b10c   0x0000011c   Code   RO         3667    i.USB_EP0StartXfer  stm32f4xx_ll_usb.o
    0x0800b228   0x0800b228   0x00000058   Code   RO         3668    i.USB_EP0_OutStart  stm32f4xx_ll_usb.o
    0x0800b280   0x0800b280   0x00000058   Code   RO         3669    i.USB_EPClearStall  stm32f4xx_ll_usb.o
    0x0800b2d8   0x0800b2d8   0x00000058   Code   RO         3670    i.USB_EPSetStall    stm32f4xx_ll_usb.o
    0x0800b330   0x0800b330   0x000001e4   Code   RO         3671    i.USB_EPStartXfer   stm32f4xx_ll_usb.o
    0x0800b514   0x0800b514   0x0000009e   Code   RO         3672    i.USB_EPStopXfer    stm32f4xx_ll_usb.o
    0x0800b5b2   0x0800b5b2   0x00000002   PAD
    0x0800b5b4   0x0800b5b4   0x00000040   Code   RO         3675    i.USB_FlushTxFifo   stm32f4xx_ll_usb.o
    0x0800b5f4   0x0800b5f4   0x0000001a   Code   RO         3677    i.USB_GetDevSpeed   stm32f4xx_ll_usb.o
    0x0800b60e   0x0800b60e   0x00000008   Code   RO         3679    i.USB_GetMode       stm32f4xx_ll_usb.o
    0x0800b616   0x0800b616   0x0000000e   Code   RO         3686    i.USB_ReadDevAllInEpInterrupt  stm32f4xx_ll_usb.o
    0x0800b624   0x0800b624   0x0000000e   Code   RO         3687    i.USB_ReadDevAllOutEpInterrupt  stm32f4xx_ll_usb.o
    0x0800b632   0x0800b632   0x00000024   Code   RO         3688    i.USB_ReadDevInEPInterrupt  stm32f4xx_ll_usb.o
    0x0800b656   0x0800b656   0x00000010   Code   RO         3689    i.USB_ReadDevOutEPInterrupt  stm32f4xx_ll_usb.o
    0x0800b666   0x0800b666   0x00000008   Code   RO         3690    i.USB_ReadInterrupts  stm32f4xx_ll_usb.o
    0x0800b66e   0x0800b66e   0x0000003e   Code   RO         3691    i.USB_ReadPacket    stm32f4xx_ll_usb.o
    0x0800b6ac   0x0800b6ac   0x00000022   Code   RO         3694    i.USB_SetDevAddress  stm32f4xx_ll_usb.o
    0x0800b6ce   0x0800b6ce   0x00000002   PAD
    0x0800b6d0   0x0800b6d0   0x000000e8   Code   RO         3696    i.USB_SetTurnaroundTime  stm32f4xx_ll_usb.o
    0x0800b7b8   0x0800b7b8   0x00000028   Code   RO         3699    i.USB_WritePacket   stm32f4xx_ll_usb.o
    0x0800b7e0   0x0800b7e0   0x00000054   Code   RO         1203    i.UartComm_CallBack  uart_comm.o
    0x0800b834   0x0800b834   0x00000028   Code   RO         1204    i.UartComm_Process  uart_comm.o
    0x0800b85c   0x0800b85c   0x00000028   Code   RO         1962    i.Uart_Send         motion_send.o
    0x0800b884   0x0800b884   0x00000068   Code   RO         1082    i.Updata_Press_time  remotecontrol_comm.o
    0x0800b8ec   0x0800b8ec   0x00000050   Code   RO         1083    i.Updata_Trigger    remotecontrol_comm.o
    0x0800b93c   0x0800b93c   0x00000002   Code   RO         2752    i.UsageFault_Handler  stm32f4xx_it.o
    0x0800b93e   0x0800b93e   0x00000002   PAD
    0x0800b940   0x0800b940   0x00000048   Code   RO         1454    i.WT931_CallBack    wt931_gyro.o
    0x0800b988   0x0800b988   0x000001e0   Code   RO         1455    i.WT931_Process     wt931_gyro.o
    0x0800bb68   0x0800bb68   0x00000030   Code   RO         8597    i.__ARM_fpclassify  m_wm.l(fpclassify.o)
    0x0800bb98   0x0800bb98   0x00000020   Code   RO         4783    i.__NVIC_SetPriority  stm32f4xx_hal_cortex.o
    0x0800bbb8   0x0800bbb8   0x000000c8   Code   RO         8503    i.__hardfp_cos      m_wm.l(cos.o)
    0x0800bc80   0x0800bc80   0x00000014   Code   RO         8515    i.__hardfp_fabs     m_wm.l(fabs.o)
    0x0800bc94   0x0800bc94   0x00000004   PAD
    0x0800bc98   0x0800bc98   0x00000438   Code   RO         8560    i.__ieee754_rem_pio2  m_wm.l(rred.o)
    0x0800c0d0   0x0800c0d0   0x00000170   Code   RO         8543    i.__kernel_cos      m_wm.l(cos_i.o)
    0x0800c240   0x0800c240   0x000000f8   Code   RO         8599    i.__kernel_poly     m_wm.l(poly.o)
    0x0800c338   0x0800c338   0x00000130   Code   RO         8565    i.__kernel_sin      m_wm.l(sin_i.o)
    0x0800c468   0x0800c468   0x00000014   Code   RO         8547    i.__mathlib_dbl_infnan  m_wm.l(dunder.o)
    0x0800c47c   0x0800c47c   0x00000004   PAD
    0x0800c480   0x0800c480   0x00000020   Code   RO         8549    i.__mathlib_dbl_invalid  m_wm.l(dunder.o)
    0x0800c4a0   0x0800c4a0   0x00000020   Code   RO         8552    i.__mathlib_dbl_underflow  m_wm.l(dunder.o)
    0x0800c4c0   0x0800c4c0   0x00000016   Code   RO          870    i.calc_checksum     mg4005.o
    0x0800c4d6   0x0800c4d6   0x00000018   Code   RO         8517    i.fabs              m_wm.l(fabs.o)
    0x0800c4ee   0x0800c4ee   0x0000003e   Code   RO         2398    i.main              main.o
    0x0800c52c   0x0800c52c   0x0000000c   Code   RO         7546    i.makeFreeRtosPriority  cmsis_os.o
    0x0800c538   0x0800c538   0x0000000a   Code   RO         7551    i.osKernelStart     cmsis_os.o
    0x0800c542   0x0800c542   0x00000054   Code   RO         7585    i.osThreadCreate    cmsis_os.o
    0x0800c596   0x0800c596   0x00000002   PAD
    0x0800c598   0x0800c598   0x00000070   Code   RO         7222    i.prvAddCurrentTaskToDelayedList  tasks.o
    0x0800c608   0x0800c608   0x000000d0   Code   RO         7223    i.prvAddNewTaskToReadyList  tasks.o
    0x0800c6d8   0x0800c6d8   0x00000026   Code   RO         6901    i.prvCopyDataFromQueue  queue.o
    0x0800c6fe   0x0800c6fe   0x0000006c   Code   RO         6902    i.prvCopyDataToQueue  queue.o
    0x0800c76a   0x0800c76a   0x00000034   Code   RO         7224    i.prvDeleteTCB      tasks.o
    0x0800c79e   0x0800c79e   0x00000002   PAD
    0x0800c7a0   0x0800c7a0   0x0000004c   Code   RO         7913    i.prvHeapInit       heap_4.o
    0x0800c7ec   0x0800c7ec   0x00000060   Code   RO         7225    i.prvIdleTask       tasks.o
    0x0800c84c   0x0800c84c   0x00000016   Code   RO         6904    i.prvInitialiseNewQueue  queue.o
    0x0800c862   0x0800c862   0x00000098   Code   RO         7226    i.prvInitialiseNewTask  tasks.o
    0x0800c8fa   0x0800c8fa   0x00000002   PAD
    0x0800c8fc   0x0800c8fc   0x0000004c   Code   RO         7914    i.prvInsertBlockIntoFreeList  heap_4.o
    0x0800c948   0x0800c948   0x0000001c   Code   RO         6905    i.prvIsQueueEmpty   queue.o
    0x0800c964   0x0800c964   0x00000020   Code   RO         7227    i.prvResetNextTaskUnblockTime  tasks.o
    0x0800c984   0x0800c984   0x00000028   Code   RO         7982    i.prvTaskExitError  port.o
    0x0800c9ac   0x0800c9ac   0x0000006a   Code   RO         6906    i.prvUnlockQueue    queue.o
    0x0800ca16   0x0800ca16   0x00000002   PAD
    0x0800ca18   0x0800ca18   0x000000dc   Code   RO         7915    i.pvPortMalloc      heap_4.o
    0x0800caf4   0x0800caf4   0x0000002c   Code   RO         7983    i.pxPortInitialiseStack  port.o
    0x0800cb20   0x0800cb20   0x00000028   Code   RO         1371    i.uint_to_float     dm_j4310.o
    0x0800cb48   0x0800cb48   0x00000068   Code   RO         7230    i.ulTaskNotifyTake  tasks.o
    0x0800cbb0   0x0800cbb0   0x00000026   Code   RO         6864    i.uxListRemove      list.o
    0x0800cbd6   0x0800cbd6   0x00000002   PAD
    0x0800cbd8   0x0800cbd8   0x00000014   Code   RO         2485    i.vApplicationGetIdleTaskMemory  freertos.o
    0x0800cbec   0x0800cbec   0x00000016   Code   RO         6865    i.vListInitialise   list.o
    0x0800cc02   0x0800cc02   0x00000006   Code   RO         6866    i.vListInitialiseItem  list.o
    0x0800cc08   0x0800cc08   0x00000030   Code   RO         6867    i.vListInsert       list.o
    0x0800cc38   0x0800cc38   0x00000018   Code   RO         6868    i.vListInsertEnd    list.o
    0x0800cc50   0x0800cc50   0x00000040   Code   RO         7985    i.vPortEnterCritical  port.o
    0x0800cc90   0x0800cc90   0x00000028   Code   RO         7986    i.vPortExitCritical  port.o
    0x0800ccb8   0x0800ccb8   0x00000064   Code   RO         7916    i.vPortFree         heap_4.o
    0x0800cd1c   0x0800cd1c   0x00000024   Code   RO         7987    i.vPortSetupTimerInterrupt  port.o
    0x0800cd40   0x0800cd40   0x00000054   Code   RO         7988    i.vPortValidateInterruptPriority  port.o
    0x0800cd94   0x0800cd94   0x0000008c   Code   RO         7237    i.vTaskDelayUntil   tasks.o
    0x0800ce20   0x0800ce20   0x000000ac   Code   RO         7238    i.vTaskDelete       tasks.o
    0x0800cecc   0x0800cecc   0x00000010   Code   RO         7240    i.vTaskInternalSetTimeOutState  tasks.o
    0x0800cedc   0x0800cedc   0x0000000c   Code   RO         7241    i.vTaskMissedYield  tasks.o
    0x0800cee8   0x0800cee8   0x000000b8   Code   RO         7242    i.vTaskNotifyGiveFromISR  tasks.o
    0x0800cfa0   0x0800cfa0   0x00000030   Code   RO         7243    i.vTaskPlaceOnEventList  tasks.o
    0x0800cfd0   0x0800cfd0   0x0000006c   Code   RO         7250    i.vTaskStartScheduler  tasks.o
    0x0800d03c   0x0800d03c   0x00000010   Code   RO         7252    i.vTaskSuspendAll   tasks.o
    0x0800d04c   0x0800d04c   0x0000005c   Code   RO         7253    i.vTaskSwitchContext  tasks.o
    0x0800d0a8   0x0800d0a8   0x00000074   Code   RO         1306    i.ws2812_Set        ws2812.o
    0x0800d11c   0x0800d11c   0x00000054   Code   RO         1307    i.ws2812_set_RGB    ws2812.o
    0x0800d170   0x0800d170   0x000000f4   Code   RO         7989    i.xPortStartScheduler  port.o
    0x0800d264   0x0800d264   0x00000042   Code   RO         6915    i.xQueueGenericCreate  queue.o
    0x0800d2a6   0x0800d2a6   0x00000002   PAD
    0x0800d2a8   0x0800d2a8   0x00000088   Code   RO         6917    i.xQueueGenericReset  queue.o
    0x0800d330   0x0800d330   0x00000160   Code   RO         6918    i.xQueueGenericSend  queue.o
    0x0800d490   0x0800d490   0x00000138   Code   RO         6925    i.xQueueReceive     queue.o
    0x0800d5c8   0x0800d5c8   0x00000074   Code   RO         7255    i.xTaskCheckForTimeOut  tasks.o
    0x0800d63c   0x0800d63c   0x0000005a   Code   RO         7256    i.xTaskCreate       tasks.o
    0x0800d696   0x0800d696   0x00000056   Code   RO         7257    i.xTaskCreateStatic  tasks.o
    0x0800d6ec   0x0800d6ec   0x0000001c   Code   RO         7261    i.xTaskGetSchedulerState  tasks.o
    0x0800d708   0x0800d708   0x0000000c   Code   RO         7262    i.xTaskGetTickCount  tasks.o
    0x0800d714   0x0800d714   0x000000cc   Code   RO         7264    i.xTaskIncrementTick  tasks.o
    0x0800d7e0   0x0800d7e0   0x00000098   Code   RO         7267    i.xTaskPriorityDisinherit  tasks.o
    0x0800d878   0x0800d878   0x00000078   Code   RO         7269    i.xTaskRemoveFromEventList  tasks.o
    0x0800d8f0   0x0800d8f0   0x000000c4   Code   RO         7270    i.xTaskResumeAll    tasks.o
    0x0800d9b4   0x0800d9b4   0x00000018   Code   RO         8530    x$fpl$basic         fz_wm.l(basic.o)
    0x0800d9cc   0x0800d9cc   0x00000062   Code   RO         8473    x$fpl$d2f           fz_wm.l(d2f.o)
    0x0800da2e   0x0800da2e   0x00000002   PAD
    0x0800da30   0x0800da30   0x00000150   Code   RO         8475    x$fpl$dadd          fz_wm.l(daddsub_clz.o)
    0x0800db80   0x0800db80   0x00000018   Code   RO         8532    x$fpl$dcmpinf       fz_wm.l(dcmpi.o)
    0x0800db98   0x0800db98   0x000002b0   Code   RO         8594    x$fpl$ddiv          fz_wm.l(ddiv.o)
    0x0800de48   0x0800de48   0x0000005e   Code   RO         8481    x$fpl$dfix          fz_wm.l(dfix.o)
    0x0800dea6   0x0800dea6   0x0000002e   Code   RO         8486    x$fpl$dflt          fz_wm.l(dflt_clz.o)
    0x0800ded4   0x0800ded4   0x00000026   Code   RO         8485    x$fpl$dfltu         fz_wm.l(dflt_clz.o)
    0x0800defa   0x0800defa   0x00000002   PAD
    0x0800defc   0x0800defc   0x00000078   Code   RO         8491    x$fpl$dleqf         fz_wm.l(dleqf.o)
    0x0800df74   0x0800df74   0x00000154   Code   RO         8493    x$fpl$dmul          fz_wm.l(dmul.o)
    0x0800e0c8   0x0800e0c8   0x0000009c   Code   RO         8534    x$fpl$dnaninf       fz_wm.l(dnaninf.o)
    0x0800e164   0x0800e164   0x0000000c   Code   RO         8536    x$fpl$dretinf       fz_wm.l(dretinf.o)
    0x0800e170   0x0800e170   0x00000016   Code   RO         8476    x$fpl$drsb          fz_wm.l(daddsub_clz.o)
    0x0800e186   0x0800e186   0x00000002   PAD
    0x0800e188   0x0800e188   0x000001d4   Code   RO         8477    x$fpl$dsub          fz_wm.l(daddsub_clz.o)
    0x0800e35c   0x0800e35c   0x00000056   Code   RO         8495    x$fpl$f2d           fz_wm.l(f2d.o)
    0x0800e3b2   0x0800e3b2   0x00000060   Code   RO         8501    x$fpl$ffltll        fz_wm.l(ffltll_clz.o)
    0x0800e412   0x0800e412   0x0000008c   Code   RO         8538    x$fpl$fnaninf       fz_wm.l(fnaninf.o)
    0x0800e49e   0x0800e49e   0x0000000a   Code   RO         8686    x$fpl$fpinit        fz_wm.l(fpinit.o)
    0x0800e4a8   0x0800e4a8   0x0000000a   Code   RO         8540    x$fpl$fretinf       fz_wm.l(fretinf.o)
    0x0800e4b2   0x0800e4b2   0x00000002   PAD
    0x0800e4b4   0x0800e4b4   0x00000086   Code   RO         8497    x$fpl$llsfromf      fz_wm.l(ffixll.o)
    0x0800e53a   0x0800e53a   0x00000000   Code   RO         8542    x$fpl$usenofp       fz_wm.l(usenofp.o)
    0x0800e53a   0x0800e53a   0x00000002   PAD
    0x0800e53c   0x0800e53c   0x000000f0   Data   RO         1555    .constdata          motion_motor.o
    0x0800e62c   0x0800e62c   0x0000000c   Data   RO         2004    .constdata          motion_spin.o
    0x0800e638   0x0800e638   0x0000001c   Data   RO         2487    .constdata          freertos.o
    0x0800e654   0x0800e654   0x00000008   Data   RO         4482    .constdata          stm32f4xx_hal_dma.o
    0x0800e65c   0x0800e65c   0x00000010   Data   RO         6736    .constdata          system_stm32f4xx.o
    0x0800e66c   0x0800e66c   0x00000008   Data   RO         6737    .constdata          system_stm32f4xx.o
    0x0800e674   0x0800e674   0x00000004   PAD
    0x0800e678   0x0800e678   0x00000030   Data   RO         8544    .constdata          m_wm.l(cos_i.o)
    0x0800e6a8   0x0800e6a8   0x000000c8   Data   RO         8562    .constdata          m_wm.l(rred.o)
    0x0800e770   0x0800e770   0x00000028   Data   RO         8566    .constdata          m_wm.l(sin_i.o)
    0x0800e798   0x0800e798   0x0000000c   Data   RO         2488    .conststring        freertos.o
    0x0800e7a4   0x0800e7a4   0x00000020   Data   RO         8742    Region$$Table       anon$$obj.o


    Execution Region RW_IRAM2 (Exec base: 0x10000000, Load base: 0x0800e830, Size: 0x00000000, Max: 0x00010000, ABSOLUTE)

    **** No section assigned to this execution region ****


    Execution Region RW_IRAM1 (Exec base: 0x20000000, Load base: 0x0800e7c4, Size: 0x00006fd8, Max: 0x00030000, ABSOLUTE, COMPRESSED[0x0000006c])

    Exec Addr    Load Addr    Size         Type   Attr      Idx    E Section Name        Object

    0x20000000   COMPRESSED   0x00000018   Data   RW          316    .data               dm_r_4315.o
    0x20000018   COMPRESSED   0x00000008   Data   RW          658    .data               dm_r_4315_comm.o
    0x20000020   COMPRESSED   0x00000001   Data   RW          962    .data               mg4005_comm.o
    0x20000021   COMPRESSED   0x00000001   Data   RW         1085    .data               remotecontrol_comm.o
    0x20000022   COMPRESSED   0x00000002   Data   RW         1206    .data               uart_comm.o
    0x20000024   COMPRESSED   0x00000006   Data   RW         1311    .data               ws2812.o
    0x2000002a   COMPRESSED   0x00000006   Data   RW         1457    .data               wt931_gyro.o
    0x20000030   COMPRESSED   0x00000018   Data   RW         1562    .data               motion_motor.o
    0x20000048   COMPRESSED   0x00000001   Data   RW         1563    .data               motion_motor.o
    0x20000049   COMPRESSED   0x00000003   PAD
    0x2000004c   COMPRESSED   0x000000d0   Data   RW         1807    .data               motion_pick.o
    0x2000011c   COMPRESSED   0x00000008   Data   RW         2005    .data               motion_spin.o
    0x20000124   COMPRESSED   0x00000004   Data   RW         2060    .data               motion_exchange.o
    0x20000128   COMPRESSED   0x00000010   Data   RW         2181    .data               task_init.o
    0x20000138   COMPRESSED   0x00000003   Data   RW         2217    .data               task_motorcontrol.o
    0x2000013b   COMPRESSED   0x00000001   PAD
    0x2000013c   COMPRESSED   0x00000074   Data   RW         2270    .data               task_statemachine.o
    0x200001b0   COMPRESSED   0x00000004   Data   RW         2489    .data               freertos.o
    0x200001b4   COMPRESSED   0x00000004   Data   RW         2538    .data               can.o
    0x200001b8   COMPRESSED   0x0000000c   Data   RW         4929    .data               stm32f4xx_hal.o
    0x200001c4   COMPRESSED   0x00000004   Data   RW         6738    .data               system_stm32f4xx.o
    0x200001c8   COMPRESSED   0x0000003c   Data   RW         7273    .data               tasks.o
    0x20000204   COMPRESSED   0x00000020   Data   RW         7922    .data               heap_4.o
    0x20000224   COMPRESSED   0x0000000c   Data   RW         7990    .data               port.o
    0x20000230   COMPRESSED   0x00000001   Data   RW         8228    .data               usbd_ctlreq.o
    0x20000231   COMPRESSED   0x00000003   PAD
    0x20000234        -       0x00000528   Zero   RW          314    .bss                dm_r_4315.o
    0x2000075c        -       0x00000028   Zero   RW          657    .bss                dm_r_4315_comm.o
    0x20000784        -       0x00000042   Zero   RW          871    .bss                mg4005.o
    0x200007c6        -       0x00000046   Zero   RW          961    .bss                mg4005_comm.o
    0x2000080c        -       0x00000084   Zero   RW         1084    .bss                remotecontrol_comm.o
    0x20000890        -       0x0000000c   Zero   RW         1205    .bss                uart_comm.o
    0x2000089c        -       0x0000020f   Zero   RW         1308    .bss                ws2812.o
    0x20000aab   COMPRESSED   0x00000001   PAD
    0x20000aac        -       0x00000068   Zero   RW         1372    .bss                dm_j4310.o
    0x20000b14        -       0x00000050   Zero   RW         1456    .bss                wt931_gyro.o
    0x20000b64        -       0x00000a54   Zero   RW         1548    .bss                motion_motor.o
    0x200015b8        -       0x0000002c   Zero   RW         1963    .bss                motion_send.o
    0x200015e4        -       0x00000054   Zero   RW         2003    .bss                motion_spin.o
    0x20001638        -       0x00000010   Zero   RW         2141    .bss                task_can.o
    0x20001648        -       0x00000048   Zero   RW         2269    .bss                task_statemachine.o
    0x20001690        -       0x00000254   Zero   RW         2486    .bss                freertos.o
    0x200018e4        -       0x00000050   Zero   RW         2537    .bss                can.o
    0x20001934        -       0x000000a8   Zero   RW         2610    .bss                tim.o
    0x200019dc        -       0x00000498   Zero   RW         2662    .bss                usart.o
    0x20001e74        -       0x00000048   Zero   RW         2937    .bss                stm32f4xx_hal_timebase_tim.o
    0x20001ebc        -       0x0000072c   Zero   RW         3195    .bss                usbd_conf.o
    0x200025e8        -       0x00000190   Zero   RW         7272    .bss                tasks.o
    0x20002778        -       0x00003c00   Zero   RW         7921    .bss                heap_4.o
    0x20006378        -       0x00000060   Zero   RW         8602    .bss                c_w.l(libspace.o)
    0x200063d8        -       0x00000600   Zero   RW         2386    HEAP                startup_stm32f427xx.o
    0x200069d8        -       0x00000600   Zero   RW         2385    STACK               startup_stm32f427xx.o


==============================================================================

Image component sizes


      Code (inc. data)   RO Data    RW Data    ZI Data      Debug   Object Name

       396         44          0          4         80       2666   can.o
       106          0          0          0          0      22919   cmsis_os.o
         0          0          0          0          0     780140   crc_check.o
       416         12          0          0          0       3993   dij_motor.o
       492         36          0          0        104       4895   dm_j4310.o
       900        104          0         24       1320     669886   dm_r_4315.o
       408         26          0          8         40       4798   dm_r_4315_comm.o
       188          4          0          0          0        950   dma.o
         0          0          0          0          0        696   encoder.o
         0          0          0          0          0      17676   event_groups.o
        60         14         40          4        596       2115   freertos.o
       384         28          0          0          0       1259   gpio.o
       472         24          0         32      15360       7671   heap_4.o
        52          0          0          0          0        910   jy_me02.o
       138          0          0          0          0       3762   list.o
       228          8          0          0          0      22548   main.o
       470         30          0          0         66       6158   mg4005.o
       252         20          0          1         70       2606   mg4005_comm.o
      2432        362          0          4          0       7931   motion_exchange.o
      5810        498        240         25       2644      29004   motion_motor.o
      5256        400          0        208          0      24059   motion_pick.o
       404         96          0          0         44       1418   motion_send.o
       760        116         12          8         84       4105   motion_spin.o
        24          0          0          0          0       1052   motor.o
       492         16          0          0          0       2515   pid.o
       786         82          0         12          0      12289   port.o
      1168         14          0          0          0      14083   queue.o
      1340        118          0          1        132      11876   remotecontrol_comm.o
        64         26        428          0       3072        848   startup_stm32f427xx.o
       116         18          0         12          0       9130   stm32f4xx_hal.o
      1636          6          0          0          0      14403   stm32f4xx_hal_can.o
       158         14          0          0          0      33338   stm32f4xx_hal_cortex.o
      1084         16          8          0          0       7682   stm32f4xx_hal_dma.o
       130          0          0          0          0       2261   stm32f4xx_hal_dma_ex.o
       574         54          0          0          0       2316   stm32f4xx_hal_gpio.o
        56          4          0          0          0        942   stm32f4xx_hal_msp.o
      2252         12          0          0          0      10950   stm32f4xx_hal_pcd.o
         2          0          0          0          0       1009   stm32f4xx_hal_pcd_ex.o
      1424         92          0          0          0       6677   stm32f4xx_hal_rcc.o
      2704        156          0          0          0      21916   stm32f4xx_hal_tim.o
       232         28          0          0          0       3457   stm32f4xx_hal_tim_ex.o
       152         18          0          0         72       1591   stm32f4xx_hal_timebase_tim.o
      2136         30          0          0          0      16793   stm32f4xx_hal_uart.o
       324        126          0          0          0      13875   stm32f4xx_it.o
      1900         98          0          0          0      17305   stm32f4xx_ll_usb.o
         0          0          0          0          0        384   stream_buffer.o
        16          4         24          4          0       1235   system_stm32f4xx.o
       124         26          0          0         16       2419   task_can.o
       244         80          0         16          0       1573   task_init.o
       538         68          0          3          0       2265   task_motorcontrol.o
      3684        268          0        116         72      15191   task_statemachine.o
      2548        202          0         60        400      30061   tasks.o
       432         40          0          0        168       2786   tim.o
       168         26          0          2         12       3000   uart_comm.o
      1392        122          0          0       1176       6229   usart.o
       362          4          0          0       1836      13822   usbd_conf.o
       744          0          0          0          0      12604   usbd_core.o
      1256         28          0          1          0      14307   usbd_ctlreq.o
       102          0          0          0          0       4040   usbd_ioreq.o
       348         72          0          0          0       4153   user_can.o
       872         28          0          6        527       6230   ws2812.o
       636         50          0          6         80       4936   wt931_gyro.o

    ----------------------------------------------------------------------
     51916       3768        788        564      27972    1953708   Object Totals
         0          0         32          0          0          0   (incl. Generated)
        72          0          4          7          1          0   (incl. Padding)

    ----------------------------------------------------------------------

      Code (inc. data)   RO Data    RW Data    ZI Data      Debug   Library Member Name

        90          0          0          0          0          0   __dczerorl2.o
         8          0          0          0          0         68   __main.o
         0          0          0          0          0          0   __rtentry.o
        12          0          0          0          0          0   __rtentry2.o
         6          0          0          0          0          0   __rtentry4.o
        52          8          0          0          0          0   __scatter.o
        28          0          0          0          0          0   __scatter_zi.o
        22          0          0          0          0        100   _rserrno.o
        18          0          0          0          0         80   exit.o
         6          0          0          0          0        152   heapauxi.o
         0          0          0          0          0          0   indicate_semi.o
         2          0          0          0          0          0   libinit.o
         6          0          0          0          0          0   libinit2.o
         2          0          0          0          0          0   libshutdown.o
         2          0          0          0          0          0   libshutdown2.o
         8          4          0          0         96         68   libspace.o
        72          0          0          0          0         76   llsdiv.o
       238          0          0          0          0        100   lludivv7m.o
         8          4          0          0          0         68   rt_errno_addr_intlibspace.o
        78          0          0          0          0         80   rt_memclr_w.o
       138          0          0          0          0         68   rt_memcpy_v6.o
       100          0          0          0          0         80   rt_memcpy_w.o
         2          0          0          0          0          0   rtexit.o
        10          0          0          0          0          0   rtexit2.o
        12          4          0          0          0         68   sys_exit.o
        74          0          0          0          0         80   sys_stackheap_outer.o
         2          0          0          0          0         68   use_no_semi.o
        24          0          0          0          0        164   basic.o
        98          4          0          0          0        140   d2f.o
       826         16          0          0          0        492   daddsub_clz.o
        24          0          0          0          0        116   dcmpi.o
       688        140          0          0          0        256   ddiv.o
        94          4          0          0          0        140   dfix.o
        84          0          0          0          0        232   dflt_clz.o
       120          4          0          0          0        140   dleqf.o
       340         12          0          0          0        152   dmul.o
       156          4          0          0          0        140   dnaninf.o
        12          0          0          0          0        116   dretinf.o
        86          4          0          0          0        132   f2d.o
       134          4          0          0          0        132   ffixll.o
        96          0          0          0          0        132   ffltll_clz.o
       140          4          0          0          0        132   fnaninf.o
        10          0          0          0          0        116   fpinit.o
        10          0          0          0          0        116   fretinf.o
         0          0          0          0          0          0   usenofp.o
       200         20          0          0          0        164   cos.o
       368         46         48          0          0        200   cos_i.o
        84         16          0          0          0        372   dunder.o
        44          0          0          0          0        248   fabs.o
        48          0          0          0          0        124   fpclassify.o
       248          0          0          0          0        152   poly.o
      1080        142        200          0          0        188   rred.o
       304         24         40          0          0        208   sin_i.o

    ----------------------------------------------------------------------
      6340        464        288          0         96       5660   Library Totals
        26          0          0          0          0          0   (incl. Padding)

    ----------------------------------------------------------------------

      Code (inc. data)   RO Data    RW Data    ZI Data      Debug   Library Name

       996         20          0          0         96       1156   c_w.l
      2942        196          0          0          0       2848   fz_wm.l
      2376        248        288          0          0       1656   m_wm.l

    ----------------------------------------------------------------------
      6340        464        288          0         96       5660   Library Totals

    ----------------------------------------------------------------------

==============================================================================


      Code (inc. data)   RO Data    RW Data    ZI Data      Debug   

     58256       4232       1076        564      28068    1913748   Grand Totals
     58256       4232       1076        108      28068    1913748   ELF Image Totals (compressed)
     58256       4232       1076        108          0          0   ROM Totals

==============================================================================

    Total RO  Size (Code + RO Data)                59332 (  57.94kB)
    Total RW  Size (RW Data + ZI Data)             28632 (  27.96kB)
    Total ROM Size (Code + RO Data + RW Data)      59440 (  58.05kB)

==============================================================================

