Component: ARM Compiler 5.06 update 1 (build 61) Tool: armlink [4d35a8]

==============================================================================

Section Cross References

    startup_stm32f407xx.o(STACK) refers (Special) to heapauxi.o(.text) for __use_two_region_memory
    startup_stm32f407xx.o(HEAP) refers (Special) to heapauxi.o(.text) for __use_two_region_memory
    startup_stm32f407xx.o(RESET) refers (Special) to heapauxi.o(.text) for __use_two_region_memory
    startup_stm32f407xx.o(RESET) refers to startup_stm32f407xx.o(STACK) for __initial_sp
    startup_stm32f407xx.o(RESET) refers to startup_stm32f407xx.o(.text) for Reset_Handler
    startup_stm32f407xx.o(RESET) refers to stm32f4xx_it.o(i.NMI_Handler) for NMI_Handler
    startup_stm32f407xx.o(RESET) refers to stm32f4xx_it.o(i.HardFault_Handler) for HardFault_Handler
    startup_stm32f407xx.o(RESET) refers to stm32f4xx_it.o(i.MemManage_Handler) for MemManage_Handler
    startup_stm32f407xx.o(RESET) refers to stm32f4xx_it.o(i.BusFault_Handler) for BusFault_Handler
    startup_stm32f407xx.o(RESET) refers to stm32f4xx_it.o(i.UsageFault_Handler) for UsageFault_Handler
    startup_stm32f407xx.o(RESET) refers to port.o(.emb_text) for SVC_Handler
    startup_stm32f407xx.o(RESET) refers to stm32f4xx_it.o(i.DebugMon_Handler) for DebugMon_Handler
    startup_stm32f407xx.o(RESET) refers to port.o(i.SysTick_Handler) for SysTick_Handler
    startup_stm32f407xx.o(RESET) refers to stm32f4xx_it.o(i.DMA1_Stream1_IRQHandler) for DMA1_Stream1_IRQHandler
    startup_stm32f407xx.o(RESET) refers to stm32f4xx_it.o(i.CAN1_RX0_IRQHandler) for CAN1_RX0_IRQHandler
    startup_stm32f407xx.o(RESET) refers to stm32f4xx_it.o(i.TIM2_IRQHandler) for TIM2_IRQHandler
    startup_stm32f407xx.o(RESET) refers to stm32f4xx_it.o(i.USART1_IRQHandler) for USART1_IRQHandler
    startup_stm32f407xx.o(RESET) refers to stm32f4xx_it.o(i.USART3_IRQHandler) for USART3_IRQHandler
    startup_stm32f407xx.o(RESET) refers to stm32f4xx_it.o(i.DMA2_Stream1_IRQHandler) for DMA2_Stream1_IRQHandler
    startup_stm32f407xx.o(RESET) refers to stm32f4xx_it.o(i.DMA2_Stream2_IRQHandler) for DMA2_Stream2_IRQHandler
    startup_stm32f407xx.o(RESET) refers to stm32f4xx_it.o(i.CAN2_RX1_IRQHandler) for CAN2_RX1_IRQHandler
    startup_stm32f407xx.o(RESET) refers to stm32f4xx_it.o(i.DMA2_Stream6_IRQHandler) for DMA2_Stream6_IRQHandler
    startup_stm32f407xx.o(RESET) refers to stm32f4xx_it.o(i.DMA2_Stream7_IRQHandler) for DMA2_Stream7_IRQHandler
    startup_stm32f407xx.o(RESET) refers to stm32f4xx_it.o(i.USART6_IRQHandler) for USART6_IRQHandler
    startup_stm32f407xx.o(.text) refers (Special) to heapauxi.o(.text) for __use_two_region_memory
    startup_stm32f407xx.o(.text) refers to system_stm32f4xx.o(i.SystemInit) for SystemInit
    startup_stm32f407xx.o(.text) refers to __main.o(!!!main) for __main
    startup_stm32f407xx.o(.text) refers to startup_stm32f407xx.o(HEAP) for Heap_Mem
    startup_stm32f407xx.o(.text) refers to startup_stm32f407xx.o(STACK) for Stack_Mem
    crc_check.o(i.Append_CRC16_Check_Sum) refers to crc_check.o(i.Get_CRC16_Check_Sum) for Get_CRC16_Check_Sum
    crc_check.o(i.Append_CRC16_Check_Sum) refers to crc_check.o(.data) for .data
    crc_check.o(i.Append_CRC8_Check_Sum) refers to crc_check.o(i.Get_CRC8_Check_Sum) for Get_CRC8_Check_Sum
    crc_check.o(i.Get_CRC16_Check_Sum) refers to crc_check.o(.constdata) for .constdata
    crc_check.o(i.Get_CRC8_Check_Sum) refers to crc_check.o(.constdata) for .constdata
    crc_check.o(i.Verify_CRC16_Check_Sum) refers to crc_check.o(i.Get_CRC16_Check_Sum) for Get_CRC16_Check_Sum
    crc_check.o(i.Verify_CRC16_Check_Sum) refers to crc_check.o(.data) for .data
    crc_check.o(i.Verify_CRC8_Check_Sum) refers to crc_check.o(i.Get_CRC8_Check_Sum) for Get_CRC8_Check_Sum
    dij_motor.o(i.DIJMotor_ParaHandle) refers to dij_motor.o(i.DIJMotor_AngleHandle) for DIJMotor_AngleHandle
    judge_comm.o(i.BSP_Init_JudgeComm) refers to stm32f4xx_hal_dma.o(i.HAL_DMA_Start_IT) for HAL_DMA_Start_IT
    judge_comm.o(i.BSP_Init_JudgeComm) refers to usart.o(.bss) for huart6
    judge_comm.o(i.BSP_Init_JudgeComm) refers to judge_comm.o(.bss) for .bss
    judge_comm.o(i.RefereeReceive) refers to crc_check.o(i.Verify_CRC8_Check_Sum) for Verify_CRC8_Check_Sum
    judge_comm.o(i.RefereeReceive) refers to crc_check.o(i.Verify_CRC16_Check_Sum) for Verify_CRC16_Check_Sum
    judge_comm.o(i.RefereeReceive) refers to judge_comm.o(i.Referee_Receive_Data_Processing) for Referee_Receive_Data_Processing
    judge_comm.o(i.RefereeReceive) refers to judge_comm.o(.bss) for .bss
    judge_comm.o(i.Referee_IDLECallback) refers to judge_comm.o(i.RefereeReceive) for RefereeReceive
    judge_comm.o(i.Referee_Receive_Data_Processing) refers to rt_memcpy_v6.o(.text) for __aeabi_memcpy
    judge_comm.o(i.Referee_Receive_Data_Processing) refers to judge_comm.o(.bss) for .bss
    judge_comm.o(i.Referee_Receive_Data_Processing) refers to judge_comm.o(.data) for .data
[...]
    WWDG_IRQHandler                          0x08000343   Thumb Code     0  startup_stm32f407xx.o(.text)
    __user_initial_stackheap                 0x08000345   Thumb Code     0  startup_stm32f407xx.o(.text)
    __aeabi_uldivmod                         0x08000369   Thumb Code     0  lludivv7m.o(.text)
    _ll_udiv                                 0x08000369   Thumb Code   238  lludivv7m.o(.text)
    __aeabi_memcpy                           0x08000457   Thumb Code     0  rt_memcpy_v6.o(.text)
    __rt_memcpy                              0x08000457   Thumb Code   138  rt_memcpy_v6.o(.text)
    _memcpy_lastbytes                        0x080004bd   Thumb Code     0  rt_memcpy_v6.o(.text)
    __aeabi_memcpy4                          0x080004e1   Thumb Code     0  rt_memcpy_w.o(.text)
    __aeabi_memcpy8                          0x080004e1   Thumb Code     0  rt_memcpy_w.o(.text)
    __rt_memcpy_w                            0x080004e1   Thumb Code   100  rt_memcpy_w.o(.text)
    _memcpy_lastbytes_aligned                0x08000529   Thumb Code     0  rt_memcpy_w.o(.text)
    __aeabi_memset                           0x08000545   Thumb Code    16  aeabi_memset.o(.text)
    __aeabi_memclr4                          0x08000555   Thumb Code     0  rt_memclr_w.o(.text)
    __aeabi_memclr8                          0x08000555   Thumb Code     0  rt_memclr_w.o(.text)
    __rt_memclr_w                            0x08000555   Thumb Code    78  rt_memclr_w.o(.text)
    _memset_w                                0x08000559   Thumb Code     0  rt_memclr_w.o(.text)
    __use_two_region_memory                  0x080005a3   Thumb Code     2  heapauxi.o(.text)
    __rt_heap_escrow$2region                 0x080005a5   Thumb Code     2  heapauxi.o(.text)
    __rt_heap_expand$2region                 0x080005a7   Thumb Code     2  heapauxi.o(.text)
    __read_errno                             0x080005a9   Thumb Code    10  _rserrno.o(.text)
    __set_errno                              0x080005b3   Thumb Code    12  _rserrno.o(.text)
    __aeabi_memclr                           0x080005bf   Thumb Code     0  rt_memclr.o(.text)
    __rt_memclr                              0x080005bf   Thumb Code    68  rt_memclr.o(.text)
    _memset                                  0x080005c3   Thumb Code     0  rt_memclr.o(.text)
    __aeabi_errno_addr                       0x08000605   Thumb Code     8  rt_errno_addr_intlibspace.o(.text)
    __errno$intlibspace                      0x08000605   Thumb Code     0  rt_errno_addr_intlibspace.o(.text)
    __rt_errno_addr$intlibspace              0x08000605   Thumb Code     0  rt_errno_addr_intlibspace.o(.text)
    __user_libspace                          0x0800060d   Thumb Code     8  libspace.o(.text)
    __user_perproc_libspace                  0x0800060d   Thumb Code     0  libspace.o(.text)
    __user_perthread_libspace                0x0800060d   Thumb Code     0  libspace.o(.text)
    __user_setup_stackheap                   0x08000615   Thumb Code    74  sys_stackheap_outer.o(.text)
    exit                                     0x0800065f   Thumb Code    18  exit.o(.text)
    _sys_exit                                0x08000671   Thumb Code     8  sys_exit.o(.text)
    __I$use$semihosting                      0x0800067d   Thumb Code     0  use_no_semi.o(.text)
    __use_no_semihosting_swi                 0x0800067d   Thumb Code     2  use_no_semi.o(.text)
    __semihosting_library_function           0x0800067f   Thumb Code     0  indicate_semi.o(.text)
    Angle_Limit                              0x08000681   Thumb Code    66  motion_motor.o(i.Angle_Limit)
    BSP_Init                                 0x080006cd   Thumb Code    52  task_init.o(i.BSP_Init)
    BSP_Init_JudgeComm                       0x0800070d   Thumb Code    40  judge_comm.o(i.BSP_Init_JudgeComm)
    BSP_Init_UartComm                        0x0800073d   Thumb Code    84  uart_comm.o(i.BSP_Init_UartComm)
    BottomMotor_CMD                          0x08000799   Thumb Code    46  motion_motor.o(i.BottomMotor_CMD)
    BottomMotor_Init                         0x080007d1   Thumb Code   230  motion_motor.o(i.BottomMotor_Init)
    Bottom_Pid_Clear                         0x080008c5   Thumb Code    34  motion_motor.o(i.Bottom_Pid_Clear)
    BusFault_Handler                         0x080008ed   Thumb Code     2  stm32f4xx_it.o(i.BusFault_Handler)
    CAN1_RX0_IRQHandler                      0x080008f1   Thumb Code     6  stm32f4xx_it.o(i.CAN1_RX0_IRQHandler)
    CAN2_RX1_IRQHandler                      0x080008fd   Thumb Code     6  stm32f4xx_it.o(i.CAN2_RX1_IRQHandler)
    CANTransmit                              0x08000909   Thumb Code    44  task_can.o(i.CANTransmit)
    CAN_Init                                 0x0800093d   Thumb Code    72  user_can.o(i.CAN_Init)
    CAN_Recieve                              0x0800098d   Thumb Code    24  user_can.o(i.CAN_Recieve)
    Can1Received_infoHandle                  0x080009ad   Thumb Code    48  user_can.o(i.Can1Received_infoHandle)
    Can2Received_infoHandle                  0x080009e1   Thumb Code    26  user_can.o(i.Can2Received_infoHandle)
    ChassisControl                           0x08000a05   Thumb Code    62  motion_motor.o(i.ChassisControl)
    ChassisMotor_CMD                         0x08000a49   Thumb Code    52  motion_motor.o(i.ChassisMotor_CMD)
    ChassisMotor_Init                        0x08000a85   Thumb Code   108  motion_motor.o(i.ChassisMotor_Init)
    Chassis_Pid_Clear                        0x08000af9   Thumb Code    36  motion_motor.o(i.Chassis_Pid_Clear)
    DIJMotor_AngleHandle                     0x08000b21   Thumb Code   328  dij_motor.o(i.DIJMotor_AngleHandle)
    DIJMotor_ParaHandle                      0x08000c75   Thumb Code    76  dij_motor.o(i.DIJMotor_ParaHandle)
    DMA1_Stream1_IRQHandler                  0x08000cc1   Thumb Code     6  stm32f4xx_it.o(i.DMA1_Stream1_IRQHandler)
    DMA2_Stream1_IRQHandler                  0x08000ccd   Thumb Code     6  stm32f4xx_it.o(i.DMA2_Stream1_IRQHandler)
    DMA2_Stream2_IRQHandler                  0x08000cd9   Thumb Code     6  stm32f4xx_it.o(i.DMA2_Stream2_IRQHandler)
    DMA2_Stream6_IRQHandler                  0x08000ce5   Thumb Code     6  stm32f4xx_it.o(i.DMA2_Stream6_IRQHandler)
    DMA2_Stream7_IRQHandler                  0x08000cf1   Thumb Code     6  stm32f4xx_it.o(i.DMA2_Stream7_IRQHandler)
    DebugMon_Handler                         0x08000da1   Thumb Code     2  stm32f4xx_it.o(i.DebugMon_Handler)
    Error_Handler                            0x08000da3   Thumb Code     4  main.o(i.Error_Handler)
    GetControlMode                           0x08000da9   Thumb Code     6  task_statemachine.o(i.GetControlMode)
    GetPCMode                                0x08000db5   Thumb Code     6  task_statemachine.o(i.GetPCMode)
    GetSubState                              0x08000dc1   Thumb Code     6  task_statemachine.o(i.GetSubState)
    Get_CRC16_Check_Sum                      0x08000dcd   Thumb Code    38  crc_check.o(i.Get_CRC16_Check_Sum)
    Get_CRC8_Check_Sum                       0x08000df9   Thumb Code    24  crc_check.o(i.Get_CRC8_Check_Sum)
    Get_KeyBoard_Value                       0x08000e15   Thumb Code   202  remotecontrol_comm.o(i.Get_KeyBoard_Value)
    Get_Mouse_State                          0x08000ee5   Thumb Code    38  remotecontrol_comm.o(i.Get_Mouse_State)
    HAL_CAN_ActivateNotification             0x08000f11   Thumb Code    36  stm32f4xx_hal_can.o(i.HAL_CAN_ActivateNotification)
    HAL_CAN_AddTxMessage                     0x08000f35   Thumb Code   200  stm32f4xx_hal_can.o(i.HAL_CAN_AddTxMessage)
    HAL_CAN_ConfigFilter                     0x08000ffd   Thumb Code   262  stm32f4xx_hal_can.o(i.HAL_CAN_ConfigFilter)
    HAL_CAN_ErrorCallback                    0x08001109   Thumb Code     2  stm32f4xx_hal_can.o(i.HAL_CAN_ErrorCallback)
    HAL_CAN_GetRxMessage                     0x0800110b   Thumb Code   232  stm32f4xx_hal_can.o(i.HAL_CAN_GetRxMessage)
    HAL_CAN_IRQHandler                       0x080011f3   Thumb Code   508  stm32f4xx_hal_can.o(i.HAL_CAN_IRQHandler)
    HAL_CAN_Init                             0x080013ef   Thumb Code   282  stm32f4xx_hal_can.o(i.HAL_CAN_Init)
    HAL_CAN_MspInit                          0x08001509   Thumb Code   226  can.o(i.HAL_CAN_MspInit)
    HAL_CAN_RxFifo0FullCallback              0x08001605   Thumb Code     2  stm32f4xx_hal_can.o(i.HAL_CAN_RxFifo0FullCallback)
    HAL_CAN_RxFifo0MsgPendingCallback        0x08001609   Thumb Code    28  user_can.o(i.HAL_CAN_RxFifo0MsgPendingCallback)
    HAL_CAN_RxFifo1FullCallback              0x08001629   Thumb Code     2  stm32f4xx_hal_can.o(i.HAL_CAN_RxFifo1FullCallback)
    HAL_CAN_RxFifo1MsgPendingCallback        0x0800162d   Thumb Code    28  user_can.o(i.HAL_CAN_RxFifo1MsgPendingCallback)
    HAL_CAN_SleepCallback                    0x0800164d   Thumb Code     2  stm32f4xx_hal_can.o(i.HAL_CAN_SleepCallback)
    HAL_CAN_Start                            0x08001651   Thumb Code    88  stm32f4xx_hal_can.o(i.HAL_CAN_Start)
    HAL_CAN_TxMailbox0AbortCallback          0x080016a9   Thumb Code     2  stm32f4xx_hal_can.o(i.HAL_CAN_TxMailbox0AbortCallback)
    HAL_CAN_TxMailbox0CompleteCallback       0x080016ab   Thumb Code     2  stm32f4xx_hal_can.o(i.HAL_CAN_TxMailbox0CompleteCallback)
    HAL_CAN_TxMailbox1AbortCallback          0x080016ad   Thumb Code     2  stm32f4xx_hal_can.o(i.HAL_CAN_TxMailbox1AbortCallback)
    HAL_CAN_TxMailbox1CompleteCallback       0x080016af   Thumb Code     2  stm32f4xx_hal_can.o(i.HAL_CAN_TxMailbox1CompleteCallback)
    HAL_CAN_TxMailbox2AbortCallback          0x080016b1   Thumb Code     2  stm32f4xx_hal_can.o(i.HAL_CAN_TxMailbox2AbortCallback)
    HAL_CAN_TxMailbox2CompleteCallback       0x080016b3   Thumb Code     2  stm32f4xx_hal_can.o(i.HAL_CAN_TxMailbox2CompleteCallback)
    HAL_CAN_WakeUpFromRxMsgCallback          0x080016b5   Thumb Code     2  stm32f4xx_hal_can.o(i.HAL_CAN_WakeUpFromRxMsgCallback)
    HAL_DMA_Abort                            0x080016b7   Thumb Code   146  stm32f4xx_hal_dma.o(i.HAL_DMA_Abort)
    HAL_DMA_Abort_IT                         0x08001749   Thumb Code    36  stm32f4xx_hal_dma.o(i.HAL_DMA_Abort_IT)
    HAL_DMA_IRQHandler                       0x0800176d   Thumb Code   412  stm32f4xx_hal_dma.o(i.HAL_DMA_IRQHandler)
    HAL_DMA_Init                             0x0800190d   Thumb Code   206  stm32f4xx_hal_dma.o(i.HAL_DMA_Init)
    HAL_DMA_Start_IT                         0x080019e1   Thumb Code   110  stm32f4xx_hal_dma.o(i.HAL_DMA_Start_IT)
    HAL_Delay                                0x08001a51   Thumb Code    32  stm32f4xx_hal.o(i.HAL_Delay)
    HAL_GPIO_Init                            0x08001a75   Thumb Code   450  stm32f4xx_hal_gpio.o(i.HAL_GPIO_Init)
    HAL_GPIO_WritePin                        0x08001c65   Thumb Code    10  stm32f4xx_hal_gpio.o(i.HAL_GPIO_WritePin)
    HAL_GetTick                              0x08001c71   Thumb Code     6  stm32f4xx_hal.o(i.HAL_GetTick)
    HAL_IncTick                              0x08001c7d   Thumb Code    12  stm32f4xx_hal.o(i.HAL_IncTick)
    HAL_Init                                 0x08001c8d   Thumb Code    48  stm32f4xx_hal.o(i.HAL_Init)
    HAL_InitTick                             0x08001cc1   Thumb Code   134  stm32f4xx_hal_timebase_tim.o(i.HAL_InitTick)
    HAL_MspInit                              0x08001d59   Thumb Code    52  stm32f4xx_hal_msp.o(i.HAL_MspInit)
    HAL_NVIC_EnableIRQ                       0x08001d91   Thumb Code    26  stm32f4xx_hal_cortex.o(i.HAL_NVIC_EnableIRQ)
    HAL_NVIC_SetPriority                     0x08001dad   Thumb Code    60  stm32f4xx_hal_cortex.o(i.HAL_NVIC_SetPriority)
    HAL_NVIC_SetPriorityGrouping             0x08001ded   Thumb Code    26  stm32f4xx_hal_cortex.o(i.HAL_NVIC_SetPriorityGrouping)
    HAL_RCC_ClockConfig                      0x08001e11   Thumb Code   288  stm32f4xx_hal_rcc.o(i.HAL_RCC_ClockConfig)
    HAL_RCC_GetClockConfig                   0x08001f45   Thumb Code    54  stm32f4xx_hal_rcc.o(i.HAL_RCC_GetClockConfig)
    HAL_RCC_GetPCLK1Freq                     0x08001f85   Thumb Code    20  stm32f4xx_hal_rcc.o(i.HAL_RCC_GetPCLK1Freq)
    HAL_RCC_GetPCLK2Freq                     0x08001fa5   Thumb Code    20  stm32f4xx_hal_rcc.o(i.HAL_RCC_GetPCLK2Freq)
    HAL_RCC_GetSysClockFreq                  0x08001fc5   Thumb Code    88  stm32f4xx_hal_rcc.o(i.HAL_RCC_GetSysClockFreq)
    HAL_RCC_OscConfig                        0x08002029   Thumb Code   856  stm32f4xx_hal_rcc.o(i.HAL_RCC_OscConfig)
    HAL_TIMEx_BreakCallback                  0x08002395   Thumb Code     2  stm32f4xx_hal_tim_ex.o(i.HAL_TIMEx_BreakCallback)
    HAL_TIMEx_CommutCallback                 0x08002397   Thumb Code     2  stm32f4xx_hal_tim_ex.o(i.HAL_TIMEx_CommutCallback)
    HAL_TIM_Base_Init                        0x08002399   Thumb Code    90  stm32f4xx_hal_tim.o(i.HAL_TIM_Base_Init)
    HAL_TIM_Base_MspInit                     0x080023f3   Thumb Code     2  stm32f4xx_hal_tim.o(i.HAL_TIM_Base_MspInit)
    HAL_TIM_Base_Start_IT                    0x080023f5   Thumb Code   100  stm32f4xx_hal_tim.o(i.HAL_TIM_Base_Start_IT)
    HAL_TIM_IC_CaptureCallback               0x08002475   Thumb Code     2  stm32f4xx_hal_tim.o(i.HAL_TIM_IC_CaptureCallback)
    HAL_TIM_IRQHandler                       0x08002477   Thumb Code   358  stm32f4xx_hal_tim.o(i.HAL_TIM_IRQHandler)
    HAL_TIM_OC_DelayElapsedCallback          0x080025dd   Thumb Code     2  stm32f4xx_hal_tim.o(i.HAL_TIM_OC_DelayElapsedCallback)
    HAL_TIM_PWM_PulseFinishedCallback        0x080025df   Thumb Code     2  stm32f4xx_hal_tim.o(i.HAL_TIM_PWM_PulseFinishedCallback)
    HAL_TIM_PeriodElapsedCallback            0x080025e1   Thumb Code    14  main.o(i.HAL_TIM_PeriodElapsedCallback)
    HAL_TIM_TriggerCallback                  0x080025ef   Thumb Code     2  stm32f4xx_hal_tim.o(i.HAL_TIM_TriggerCallback)
    HAL_UARTEx_RxEventCallback               0x080025f1   Thumb Code     2  stm32f4xx_hal_uart.o(i.HAL_UARTEx_RxEventCallback)
    HAL_UART_ErrorCallback                   0x080025f3   Thumb Code     2  stm32f4xx_hal_uart.o(i.HAL_UART_ErrorCallback)
    HAL_UART_IRQHandler                      0x080025f5   Thumb Code   610  stm32f4xx_hal_uart.o(i.HAL_UART_IRQHandler)
    HAL_UART_Init                            0x0800285d   Thumb Code    98  stm32f4xx_hal_uart.o(i.HAL_UART_Init)
    HAL_UART_MspInit                         0x080028c1   Thumb Code   610  usart.o(i.HAL_UART_MspInit)
    HAL_UART_Receive_DMA                     0x08002b59   Thumb Code    42  stm32f4xx_hal_uart.o(i.HAL_UART_Receive_DMA)
    HAL_UART_RxCpltCallback                  0x08002b83   Thumb Code     2  stm32f4xx_hal_uart.o(i.HAL_UART_RxCpltCallback)
    HAL_UART_RxHalfCpltCallback              0x08002b85   Thumb Code     2  stm32f4xx_hal_uart.o(i.HAL_UART_RxHalfCpltCallback)
    HAL_UART_Transmit                        0x08002b89   Thumb Code   178  stm32f4xx_hal_uart.o(i.HAL_UART_Transmit)
    HAL_UART_TxCpltCallback                  0x08002c3b   Thumb Code     2  stm32f4xx_hal_uart.o(i.HAL_UART_TxCpltCallback)
    HardFault_Handler                        0x08002c3d   Thumb Code     2  stm32f4xx_it.o(i.HardFault_Handler)
    LiftMotor_BlockDetect                    0x08002c41   Thumb Code    42  motion_motor.o(i.LiftMotor_BlockDetect)
    LiftMotor_Control                        0x08002c71   Thumb Code   298  motion_motor.o(i.LiftMotor_Control)
    LiftMotor_Online_Check                   0x08002db1   Thumb Code   118  motion_motor.o(i.LiftMotor_Online_Check)
    MCU_Control_CMD                          0x08002e31   Thumb Code    16  motion_send.o(i.MCU_Control_CMD)
    MX_CAN1_Init                             0x08002e4d   Thumb Code    62  can.o(i.MX_CAN1_Init)
    MX_CAN2_Init                             0x08002e95   Thumb Code    62  can.o(i.MX_CAN2_Init)
    MX_DMA_Init                              0x08002edd   Thumb Code   120  dma.o(i.MX_DMA_Init)
    MX_FREERTOS_Init                         0x08002f59   Thumb Code    30  freertos.o(i.MX_FREERTOS_Init)
    MX_GPIO_Init                             0x08002f81   Thumb Code   148  gpio.o(i.MX_GPIO_Init)
    MX_USART1_UART_Init                      0x0800301d   Thumb Code    48  usart.o(i.MX_USART1_UART_Init)
    MX_USART3_UART_Init                      0x08003055   Thumb Code    46  usart.o(i.MX_USART3_UART_Init)
    MX_USART6_UART_Init                      0x08003091   Thumb Code    48  usart.o(i.MX_USART6_UART_Init)
    Manual_Control                           0x080030c9   Thumb Code   314  motion_motor.o(i.Manual_Control)
    Manual_InPosition                        0x08003221   Thumb Code    42  motion_pick.o(i.Manual_InPosition)
    Manual_Lift_Control                      0x08003259   Thumb Code   726  motion_pick.o(i.Manual_Lift_Control)
    MemManage_Handler                        0x08003569   Thumb Code     2  stm32f4xx_it.o(i.MemManage_Handler)
    MotorBlockDetect                         0x0800356d   Thumb Code   360  motion_motor.o(i.MotorBlockDetect)
    Motor_Calibrate                          0x080036e1   Thumb Code    62  motion_motor.o(i.Motor_Calibrate)
    Motor_Control                            0x08003735   Thumb Code    14  task_motorcontrol.o(i.Motor_Control)
    Motor_InPosition                         0x08003745   Thumb Code   126  motion_motor.o(i.Motor_InPosition)
    MotortypeRegister                        0x080037c3   Thumb Code    24  motor.o(i.MotortypeRegister)
    NMI_Handler                              0x080037db   Thumb Code     2  stm32f4xx_it.o(i.NMI_Handler)
    PID_Parameter_Init                       0x080037dd   Thumb Code   114  pid.o(i.PID_Parameter_Init)
    PID_clear                                0x08003855   Thumb Code    56  pid.o(i.PID_clear)
    Pid_cal                                  0x08003891   Thumb Code   306  pid.o(i.Pid_cal)
    RC_IRQHandler                            0x080039c9   Thumb Code   150  remotecontrol_comm.o(i.RC_IRQHandler)
    RefereeReceive                           0x08003c29   Thumb Code    82  judge_comm.o(i.RefereeReceive)
    Referee_IDLECallback                     0x08003c81   Thumb Code    72  judge_comm.o(i.Referee_IDLECallback)
    Referee_Receive_Data_Processing          0x08003cc9   Thumb Code   326  judge_comm.o(i.Referee_Receive_Data_Processing)
    Set_Lift_Target                          0x08003e19   Thumb Code    64  motion_motor.o(i.Set_Lift_Target)
    StateMachine_Init                        0x08003e61   Thumb Code    14  task_statemachine.o(i.StateMachine_Init)
    SysTick_Handler                          0x08003e75   Thumb Code    38  port.o(i.SysTick_Handler)
    SystemClock_Config                       0x08003ea1   Thumb Code   140  main.o(i.SystemClock_Config)
    SystemInit                               0x08003f35   Thumb Code    12  system_stm32f4xx.o(i.SystemInit)
    TIM2_IRQHandler                          0x08003f45   Thumb Code     6  stm32f4xx_it.o(i.TIM2_IRQHandler)
    TIM_Base_SetConfig                       0x08003f51   Thumb Code   156  stm32f4xx_hal_tim.o(i.TIM_Base_SetConfig)
    Task_CAN                                 0x08004019   Thumb Code    74  task_can.o(i.Task_CAN)
    Task_Init                                0x08004079   Thumb Code   100  task_init.o(i.Task_Init)
    Task_MotorControl                        0x08004121   Thumb Code   150  task_motorcontrol.o(i.Task_MotorControl)
    Task_StateMachine                        0x080041cd   Thumb Code   124  task_statemachine.o(i.Task_StateMachine)
    UART_Start_Receive_DMA                   0x0800458d   Thumb Code   134  stm32f4xx_hal_uart.o(i.UART_Start_Receive_DMA)
    USART1_IRQHandler                        0x08004699   Thumb Code    18  stm32f4xx_it.o(i.USART1_IRQHandler)
    USART3_IRQHandler                        0x080046b1   Thumb Code    18  stm32f4xx_it.o(i.USART3_IRQHandler)
    USART6_IRQHandler                        0x080046c9   Thumb Code    18  stm32f4xx_it.o(i.USART6_IRQHandler)
    UartComm_CallBack                        0x080046e1   Thumb Code   116  uart_comm.o(i.UartComm_CallBack)
    UartComm_Process                         0x08004761   Thumb Code   326  uart_comm.o(i.UartComm_Process)
    Uart_Send                                0x0800491d   Thumb Code    28  motion_send.o(i.Uart_Send)
    UpdataChassisState                       0x08004941   Thumb Code  4164  motion_chassis.o(i.UpdataChassisState)
    UsageFault_Handler                       0x08005a4d   Thumb Code     2  stm32f4xx_it.o(i.UsageFault_Handler)
    Verify_CRC16_Check_Sum                   0x08005a51   Thumb Code    54  crc_check.o(i.Verify_CRC16_Check_Sum)
    Verify_CRC8_Check_Sum                    0x08005a8d   Thumb Code    38  crc_check.o(i.Verify_CRC8_Check_Sum)
    __ARM_fpclassify                         0x08005ab3   Thumb Code    48  fpclassify.o(i.__ARM_fpclassify)
    __hardfp_cos                             0x08005b09   Thumb Code   180  cos.o(i.__hardfp_cos)
    __hardfp_sin                             0x08005bd1   Thumb Code   180  sin.o(i.__hardfp_sin)
    __ieee754_rem_pio2                       0x08005c99   Thumb Code   938  rred.o(i.__ieee754_rem_pio2)
    __kernel_cos                             0x080060d1   Thumb Code   322  cos_i.o(i.__kernel_cos)
    __kernel_poly                            0x08006241   Thumb Code   248  poly.o(i.__kernel_poly)
    __kernel_sin                             0x08006339   Thumb Code   280  sin_i.o(i.__kernel_sin)
    __mathlib_dbl_infnan                     0x08006469   Thumb Code    20  dunder.o(i.__mathlib_dbl_infnan)
    __mathlib_dbl_invalid                    0x08006481   Thumb Code    24  dunder.o(i.__mathlib_dbl_invalid)
    __mathlib_dbl_underflow                  0x080064a1   Thumb Code    24  dunder.o(i.__mathlib_dbl_underflow)
    fabs                                     0x080064c1   Thumb Code    24  fabs.o(i.fabs)
    main                                     0x080064d9   Thumb Code    46  main.o(i.main)
    osKernelStart                            0x08006513   Thumb Code    10  cmsis_os.o(i.osKernelStart)
    osThreadCreate                           0x0800651d   Thumb Code    84  cmsis_os.o(i.osThreadCreate)
    pvPortMalloc                             0x08006a09   Thumb Code   216  heap_4.o(i.pvPortMalloc)
    pxPortInitialiseStack                    0x08006ae5   Thumb Code    40  port.o(i.pxPortInitialiseStack)
    ulTaskNotifyTake                         0x08006b11   Thumb Code    96  tasks.o(i.ulTaskNotifyTake)
    uxListRemove                             0x08006b79   Thumb Code    38  list.o(i.uxListRemove)
    vApplicationGetIdleTaskMemory            0x08006ba1   Thumb Code    16  freertos.o(i.vApplicationGetIdleTaskMemory)
    vListInitialise                          0x08006bb5   Thumb Code    22  list.o(i.vListInitialise)
    vListInitialiseItem                      0x08006bcb   Thumb Code     6  list.o(i.vListInitialiseItem)
    vListInsert                              0x08006bd1   Thumb Code    48  list.o(i.vListInsert)
    vListInsertEnd                           0x08006c01   Thumb Code    24  list.o(i.vListInsertEnd)
    vPortEnterCritical                       0x08006c19   Thumb Code    54  port.o(i.vPortEnterCritical)
    vPortExitCritical                        0x08006c59   Thumb Code    34  port.o(i.vPortExitCritical)
    vPortFree                                0x08006c81   Thumb Code    94  heap_4.o(i.vPortFree)
    vPortSetupTimerInterrupt                 0x08006ce5   Thumb Code    32  port.o(i.vPortSetupTimerInterrupt)
    vPortValidateInterruptPriority           0x08006d09   Thumb Code    74  port.o(i.vPortValidateInterruptPriority)
    vTaskDelayUntil                          0x08006d5d   Thumb Code   132  tasks.o(i.vTaskDelayUntil)
    vTaskDelete                              0x08006de9   Thumb Code   158  tasks.o(i.vTaskDelete)
    vTaskInternalSetTimeOutState             0x08006e95   Thumb Code    12  tasks.o(i.vTaskInternalSetTimeOutState)
    vTaskMissedYield                         0x08006ea5   Thumb Code     8  tasks.o(i.vTaskMissedYield)
    vTaskNotifyGiveFromISR                   0x08006eb1   Thumb Code   172  tasks.o(i.vTaskNotifyGiveFromISR)
    vTaskPlaceOnEventList                    0x08006f65   Thumb Code    44  tasks.o(i.vTaskPlaceOnEventList)
    vTaskStartScheduler                      0x08006f95   Thumb Code    90  tasks.o(i.vTaskStartScheduler)
    vTaskSuspendAll                          0x08007001   Thumb Code    10  tasks.o(i.vTaskSuspendAll)
    vTaskSwitchContext                       0x08007011   Thumb Code    82  tasks.o(i.vTaskSwitchContext)
    xPortStartScheduler                      0x0800706d   Thumb Code   222  port.o(i.xPortStartScheduler)
    xQueueGenericCreate                      0x08007161   Thumb Code    66  queue.o(i.xQueueGenericCreate)
    xQueueGenericReset                       0x080071a5   Thumb Code   132  queue.o(i.xQueueGenericReset)
    xQueueGenericSend                        0x0800722d   Thumb Code   346  queue.o(i.xQueueGenericSend)
    xQueueReceive                            0x0800738d   Thumb Code   308  queue.o(i.xQueueReceive)
    xTaskCheckForTimeOut                     0x080074c5   Thumb Code   112  tasks.o(i.xTaskCheckForTimeOut)
    xTaskCreate                              0x08007539   Thumb Code    90  tasks.o(i.xTaskCreate)
    xTaskCreateStatic                        0x08007593   Thumb Code    86  tasks.o(i.xTaskCreateStatic)
    xTaskGetSchedulerState                   0x080075e9   Thumb Code    22  tasks.o(i.xTaskGetSchedulerState)
    xTaskGetTickCount                        0x08007605   Thumb Code     6  tasks.o(i.xTaskGetTickCount)
    xTaskIncrementTick                       0x08007611   Thumb Code   194  tasks.o(i.xTaskIncrementTick)
    xTaskPriorityDisinherit                  0x080076dd   Thumb Code   144  tasks.o(i.xTaskPriorityDisinherit)
    xTaskRemoveFromEventList                 0x08007775   Thumb Code   108  tasks.o(i.xTaskRemoveFromEventList)
    xTaskResumeAll                           0x080077e9   Thumb Code   182  tasks.o(i.xTaskResumeAll)
    __aeabi_dneg                             0x080078ad   Thumb Code     0  basic.o(x$fpl$basic)
    _dneg                                    0x080078ad   Thumb Code     6  basic.o(x$fpl$basic)
    __aeabi_fneg                             0x080078b3   Thumb Code     0  basic.o(x$fpl$basic)
    _fneg                                    0x080078b3   Thumb Code     6  basic.o(x$fpl$basic)
    _dabs                                    0x080078b9   Thumb Code     6  basic.o(x$fpl$basic)
    _fabs                                    0x080078bf   Thumb Code     6  basic.o(x$fpl$basic)
    __aeabi_d2f                              0x080078c5   Thumb Code     0  d2f.o(x$fpl$d2f)
    _d2f                                     0x080078c5   Thumb Code    98  d2f.o(x$fpl$d2f)
    __aeabi_dadd                             0x08007929   Thumb Code     0  daddsub_clz.o(x$fpl$dadd)
    _dadd                                    0x08007929   Thumb Code   332  daddsub_clz.o(x$fpl$dadd)
    __aeabi_ddiv                             0x08007a79   Thumb Code     0  ddiv.o(x$fpl$ddiv)
    _ddiv                                    0x08007a79   Thumb Code   552  ddiv.o(x$fpl$ddiv)
    __aeabi_d2iz                             0x08007d29   Thumb Code     0  dfix.o(x$fpl$dfix)
    _dfix                                    0x08007d29   Thumb Code    94  dfix.o(x$fpl$dfix)
    __aeabi_i2d                              0x08007d87   Thumb Code     0  dflt_clz.o(x$fpl$dflt)
    _dflt                                    0x08007d87   Thumb Code    46  dflt_clz.o(x$fpl$dflt)
    __aeabi_ui2d                             0x08007db5   Thumb Code     0  dflt_clz.o(x$fpl$dfltu)
    _dfltu                                   0x08007db5   Thumb Code    38  dflt_clz.o(x$fpl$dfltu)
    __aeabi_dmul                             0x08007ddd   Thumb Code     0  dmul.o(x$fpl$dmul)
    _dmul                                    0x08007ddd   Thumb Code   332  dmul.o(x$fpl$dmul)
    __fpl_dnaninf                            0x08007f31   Thumb Code   156  dnaninf.o(x$fpl$dnaninf)
    __fpl_dretinf                            0x08007fcd   Thumb Code    12  dretinf.o(x$fpl$dretinf)
    __aeabi_drsub                            0x08007fd9   Thumb Code     0  daddsub_clz.o(x$fpl$drsb)
    _drsb                                    0x08007fd9   Thumb Code    22  daddsub_clz.o(x$fpl$drsb)
    __aeabi_dsub                             0x08007ff1   Thumb Code     0  daddsub_clz.o(x$fpl$dsub)
    _dsub                                    0x08007ff1   Thumb Code   464  daddsub_clz.o(x$fpl$dsub)
    __aeabi_f2d                              0x080081c5   Thumb Code     0  f2d.o(x$fpl$f2d)
    _f2d                                     0x080081c5   Thumb Code    86  f2d.o(x$fpl$f2d)
    __fpl_fnaninf                            0x0800821b   Thumb Code   140  fnaninf.o(x$fpl$fnaninf)
    _fp_init                                 0x080082a7   Thumb Code    10  fpinit.o(x$fpl$fpinit)
    __fplib_config_fpu_vfp                   0x080082af   Thumb Code     0  fpinit.o(x$fpl$fpinit)
    __fplib_config_pureend_doubles           0x080082af   Thumb Code     0  fpinit.o(x$fpl$fpinit)
    __fpl_fretinf                            0x080082b1   Thumb Code    10  fretinf.o(x$fpl$fretinf)
    CRC8_TAB                                 0x080082ba   Data         256  crc_check.o(.constdata)
    __I$use$fp                               0x080082ba   Number         0  usenofp.o(x$fpl$usenofp)
    wCRC_Table                               0x080083ba   Data         512  crc_check.o(.constdata)
    LiftLSpeedPIDparameter                   0x080085bc   Data          12  motion_motor.o(.constdata)
    LiftLPosPIDparameter                     0x080085c8   Data          12  motion_motor.o(.constdata)
    LiftRSpeedPIDparameter                   0x080085d4   Data          12  motion_motor.o(.constdata)
    LiftRPosPIDparameter                     0x080085e0   Data          12  motion_motor.o(.constdata)
    LiftLTwistPIDparameter                   0x080085ec   Data          12  motion_motor.o(.constdata)
    LiftRTwistPIDparameter                   0x080085f8   Data          12  motion_motor.o(.constdata)
    AHBPrescTable                            0x08008634   Data          16  system_stm32f4xx.o(.constdata)
    APBPrescTable                            0x08008644   Data           8  system_stm32f4xx.o(.constdata)
    Region$$Table$$Base                      0x0800877c   Number         0  anon$$obj.o(Region$$Table)
    Region$$Table$$Limit                     0x0800879c   Number         0  anon$$obj.o(Region$$Table)
    CRC_INIT                                 0x20000000   Data           2  crc_check.o(.data)
    ext_game_result                          0x20000002   Data           1  judge_comm.o(.data)
    ext_dart_remaining_time                  0x20000003   Data           1  judge_comm.o(.data)
    ext_buff                                 0x20000004   Data           1  judge_comm.o(.data)
    aerial_robot_energy                      0x20000005   Data           1  judge_comm.o(.data)
    ext_robot_hurt                           0x20000006   Data           1  judge_comm.o(.data)
    ext_referee_warning                      0x20000007   Data           2  judge_comm.o(.data)
    ext_dart_status                          0x20000009   Data           3  judge_comm.o(.data)
    ext_event_data                           0x2000000c   Data           4  judge_comm.o(.data)
    ext_supply_projectile_action             0x20000010   Data           4  judge_comm.o(.data)
    ext_rfid_status                          0x20000014   Data           4  judge_comm.o(.data)
    ext_bullet_remaining                     0x20000018   Data           6  judge_comm.o(.data)
    ext_shoot_data                           0x2000001e   Data           7  judge_comm.o(.data)
    UartReceive_Counter                      0x20000026   Data           1  uart_comm.o(.data)
    ChassisMotor_Online                      0x20000028   Data           1  motion_motor.o(.data)
    LiftMotor_Online                         0x20000029   Data           1  motion_motor.o(.data)
    LiftR_G                                  0x2000002a   Data           1  motion_motor.o(.data)
    LiftL_G                                  0x2000002b   Data           1  motion_motor.o(.data)
    Chassis1_G                               0x2000002c   Data           1  motion_motor.o(.data)
    Chassis2_G                               0x2000002d   Data           1  motion_motor.o(.data)
    Chassis3_G                               0x2000002e   Data           1  motion_motor.o(.data)
    Chassis4_G                               0x2000002f   Data           1  motion_motor.o(.data)
    Lift_Motor_BlockFlag                     0x20000030   Data           1  motion_motor.o(.data)
    Lift_Motor_BlockFinish                   0x20000031   Data           1  motion_motor.o(.data)
    Twist_Angle                              0x20000038   Data           4  motion_motor.o(.data)
    Motor_Define                             0x2000003c   Data           1  motion_motor.o(.data)
    Auto_Chassis_Flag                        0x2000003e   Data           1  motion_chassis.o(.data)
    Spin_State                               0x2000003f   Data           1  motion_chassis.o(.data)
    Chassis_Follow_W                         0x20000040   Data           2  motion_chassis.o(.data)
    Chassis_Offset                           0x20000042   Data           2  motion_chassis.o(.data)
    Lift_State                               0x20000044   Data           1  motion_pick.o(.data)
    Lift_Motor_InPosition                    0x20000045   Data           1  motion_pick.o(.data)
    Pitch_Incline                            0x20000048   Data           4  motion_pick.o(.data)
    Lift_Angle                               0x2000004c   Data          80  motion_pick.o(.data)
    Gimbal_State                             0x2000009c   Data           1  motion_pick.o(.data)
    Yaw_Incline                              0x200000a0   Data           4  motion_pick.o(.data)
    start_time3                              0x200000a4   Data           4  task_can.o(.data)
    can                                      0x200000a8   Data           4  task_can.o(.data)
    STATEMACHINE_TASK_Handle                 0x200000ac   Data           4  task_init.o(.data)
    CAN_TASK_Handle                          0x200000b0   Data           4  task_init.o(.data)
    MOTORCONTROL_TASK_Handle                 0x200000b4   Data           4  task_init.o(.data)
    Queue_CANSend                            0x200000b8   Data           4  task_init.o(.data)
    MotorCount                               0x200000bc   Data           1  task_motorcontrol.o(.data)
    start_time2                              0x200000c0   Data           4  task_motorcontrol.o(.data)
    control                                  0x200000c4   Data           4  task_motorcontrol.o(.data)
    MainState                                0x200000c8   Data           1  task_statemachine.o(.data)
    SubState                                 0x200000c9   Data           1  task_statemachine.o(.data)
    ControlMode                              0x200000ca   Data           1  task_statemachine.o(.data)
    PCMode                                   0x200000cb   Data           1  task_statemachine.o(.data)
    SubState_Last                            0x200000cc   Data           1  task_statemachine.o(.data)
    Roller_State                             0x200000d6   Data           3  task_statemachine.o(.data)
    StickL_Vert                              0x200000d9   Data           3  task_statemachine.o(.data)
    StickL_Hori                              0x200000dc   Data           3  task_statemachine.o(.data)
    StickR_Vert                              0x200000df   Data           3  task_statemachine.o(.data)
    StickR_Hori                              0x200000e2   Data           3  task_statemachine.o(.data)
    W                                        0x200000e5   Data           3  task_statemachine.o(.data)
    S                                        0x200000e8   Data           3  task_statemachine.o(.data)
    D                                        0x200000eb   Data           3  task_statemachine.o(.data)
    A                                        0x200000ee   Data           3  task_statemachine.o(.data)
    Q                                        0x200000f1   Data           3  task_statemachine.o(.data)
    E                                        0x200000f4   Data           3  task_statemachine.o(.data)
    R                                        0x200000f7   Data           3  task_statemachine.o(.data)
    F                                        0x200000fa   Data           3  task_statemachine.o(.data)
    G                                        0x200000fd   Data           3  task_statemachine.o(.data)
    Z                                        0x20000100   Data           3  task_statemachine.o(.data)
    X                                        0x20000103   Data           3  task_statemachine.o(.data)
    C                                        0x20000106   Data           3  task_statemachine.o(.data)
    V                                        0x20000109   Data           3  task_statemachine.o(.data)
    B                                        0x2000010c   Data           3  task_statemachine.o(.data)
    CTRL                                     0x2000010f   Data           3  task_statemachine.o(.data)
    SHIFT                                    0x20000112   Data           3  task_statemachine.o(.data)
    Mouse_Left                               0x20000115   Data           3  task_statemachine.o(.data)
    Mouse_Right                              0x20000118   Data           3  task_statemachine.o(.data)
    Out_X                                    0x2000011c   Data           4  task_statemachine.o(.data)
    Out_Y                                    0x20000120   Data           4  task_statemachine.o(.data)
    start_time1                              0x20000138   Data           4  task_statemachine.o(.data)
    state                                    0x2000013c   Data           4  task_statemachine.o(.data)
    CH_LeftVert_Value                        0x20000140   Data           4  task_statemachine.o(.data)
    CH_LeftHori_Value                        0x20000144   Data           4  task_statemachine.o(.data)
    CH_RightVert_Value                       0x20000148   Data           4  task_statemachine.o(.data)
    CH_RightHori_Value                       0x2000014c   Data           4  task_statemachine.o(.data)
    defaultTaskHandle                        0x20000150   Data           4  freertos.o(.data)
    uwTickFreq                               0x20000158   Data           1  stm32f4xx_hal.o(.data)
    uwTickPrio                               0x2000015c   Data           4  stm32f4xx_hal.o(.data)
    uwTick                                   0x20000160   Data           4  stm32f4xx_hal.o(.data)
    SystemCoreClock                          0x20000164   Data           4  system_stm32f4xx.o(.data)
    pxCurrentTCB                             0x20000168   Data           4  tasks.o(.data)
    Judge_Receive_Buffer                     0x200001d0   Data         130  judge_comm.o(.bss)
    ext_game_state                           0x20000252   Data          11  judge_comm.o(.bss)
    ext_game_robot_HP                        0x2000025d   Data          32  judge_comm.o(.bss)
    ext_game_robot_state                     0x2000027d   Data          27  judge_comm.o(.bss)
    ext_power_heat_data                      0x20000298   Data          16  judge_comm.o(.bss)
    ext_game_robot_pos                       0x200002a8   Data          16  judge_comm.o(.bss)
    ext_dart_client_cmd                      0x200002b8   Data          12  judge_comm.o(.bss)
    ext_video_transmitter                    0x200002c4   Data          12  judge_comm.o(.bss)
    RCBuffer                                 0x200002d0   Data          40  remotecontrol_comm.o(.bss)
    Remote_controler                         0x200002f8   Data          92  remotecontrol_comm.o(.bss)
    UartReceive_Data                         0x20000354   Data          44  uart_comm.o(.bss)
    ChassisMotor                             0x200003a0   Data         304  motion_motor.o(.bss)
    LiftL_Motor                              0x200004d0   Data          76  motion_motor.o(.bss)
    LiftR_Motor                              0x2000051c   Data          76  motion_motor.o(.bss)
    Chassis_Pid                              0x20000568   Data         336  motion_motor.o(.bss)
    LiftL_Speed_Pid                          0x200006b8   Data          84  motion_motor.o(.bss)
    LiftL_Position_Pid                       0x2000070c   Data          84  motion_motor.o(.bss)
    LiftR_Speed_Pid                          0x20000760   Data          84  motion_motor.o(.bss)
    LiftR_Position_Pid                       0x200007b4   Data          84  motion_motor.o(.bss)
    LiftL_Twist_Pid                          0x20000808   Data          84  motion_motor.o(.bss)
    LiftR_Twist_Pid                          0x2000085c   Data          84  motion_motor.o(.bss)
    Chassis                                  0x200008b0   Data          12  motion_chassis.o(.bss)
    UartSend_Data                            0x200008bc   Data          12  motion_send.o(.bss)
    CAN_Tx_Msg                               0x200008c8   Data          16  task_can.o(.bss)
    hcan1                                    0x20000b2c   Data          40  can.o(.bss)
    hcan2                                    0x20000b54   Data          40  can.o(.bss)
    huart1                                   0x20000b7c   Data          68  usart.o(.bss)
    huart3                                   0x20000bc0   Data          68  usart.o(.bss)
    huart6                                   0x20000c04   Data          68  usart.o(.bss)
    hdma_usart1_rx                           0x20000c48   Data          96  usart.o(.bss)
    hdma_usart1_tx                           0x20000ca8   Data          96  usart.o(.bss)
    hdma_usart3_rx                           0x20000d08   Data          96  usart.o(.bss)
    hdma_usart6_rx                           0x20000d68   Data          96  usart.o(.bss)
    hdma_usart6_tx                           0x20000dc8   Data          96  usart.o(.bss)
    htim2                                    0x20000e28   Data          72  stm32f4xx_hal_timebase_tim.o(.bss)
    __libspace_start                         0x20004b60   Data          96  libspace.o(.bss)
    __temporary_stack_top$libspace           0x20004bc0   Data           0  libspace.o(.bss)



==============================================================================

Memory Map of the image

  Image Entry point : 0x08000189

  Load Region LR_IROM1 (Base: 0x08000000, Size: 0x0000896c, Max: 0x00100000, ABSOLUTE, COMPRESSED[0x000087e8])

    Execution Region ER_IROM1 (Exec base: 0x08000000, Load base: 0x08000000, Size: 0x0000879c, Max: 0x00100000, ABSOLUTE)

    Exec Addr    Load Addr    Size         Type   Attr      Idx    E Section Name        Object

    0x08000000   0x08000000   0x00000188   Data   RO            3    RESET               startup_stm32f407xx.o
    0x08000188   0x08000188   0x00000008   Code   RO         5894  * !!!main             c_w.l(__main.o)
    0x08000190   0x08000190   0x00000034   Code   RO         6171    !!!scatter          c_w.l(__scatter.o)
    0x080001c4   0x080001c4   0x0000005a   Code   RO         6169    !!dczerorl2         c_w.l(__dczerorl2.o)
    0x0800021e   0x0800021e   0x00000002   PAD
    0x08000220   0x08000220   0x0000001c   Code   RO         6173    !!handler_zi        c_w.l(__scatter_zi.o)
    0x0800023c   0x0800023c   0x00000002   Code   RO         6042    .ARM.Collect$$libinit$$00000000  c_w.l(libinit.o)
    0x0800023e   0x0800023e   0x00000004   Code   RO         6051    .ARM.Collect$$libinit$$00000001  c_w.l(libinit2.o)
    0x08000242   0x08000242   0x00000000   Code   RO         6054    .ARM.Collect$$libinit$$00000004  c_w.l(libinit2.o)
    0x08000242   0x08000242   0x00000000   Code   RO         6057    .ARM.Collect$$libinit$$0000000A  c_w.l(libinit2.o)
    0x08000242   0x08000242   0x00000000   Code   RO         6059    .ARM.Collect$$libinit$$0000000C  c_w.l(libinit2.o)
    0x08000242   0x08000242   0x00000000   Code   RO         6061    .ARM.Collect$$libinit$$0000000E  c_w.l(libinit2.o)
    0x08000242   0x08000242   0x00000000   Code   RO         6064    .ARM.Collect$$libinit$$00000011  c_w.l(libinit2.o)
    0x08000242   0x08000242   0x00000000   Code   RO         6066    .ARM.Collect$$libinit$$00000013  c_w.l(libinit2.o)
    0x08000242   0x08000242   0x00000000   Code   RO         6068    .ARM.Collect$$libinit$$00000015  c_w.l(libinit2.o)
    0x08000242   0x08000242   0x00000000   Code   RO         6070    .ARM.Collect$$libinit$$00000017  c_w.l(libinit2.o)
    0x08000242   0x08000242   0x00000000   Code   RO         6072    .ARM.Collect$$libinit$$00000019  c_w.l(libinit2.o)
    0x08000242   0x08000242   0x00000000   Code   RO         6074    .ARM.Collect$$libinit$$0000001B  c_w.l(libinit2.o)
    0x08000242   0x08000242   0x00000000   Code   RO         6076    .ARM.Collect$$libinit$$0000001D  c_w.l(libinit2.o)
    0x08000242   0x08000242   0x00000000   Code   RO         6078    .ARM.Collect$$libinit$$0000001F  c_w.l(libinit2.o)
    0x08000242   0x08000242   0x00000000   Code   RO         6080    .ARM.Collect$$libinit$$00000021  c_w.l(libinit2.o)
    0x08000242   0x08000242   0x00000000   Code   RO         6082    .ARM.Collect$$libinit$$00000023  c_w.l(libinit2.o)
    0x08000242   0x08000242   0x00000000   Code   RO         6084    .ARM.Collect$$libinit$$00000025  c_w.l(libinit2.o)
    0x08000242   0x08000242   0x00000000   Code   RO         6088    .ARM.Collect$$libinit$$0000002C  c_w.l(libinit2.o)
    0x08000242   0x08000242   0x00000000   Code   RO         6090    .ARM.Collect$$libinit$$0000002E  c_w.l(libinit2.o)
    0x08000242   0x08000242   0x00000000   Code   RO         6092    .ARM.Collect$$libinit$$00000030  c_w.l(libinit2.o)
    0x08000242   0x08000242   0x00000000   Code   RO         6094    .ARM.Collect$$libinit$$00000032  c_w.l(libinit2.o)
    0x08000242   0x08000242   0x00000002   Code   RO         6095    .ARM.Collect$$libinit$$00000033  c_w.l(libinit2.o)
    0x08000244   0x08000244   0x00000002   Code   RO         6126    .ARM.Collect$$libshutdown$$00000000  c_w.l(libshutdown.o)
    0x08000246   0x08000246   0x00000000   Code   RO         6152    .ARM.Collect$$libshutdown$$00000002  c_w.l(libshutdown2.o)
    0x08000246   0x08000246   0x00000000   Code   RO         6154    .ARM.Collect$$libshutdown$$00000004  c_w.l(libshutdown2.o)
    0x08000246   0x08000246   0x00000000   Code   RO         6157    .ARM.Collect$$libshutdown$$00000007  c_w.l(libshutdown2.o)
    0x08000246   0x08000246   0x00000000   Code   RO         6160    .ARM.Collect$$libshutdown$$0000000A  c_w.l(libshutdown2.o)
    0x08000246   0x08000246   0x00000000   Code   RO         6162    .ARM.Collect$$libshutdown$$0000000C  c_w.l(libshutdown2.o)
    0x08000246   0x08000246   0x00000000   Code   RO         6165    .ARM.Collect$$libshutdown$$0000000F  c_w.l(libshutdown2.o)
    0x08000246   0x08000246   0x00000002   Code   RO         6166    .ARM.Collect$$libshutdown$$00000010  c_w.l(libshutdown2.o)
    0x08000248   0x08000248   0x00000000   Code   RO         5936    .ARM.Collect$$rtentry$$00000000  c_w.l(__rtentry.o)
    0x08000248   0x08000248   0x00000000   Code   RO         5985    .ARM.Collect$$rtentry$$00000002  c_w.l(__rtentry2.o)
    0x08000248   0x08000248   0x00000006   Code   RO         5997    .ARM.Collect$$rtentry$$00000004  c_w.l(__rtentry4.o)
    0x0800024e   0x0800024e   0x00000000   Code   RO         5987    .ARM.Collect$$rtentry$$00000009  c_w.l(__rtentry2.o)
    0x0800024e   0x0800024e   0x00000004   Code   RO         5988    .ARM.Collect$$rtentry$$0000000A  c_w.l(__rtentry2.o)
    0x08000252   0x08000252   0x00000000   Code   RO         5990    .ARM.Collect$$rtentry$$0000000C  c_w.l(__rtentry2.o)
    0x08000252   0x08000252   0x00000008   Code   RO         5991    .ARM.Collect$$rtentry$$0000000D  c_w.l(__rtentry2.o)
    0x0800025a   0x0800025a   0x00000002   Code   RO         6043    .ARM.Collect$$rtexit$$00000000  c_w.l(rtexit.o)
    0x0800025c   0x0800025c   0x00000000   Code   RO         6099    .ARM.Collect$$rtexit$$00000002  c_w.l(rtexit2.o)
    0x0800025c   0x0800025c   0x00000004   Code   RO         6100    .ARM.Collect$$rtexit$$00000003  c_w.l(rtexit2.o)
    0x08000260   0x08000260   0x00000006   Code   RO         6101    .ARM.Collect$$rtexit$$00000004  c_w.l(rtexit2.o)
    0x08000266   0x08000266   0x00000002   PAD
    0x08000268   0x08000268   0x000000be   Code   RO         5801    .emb_text           port.o
    0x08000326   0x08000326   0x00000002   PAD
    0x08000328   0x08000328   0x00000040   Code   RO            4    .text               startup_stm32f407xx.o
    0x08000368   0x08000368   0x000000ee   Code   RO         5880    .text               c_w.l(lludivv7m.o)
    0x08000456   0x08000456   0x0000008a   Code   RO         5882    .text               c_w.l(rt_memcpy_v6.o)
    0x080004e0   0x080004e0   0x00000064   Code   RO         5884    .text               c_w.l(rt_memcpy_w.o)
    0x08000544   0x08000544   0x00000010   Code   RO         5888    .text               c_w.l(aeabi_memset.o)
    0x08000554   0x08000554   0x0000004e   Code   RO         5890    .text               c_w.l(rt_memclr_w.o)
    0x080005a2   0x080005a2   0x00000006   Code   RO         5892    .text               c_w.l(heapauxi.o)
    0x080005a8   0x080005a8   0x00000016   Code   RO         5941    .text               c_w.l(_rserrno.o)
    0x080005be   0x080005be   0x00000044   Code   RO         5943    .text               c_w.l(rt_memclr.o)
    0x08000602   0x08000602   0x00000002   PAD
    0x08000604   0x08000604   0x00000008   Code   RO         6004    .text               c_w.l(rt_errno_addr_intlibspace.o)
    0x0800060c   0x0800060c   0x00000008   Code   RO         6026    .text               c_w.l(libspace.o)
    0x08000614   0x08000614   0x0000004a   Code   RO         6029    .text               c_w.l(sys_stackheap_outer.o)
    0x0800065e   0x0800065e   0x00000012   Code   RO         6031    .text               c_w.l(exit.o)
    0x08000670   0x08000670   0x0000000c   Code   RO         6096    .text               c_w.l(sys_exit.o)
    0x0800067c   0x0800067c   0x00000002   Code   RO         6115    .text               c_w.l(use_no_semi.o)
    0x0800067e   0x0800067e   0x00000000   Code   RO         6117    .text               c_w.l(indicate_semi.o)
    0x0800067e   0x0800067e   0x00000002   PAD
    0x08000680   0x08000680   0x0000004c   Code   RO          843    i.Angle_Limit       motion_motor.o
    0x080006cc   0x080006cc   0x00000040   Code   RO         1155    i.BSP_Init          task_init.o
    0x0800070c   0x0800070c   0x00000030   Code   RO          306    i.BSP_Init_JudgeComm  judge_comm.o
    0x0800073c   0x0800073c   0x0000005c   Code   RO          558    i.BSP_Init_UartComm  uart_comm.o
    0x08000798   0x08000798   0x00000038   Code   RO          844    i.BottomMotor_CMD   motion_motor.o
    0x080007d0   0x080007d0   0x000000f4   Code   RO          845    i.BottomMotor_Init  motion_motor.o
    0x080008c4   0x080008c4   0x00000028   Code   RO          846    i.Bottom_Pid_Clear  motion_motor.o
    0x080008ec   0x080008ec   0x00000002   Code   RO         1651    i.BusFault_Handler  stm32f4xx_it.o
    0x080008ee   0x080008ee   0x00000002   PAD
    0x080008f0   0x080008f0   0x0000000c   Code   RO         1652    i.CAN1_RX0_IRQHandler  stm32f4xx_it.o
    0x080008fc   0x080008fc   0x0000000c   Code   RO         1653    i.CAN2_RX1_IRQHandler  stm32f4xx_it.o
    0x08000908   0x08000908   0x00000034   Code   RO         1116    i.CANTransmit       task_can.o
    0x0800093c   0x0800093c   0x00000050   Code   RO          786    i.CAN_Init          user_can.o
    0x0800098c   0x0800098c   0x00000020   Code   RO          787    i.CAN_Recieve       user_can.o
    0x080009ac   0x080009ac   0x00000034   Code   RO          788    i.Can1Received_infoHandle  user_can.o
    0x080009e0   0x080009e0   0x00000024   Code   RO          789    i.Can2Received_infoHandle  user_can.o
    0x08000a04   0x08000a04   0x00000044   Code   RO          847    i.ChassisControl    motion_motor.o
    0x08000a48   0x08000a48   0x0000003c   Code   RO          848    i.ChassisMotor_CMD  motion_motor.o
    0x08000a84   0x08000a84   0x00000074   Code   RO          849    i.ChassisMotor_Init  motion_motor.o
    0x08000af8   0x08000af8   0x00000028   Code   RO          851    i.Chassis_Pid_Clear  motion_motor.o
    0x08000b20   0x08000b20   0x00000154   Code   RO          240    i.DIJMotor_AngleHandle  dij_motor.o
    0x08000c74   0x08000c74   0x0000004c   Code   RO          241    i.DIJMotor_ParaHandle  dij_motor.o
    0x08000cc0   0x08000cc0   0x0000000c   Code   RO         1654    i.DMA1_Stream1_IRQHandler  stm32f4xx_it.o
    0x08000ccc   0x08000ccc   0x0000000c   Code   RO         1655    i.DMA2_Stream1_IRQHandler  stm32f4xx_it.o
    0x08000cd8   0x08000cd8   0x0000000c   Code   RO         1656    i.DMA2_Stream2_IRQHandler  stm32f4xx_it.o
    0x08000ce4   0x08000ce4   0x0000000c   Code   RO         1657    i.DMA2_Stream6_IRQHandler  stm32f4xx_it.o
    0x08000cf0   0x08000cf0   0x0000000c   Code   RO         1658    i.DMA2_Stream7_IRQHandler  stm32f4xx_it.o
    0x08000cfc   0x08000cfc   0x00000028   Code   RO         2546    i.DMA_CalcBaseAndBitshift  stm32f4xx_hal_dma.o
    0x08000d24   0x08000d24   0x00000054   Code   RO         2547    i.DMA_CheckFifoParam  stm32f4xx_hal_dma.o
    0x08000d78   0x08000d78   0x00000028   Code   RO         2548    i.DMA_SetConfig     stm32f4xx_hal_dma.o
    0x08000da0   0x08000da0   0x00000002   Code   RO         1659    i.DebugMon_Handler  stm32f4xx_it.o
    0x08000da2   0x08000da2   0x00000004   Code   RO         1393    i.Error_Handler     main.o
    0x08000da6   0x08000da6   0x00000002   PAD
    0x08000da8   0x08000da8   0x0000000c   Code   RO         1251    i.GetControlMode    task_statemachine.o
    0x08000db4   0x08000db4   0x0000000c   Code   RO         1253    i.GetPCMode         task_statemachine.o
    0x08000dc0   0x08000dc0   0x0000000c   Code   RO         1254    i.GetSubState       task_statemachine.o
    0x08000dcc   0x08000dcc   0x0000002c   Code   RO           15    i.Get_CRC16_Check_Sum  crc_check.o
    0x08000df8   0x08000df8   0x0000001c   Code   RO           16    i.Get_CRC8_Check_Sum  crc_check.o
    0x08000e14   0x08000e14   0x000000d0   Code   RO          430    i.Get_KeyBoard_Value  remotecontrol_comm.o
    0x08000ee4   0x08000ee4   0x0000002c   Code   RO          434    i.Get_Mouse_State   remotecontrol_comm.o
    0x08000f10   0x08000f10   0x00000024   Code   RO         1854    i.HAL_CAN_ActivateNotification  stm32f4xx_hal_can.o
    0x08000f34   0x08000f34   0x000000c8   Code   RO         1855    i.HAL_CAN_AddTxMessage  stm32f4xx_hal_can.o
    0x08000ffc   0x08000ffc   0x0000010c   Code   RO         1856    i.HAL_CAN_ConfigFilter  stm32f4xx_hal_can.o
    0x08001108   0x08001108   0x00000002   Code   RO         1859    i.HAL_CAN_ErrorCallback  stm32f4xx_hal_can.o
    0x0800110a   0x0800110a   0x000000e8   Code   RO         1862    i.HAL_CAN_GetRxMessage  stm32f4xx_hal_can.o
    0x080011f2   0x080011f2   0x000001fc   Code   RO         1866    i.HAL_CAN_IRQHandler  stm32f4xx_hal_can.o
    0x080013ee   0x080013ee   0x0000011a   Code   RO         1867    i.HAL_CAN_Init      stm32f4xx_hal_can.o
    0x08001508   0x08001508   0x000000fc   Code   RO         1525    i.HAL_CAN_MspInit   can.o
    0x08001604   0x08001604   0x00000002   Code   RO         1874    i.HAL_CAN_RxFifo0FullCallback  stm32f4xx_hal_can.o
    0x08001606   0x08001606   0x00000002   PAD
    0x08001608   0x08001608   0x00000020   Code   RO          790    i.HAL_CAN_RxFifo0MsgPendingCallback  user_can.o
    0x08001628   0x08001628   0x00000002   Code   RO         1876    i.HAL_CAN_RxFifo1FullCallback  stm32f4xx_hal_can.o
    0x0800162a   0x0800162a   0x00000002   PAD
    0x0800162c   0x0800162c   0x00000020   Code   RO          791    i.HAL_CAN_RxFifo1MsgPendingCallback  user_can.o
    0x0800164c   0x0800164c   0x00000002   Code   RO         1878    i.HAL_CAN_SleepCallback  stm32f4xx_hal_can.o
    0x0800164e   0x0800164e   0x00000002   PAD
    0x08001650   0x08001650   0x00000058   Code   RO         1879    i.HAL_CAN_Start     stm32f4xx_hal_can.o
    0x080016a8   0x080016a8   0x00000002   Code   RO         1881    i.HAL_CAN_TxMailbox0AbortCallback  stm32f4xx_hal_can.o
    0x080016aa   0x080016aa   0x00000002   Code   RO         1882    i.HAL_CAN_TxMailbox0CompleteCallback  stm32f4xx_hal_can.o
    0x080016ac   0x080016ac   0x00000002   Code   RO         1883    i.HAL_CAN_TxMailbox1AbortCallback  stm32f4xx_hal_can.o
    0x080016ae   0x080016ae   0x00000002   Code   RO         1884    i.HAL_CAN_TxMailbox1CompleteCallback  stm32f4xx_hal_can.o
    0x080016b0   0x080016b0   0x00000002   Code   RO         1885    i.HAL_CAN_TxMailbox2AbortCallback  stm32f4xx_hal_can.o
    0x080016b2   0x080016b2   0x00000002   Code   RO         1886    i.HAL_CAN_TxMailbox2CompleteCallback  stm32f4xx_hal_can.o
    0x080016b4   0x080016b4   0x00000002   Code   RO         1888    i.HAL_CAN_WakeUpFromRxMsgCallback  stm32f4xx_hal_can.o
    0x080016b6   0x080016b6   0x00000092   Code   RO         2549    i.HAL_DMA_Abort     stm32f4xx_hal_dma.o
    0x08001748   0x08001748   0x00000024   Code   RO         2550    i.HAL_DMA_Abort_IT  stm32f4xx_hal_dma.o
    0x0800176c   0x0800176c   0x000001a0   Code   RO         2554    i.HAL_DMA_IRQHandler  stm32f4xx_hal_dma.o
    0x0800190c   0x0800190c   0x000000d4   Code   RO         2555    i.HAL_DMA_Init      stm32f4xx_hal_dma.o
    0x080019e0   0x080019e0   0x0000006e   Code   RO         2559    i.HAL_DMA_Start_IT  stm32f4xx_hal_dma.o
    0x08001a4e   0x08001a4e   0x00000002   PAD
    0x08001a50   0x08001a50   0x00000024   Code   RO         2968    i.HAL_Delay         stm32f4xx_hal.o
    0x08001a74   0x08001a74   0x000001f0   Code   RO         2442    i.HAL_GPIO_Init     stm32f4xx_hal_gpio.o
    0x08001c64   0x08001c64   0x0000000a   Code   RO         2446    i.HAL_GPIO_WritePin  stm32f4xx_hal_gpio.o
    0x08001c6e   0x08001c6e   0x00000002   PAD
    0x08001c70   0x08001c70   0x0000000c   Code   RO         2974    i.HAL_GetTick       stm32f4xx_hal.o
    0x08001c7c   0x08001c7c   0x00000010   Code   RO         2980    i.HAL_IncTick       stm32f4xx_hal.o
    0x08001c8c   0x08001c8c   0x00000034   Code   RO         2981    i.HAL_Init          stm32f4xx_hal.o
    0x08001cc0   0x08001cc0   0x00000098   Code   RO         1814    i.HAL_InitTick      stm32f4xx_hal_timebase_tim.o
    0x08001d58   0x08001d58   0x00000038   Code   RO         1790    i.HAL_MspInit       stm32f4xx_hal_msp.o
    0x08001d90   0x08001d90   0x0000001a   Code   RO         2831    i.HAL_NVIC_EnableIRQ  stm32f4xx_hal_cortex.o
    0x08001daa   0x08001daa   0x00000002   PAD
    0x08001dac   0x08001dac   0x00000040   Code   RO         2837    i.HAL_NVIC_SetPriority  stm32f4xx_hal_cortex.o
    0x08001dec   0x08001dec   0x00000024   Code   RO         2838    i.HAL_NVIC_SetPriorityGrouping  stm32f4xx_hal_cortex.o
    0x08001e10   0x08001e10   0x00000134   Code   RO         2088    i.HAL_RCC_ClockConfig  stm32f4xx_hal_rcc.o
    0x08001f44   0x08001f44   0x00000040   Code   RO         2092    i.HAL_RCC_GetClockConfig  stm32f4xx_hal_rcc.o
    0x08001f84   0x08001f84   0x00000020   Code   RO         2095    i.HAL_RCC_GetPCLK1Freq  stm32f4xx_hal_rcc.o
    0x08001fa4   0x08001fa4   0x00000020   Code   RO         2096    i.HAL_RCC_GetPCLK2Freq  stm32f4xx_hal_rcc.o
    0x08001fc4   0x08001fc4   0x00000064   Code   RO         2097    i.HAL_RCC_GetSysClockFreq  stm32f4xx_hal_rcc.o
    0x08002028   0x08002028   0x0000036c   Code   RO         2100    i.HAL_RCC_OscConfig  stm32f4xx_hal_rcc.o
    0x08002394   0x08002394   0x00000002   Code   RO         3925    i.HAL_TIMEx_BreakCallback  stm32f4xx_hal_tim_ex.o
    0x08002396   0x08002396   0x00000002   Code   RO         3926    i.HAL_TIMEx_CommutCallback  stm32f4xx_hal_tim_ex.o
    0x08002398   0x08002398   0x0000005a   Code   RO         3221    i.HAL_TIM_Base_Init  stm32f4xx_hal_tim.o
    0x080023f2   0x080023f2   0x00000002   Code   RO         3223    i.HAL_TIM_Base_MspInit  stm32f4xx_hal_tim.o
    0x080023f4   0x080023f4   0x00000080   Code   RO         3226    i.HAL_TIM_Base_Start_IT  stm32f4xx_hal_tim.o
    0x08002474   0x08002474   0x00000002   Code   RO         3255    i.HAL_TIM_IC_CaptureCallback  stm32f4xx_hal_tim.o
    0x08002476   0x08002476   0x00000166   Code   RO         3269    i.HAL_TIM_IRQHandler  stm32f4xx_hal_tim.o
    0x080025dc   0x080025dc   0x00000002   Code   RO         3272    i.HAL_TIM_OC_DelayElapsedCallback  stm32f4xx_hal_tim.o
    0x080025de   0x080025de   0x00000002   Code   RO         3299    i.HAL_TIM_PWM_PulseFinishedCallback  stm32f4xx_hal_tim.o
    0x080025e0   0x080025e0   0x0000000e   Code   RO         1394    i.HAL_TIM_PeriodElapsedCallback  main.o
    0x080025ee   0x080025ee   0x00000002   Code   RO         3312    i.HAL_TIM_TriggerCallback  stm32f4xx_hal_tim.o
    0x080025f0   0x080025f0   0x00000002   Code   RO         4203    i.HAL_UARTEx_RxEventCallback  stm32f4xx_hal_uart.o
    0x080025f2   0x080025f2   0x00000002   Code   RO         4217    i.HAL_UART_ErrorCallback  stm32f4xx_hal_uart.o
    0x080025f4   0x080025f4   0x00000268   Code   RO         4220    i.HAL_UART_IRQHandler  stm32f4xx_hal_uart.o
    0x0800285c   0x0800285c   0x00000062   Code   RO         4221    i.HAL_UART_Init     stm32f4xx_hal_uart.o
    0x080028be   0x080028be   0x00000002   PAD
    0x080028c0   0x080028c0   0x00000298   Code   RO         1598    i.HAL_UART_MspInit  usart.o
    0x08002b58   0x08002b58   0x0000002a   Code   RO         4225    i.HAL_UART_Receive_DMA  stm32f4xx_hal_uart.o
    0x08002b82   0x08002b82   0x00000002   Code   RO         4227    i.HAL_UART_RxCpltCallback  stm32f4xx_hal_uart.o
    0x08002b84   0x08002b84   0x00000002   Code   RO         4228    i.HAL_UART_RxHalfCpltCallback  stm32f4xx_hal_uart.o
    0x08002b86   0x08002b86   0x00000002   PAD
    0x08002b88   0x08002b88   0x000000b2   Code   RO         4229    i.HAL_UART_Transmit  stm32f4xx_hal_uart.o
    0x08002c3a   0x08002c3a   0x00000002   Code   RO         4232    i.HAL_UART_TxCpltCallback  stm32f4xx_hal_uart.o
    0x08002c3c   0x08002c3c   0x00000002   Code   RO         1660    i.HardFault_Handler  stm32f4xx_it.o
    0x08002c3e   0x08002c3e   0x00000002   PAD
    0x08002c40   0x08002c40   0x00000030   Code   RO          852    i.LiftMotor_BlockDetect  motion_motor.o
    0x08002c70   0x08002c70   0x00000140   Code   RO          853    i.LiftMotor_Control  motion_motor.o
    0x08002db0   0x08002db0   0x00000080   Code   RO          854    i.LiftMotor_Online_Check  motion_motor.o
    0x08002e30   0x08002e30   0x0000001c   Code   RO         1080    i.MCU_Control_CMD   motion_send.o
    0x08002e4c   0x08002e4c   0x00000048   Code   RO         1526    i.MX_CAN1_Init      can.o
    0x08002e94   0x08002e94   0x00000048   Code   RO         1527    i.MX_CAN2_Init      can.o
    0x08002edc   0x08002edc   0x0000007c   Code   RO         1573    i.MX_DMA_Init       dma.o
    0x08002f58   0x08002f58   0x00000028   Code   RO         1474    i.MX_FREERTOS_Init  freertos.o
    0x08002f80   0x08002f80   0x0000009c   Code   RO         1450    i.MX_GPIO_Init      gpio.o
    0x0800301c   0x0800301c   0x00000038   Code   RO         1599    i.MX_USART1_UART_Init  usart.o
    0x08003054   0x08003054   0x0000003c   Code   RO         1600    i.MX_USART3_UART_Init  usart.o
    0x08003090   0x08003090   0x00000038   Code   RO         1601    i.MX_USART6_UART_Init  usart.o
    0x080030c8   0x080030c8   0x00000158   Code   RO          855    i.Manual_Control    motion_motor.o
    0x08003220   0x08003220   0x00000038   Code   RO         1042    i.Manual_InPosition  motion_pick.o
    0x08003258   0x08003258   0x00000310   Code   RO         1043    i.Manual_Lift_Control  motion_pick.o
    0x08003568   0x08003568   0x00000002   Code   RO         1661    i.MemManage_Handler  stm32f4xx_it.o
    0x0800356a   0x0800356a   0x00000002   PAD
    0x0800356c   0x0800356c   0x00000174   Code   RO          857    i.MotorBlockDetect  motion_motor.o
    0x080036e0   0x080036e0   0x00000054   Code   RO          858    i.Motor_Calibrate   motion_motor.o
    0x08003734   0x08003734   0x0000000e   Code   RO         1204    i.Motor_Control     task_motorcontrol.o
    0x08003742   0x08003742   0x00000002   PAD
    0x08003744   0x08003744   0x0000007e   Code   RO          860    i.Motor_InPosition  motion_motor.o
    0x080037c2   0x080037c2   0x00000018   Code   RO          355    i.MotortypeRegister  motor.o
    0x080037da   0x080037da   0x00000002   Code   RO         1662    i.NMI_Handler       stm32f4xx_it.o
    0x080037dc   0x080037dc   0x00000078   Code   RO          379    i.PID_Parameter_Init  pid.o
    0x08003854   0x08003854   0x0000003c   Code   RO          381    i.PID_clear         pid.o
    0x08003890   0x08003890   0x00000138   Code   RO          382    i.Pid_cal           pid.o
    0x080039c8   0x080039c8   0x000000b4   Code   RO          436    i.RC_IRQHandler     remotecontrol_comm.o
    0x08003a7c   0x08003a7c   0x000001ac   Code   RO          437    i.RcDataUpdate      remotecontrol_comm.o
    0x08003c28   0x08003c28   0x00000058   Code   RO          307    i.RefereeReceive    judge_comm.o
    0x08003c80   0x08003c80   0x00000048   Code   RO          308    i.Referee_IDLECallback  judge_comm.o
    0x08003cc8   0x08003cc8   0x00000150   Code   RO          309    i.Referee_Receive_Data_Processing  judge_comm.o
    0x08003e18   0x08003e18   0x00000048   Code   RO          861    i.Set_Lift_Target   motion_motor.o
    0x08003e60   0x08003e60   0x00000014   Code   RO         1262    i.StateMachine_Init  task_statemachine.o
    0x08003e74   0x08003e74   0x0000002c   Code   RO         5802    i.SysTick_Handler   port.o
    0x08003ea0   0x08003ea0   0x00000094   Code   RO         1395    i.SystemClock_Config  main.o
    0x08003f34   0x08003f34   0x00000010   Code   RO         4550    i.SystemInit        system_stm32f4xx.o
    0x08003f44   0x08003f44   0x0000000c   Code   RO         1663    i.TIM2_IRQHandler   stm32f4xx_it.o
    0x08003f50   0x08003f50   0x000000c8   Code   RO         3314    i.TIM_Base_SetConfig  stm32f4xx_hal_tim.o
    0x08004018   0x08004018   0x00000060   Code   RO         1117    i.Task_CAN          task_can.o
    0x08004078   0x08004078   0x000000a8   Code   RO         1156    i.Task_Init         task_init.o
    0x08004120   0x08004120   0x000000ac   Code   RO         1205    i.Task_MotorControl  task_motorcontrol.o
    0x080041cc   0x080041cc   0x00000094   Code   RO         1267    i.Task_StateMachine  task_statemachine.o
    0x08004260   0x08004260   0x00000010   Code   RO         4234    i.UART_DMAAbortOnError  stm32f4xx_hal_uart.o
    0x08004270   0x08004270   0x0000004a   Code   RO         4235    i.UART_DMAError     stm32f4xx_hal_uart.o
    0x080042ba   0x080042ba   0x00000082   Code   RO         4236    i.UART_DMAReceiveCplt  stm32f4xx_hal_uart.o
    0x0800433c   0x0800433c   0x0000001a   Code   RO         4238    i.UART_DMARxHalfCplt  stm32f4xx_hal_uart.o
    0x08004356   0x08004356   0x0000004e   Code   RO         4244    i.UART_EndRxTransfer  stm32f4xx_hal_uart.o
    0x080043a4   0x080043a4   0x0000001c   Code   RO         4245    i.UART_EndTxTransfer  stm32f4xx_hal_uart.o
    0x080043c0   0x080043c0   0x000000c0   Code   RO         4246    i.UART_Receive_IT   stm32f4xx_hal_uart.o
    0x08004480   0x08004480   0x0000010c   Code   RO         4247    i.UART_SetConfig    stm32f4xx_hal_uart.o
    0x0800458c   0x0800458c   0x00000094   Code   RO         4248    i.UART_Start_Receive_DMA  stm32f4xx_hal_uart.o
    0x08004620   0x08004620   0x00000078   Code   RO         4250    i.UART_WaitOnFlagUntilTimeout  stm32f4xx_hal_uart.o
    0x08004698   0x08004698   0x00000018   Code   RO         1664    i.USART1_IRQHandler  stm32f4xx_it.o
    0x080046b0   0x080046b0   0x00000018   Code   RO         1665    i.USART3_IRQHandler  stm32f4xx_it.o
    0x080046c8   0x080046c8   0x00000018   Code   RO         1666    i.USART6_IRQHandler  stm32f4xx_it.o
    0x080046e0   0x080046e0   0x00000080   Code   RO          559    i.UartComm_CallBack  uart_comm.o
    0x08004760   0x08004760   0x000001bc   Code   RO          560    i.UartComm_Process  uart_comm.o
    0x0800491c   0x0800491c   0x00000024   Code   RO         1081    i.Uart_Send         motion_send.o
    0x08004940   0x08004940   0x00001054   Code   RO          995    i.UpdataChassisState  motion_chassis.o
    0x08005994   0x08005994   0x00000068   Code   RO          438    i.Updata_Press_time  remotecontrol_comm.o
    0x080059fc   0x080059fc   0x00000050   Code   RO          439    i.Updata_Trigger    remotecontrol_comm.o
    0x08005a4c   0x08005a4c   0x00000002   Code   RO         1667    i.UsageFault_Handler  stm32f4xx_it.o
    0x08005a4e   0x08005a4e   0x00000002   PAD
    0x08005a50   0x08005a50   0x0000003c   Code   RO           17    i.Verify_CRC16_Check_Sum  crc_check.o
    0x08005a8c   0x08005a8c   0x00000026   Code   RO           18    i.Verify_CRC8_Check_Sum  crc_check.o
    0x08005ab2   0x08005ab2   0x00000030   Code   RO         6022    i.__ARM_fpclassify  m_wm.l(fpclassify.o)
    0x08005ae2   0x08005ae2   0x00000020   Code   RO         2844    i.__NVIC_SetPriority  stm32f4xx_hal_cortex.o
    0x08005b02   0x08005b02   0x00000006   PAD
    0x08005b08   0x08005b08   0x000000c8   Code   RO         5912    i.__hardfp_cos      m_wm.l(cos.o)
    0x08005bd0   0x08005bd0   0x000000c8   Code   RO         5924    i.__hardfp_sin      m_wm.l(sin.o)
    0x08005c98   0x08005c98   0x00000438   Code   RO         5973    i.__ieee754_rem_pio2  m_wm.l(rred.o)
    0x080060d0   0x080060d0   0x00000170   Code   RO         5956    i.__kernel_cos      m_wm.l(cos_i.o)
    0x08006240   0x08006240   0x000000f8   Code   RO         6024    i.__kernel_poly     m_wm.l(poly.o)
    0x08006338   0x08006338   0x00000130   Code   RO         5978    i.__kernel_sin      m_wm.l(sin_i.o)
    0x08006468   0x08006468   0x00000014   Code   RO         5960    i.__mathlib_dbl_infnan  m_wm.l(dunder.o)
    0x0800647c   0x0800647c   0x00000004   PAD
    0x08006480   0x08006480   0x00000020   Code   RO         5962    i.__mathlib_dbl_invalid  m_wm.l(dunder.o)
    0x080064a0   0x080064a0   0x00000020   Code   RO         5965    i.__mathlib_dbl_underflow  m_wm.l(dunder.o)
    0x080064c0   0x080064c0   0x00000018   Code   RO         6018    i.fabs              m_wm.l(fabs.o)
    0x080064d8   0x080064d8   0x0000002e   Code   RO         1396    i.main              main.o
    0x08006506   0x08006506   0x0000000c   Code   RO         5367    i.makeFreeRtosPriority  cmsis_os.o
    0x08006512   0x08006512   0x0000000a   Code   RO         5372    i.osKernelStart     cmsis_os.o
    0x0800651c   0x0800651c   0x00000054   Code   RO         5406    i.osThreadCreate    cmsis_os.o
    0x08006570   0x08006570   0x00000070   Code   RO         5037    i.prvAddCurrentTaskToDelayedList  tasks.o
    0x080065e0   0x080065e0   0x000000d0   Code   RO         5038    i.prvAddNewTaskToReadyList  tasks.o
    0x080066b0   0x080066b0   0x00000026   Code   RO         4716    i.prvCopyDataFromQueue  queue.o
    0x080066d6   0x080066d6   0x0000006c   Code   RO         4717    i.prvCopyDataToQueue  queue.o
    0x08006742   0x08006742   0x00000034   Code   RO         5039    i.prvDeleteTCB      tasks.o
    0x08006776   0x08006776   0x00000002   PAD
    0x08006778   0x08006778   0x0000004c   Code   RO         5734    i.prvHeapInit       heap_4.o
    0x080067c4   0x080067c4   0x00000060   Code   RO         5040    i.prvIdleTask       tasks.o
    0x08006824   0x08006824   0x00000016   Code   RO         4719    i.prvInitialiseNewQueue  queue.o
    0x0800683a   0x0800683a   0x00000002   PAD
    0x0800683c   0x0800683c   0x000000b0   Code   RO         5041    i.prvInitialiseNewTask  tasks.o
    0x080068ec   0x080068ec   0x0000004c   Code   RO         5735    i.prvInsertBlockIntoFreeList  heap_4.o
    0x08006938   0x08006938   0x0000001c   Code   RO         4720    i.prvIsQueueEmpty   queue.o
    0x08006954   0x08006954   0x00000020   Code   RO         5042    i.prvResetNextTaskUnblockTime  tasks.o
    0x08006974   0x08006974   0x00000028   Code   RO         5803    i.prvTaskExitError  port.o
    0x0800699c   0x0800699c   0x0000006a   Code   RO         4721    i.prvUnlockQueue    queue.o
    0x08006a06   0x08006a06   0x00000002   PAD
    0x08006a08   0x08006a08   0x000000dc   Code   RO         5736    i.pvPortMalloc      heap_4.o
    0x08006ae4   0x08006ae4   0x0000002c   Code   RO         5804    i.pxPortInitialiseStack  port.o
    0x08006b10   0x08006b10   0x00000068   Code   RO         5045    i.ulTaskNotifyTake  tasks.o
    0x08006b78   0x08006b78   0x00000026   Code   RO         4679    i.uxListRemove      list.o
    0x08006b9e   0x08006b9e   0x00000002   PAD
    0x08006ba0   0x08006ba0   0x00000014   Code   RO         1476    i.vApplicationGetIdleTaskMemory  freertos.o
    0x08006bb4   0x08006bb4   0x00000016   Code   RO         4680    i.vListInitialise   list.o
    0x08006bca   0x08006bca   0x00000006   Code   RO         4681    i.vListInitialiseItem  list.o
    0x08006bd0   0x08006bd0   0x00000030   Code   RO         4682    i.vListInsert       list.o
    0x08006c00   0x08006c00   0x00000018   Code   RO         4683    i.vListInsertEnd    list.o
    0x08006c18   0x08006c18   0x00000040   Code   RO         5806    i.vPortEnterCritical  port.o
    0x08006c58   0x08006c58   0x00000028   Code   RO         5807    i.vPortExitCritical  port.o
    0x08006c80   0x08006c80   0x00000064   Code   RO         5737    i.vPortFree         heap_4.o
    0x08006ce4   0x08006ce4   0x00000024   Code   RO         5808    i.vPortSetupTimerInterrupt  port.o
    0x08006d08   0x08006d08   0x00000054   Code   RO         5809    i.vPortValidateInterruptPriority  port.o
    0x08006d5c   0x08006d5c   0x0000008c   Code   RO         5053    i.vTaskDelayUntil   tasks.o
    0x08006de8   0x08006de8   0x000000ac   Code   RO         5054    i.vTaskDelete       tasks.o
    0x08006e94   0x08006e94   0x00000010   Code   RO         5056    i.vTaskInternalSetTimeOutState  tasks.o
    0x08006ea4   0x08006ea4   0x0000000c   Code   RO         5057    i.vTaskMissedYield  tasks.o
    0x08006eb0   0x08006eb0   0x000000b4   Code   RO         5058    i.vTaskNotifyGiveFromISR  tasks.o
    0x08006f64   0x08006f64   0x00000030   Code   RO         5059    i.vTaskPlaceOnEventList  tasks.o
    0x08006f94   0x08006f94   0x0000006c   Code   RO         5066    i.vTaskStartScheduler  tasks.o
    0x08007000   0x08007000   0x00000010   Code   RO         5068    i.vTaskSuspendAll   tasks.o
    0x08007010   0x08007010   0x0000005c   Code   RO         5069    i.vTaskSwitchContext  tasks.o
    0x0800706c   0x0800706c   0x000000f4   Code   RO         5810    i.xPortStartScheduler  port.o
    0x08007160   0x08007160   0x00000042   Code   RO         4730    i.xQueueGenericCreate  queue.o
    0x080071a2   0x080071a2   0x00000002   PAD
    0x080071a4   0x080071a4   0x00000088   Code   RO         4732    i.xQueueGenericReset  queue.o
    0x0800722c   0x0800722c   0x00000160   Code   RO         4733    i.xQueueGenericSend  queue.o
    0x0800738c   0x0800738c   0x00000138   Code   RO         4740    i.xQueueReceive     queue.o
    0x080074c4   0x080074c4   0x00000074   Code   RO         5071    i.xTaskCheckForTimeOut  tasks.o
    0x08007538   0x08007538   0x0000005a   Code   RO         5072    i.xTaskCreate       tasks.o
    0x08007592   0x08007592   0x00000056   Code   RO         5073    i.xTaskCreateStatic  tasks.o
    0x080075e8   0x080075e8   0x0000001c   Code   RO         5077    i.xTaskGetSchedulerState  tasks.o
    0x08007604   0x08007604   0x0000000c   Code   RO         5078    i.xTaskGetTickCount  tasks.o
    0x08007610   0x08007610   0x000000cc   Code   RO         5080    i.xTaskIncrementTick  tasks.o
    0x080076dc   0x080076dc   0x00000098   Code   RO         5083    i.xTaskPriorityDisinherit  tasks.o
    0x08007774   0x08007774   0x00000074   Code   RO         5085    i.xTaskRemoveFromEventList  tasks.o
    0x080077e8   0x080077e8   0x000000c4   Code   RO         5086    i.xTaskResumeAll    tasks.o
    0x080078ac   0x080078ac   0x00000018   Code   RO         5945    x$fpl$basic         fz_wm.l(basic.o)
    0x080078c4   0x080078c4   0x00000062   Code   RO         5896    x$fpl$d2f           fz_wm.l(d2f.o)
    0x08007926   0x08007926   0x00000002   PAD
    0x08007928   0x08007928   0x00000150   Code   RO         5898    x$fpl$dadd          fz_wm.l(daddsub_clz.o)
    0x08007a78   0x08007a78   0x000002b0   Code   RO         6007    x$fpl$ddiv          fz_wm.l(ddiv.o)
    0x08007d28   0x08007d28   0x0000005e   Code   RO         5904    x$fpl$dfix          fz_wm.l(dfix.o)
    0x08007d86   0x08007d86   0x0000002e   Code   RO         6011    x$fpl$dflt          fz_wm.l(dflt_clz.o)
    0x08007db4   0x08007db4   0x00000026   Code   RO         6010    x$fpl$dfltu         fz_wm.l(dflt_clz.o)
    0x08007dda   0x08007dda   0x00000002   PAD
    0x08007ddc   0x08007ddc   0x00000154   Code   RO         5908    x$fpl$dmul          fz_wm.l(dmul.o)
    0x08007f30   0x08007f30   0x0000009c   Code   RO         5947    x$fpl$dnaninf       fz_wm.l(dnaninf.o)
    0x08007fcc   0x08007fcc   0x0000000c   Code   RO         5949    x$fpl$dretinf       fz_wm.l(dretinf.o)
    0x08007fd8   0x08007fd8   0x00000016   Code   RO         5899    x$fpl$drsb          fz_wm.l(daddsub_clz.o)
    0x08007fee   0x08007fee   0x00000002   PAD
    0x08007ff0   0x08007ff0   0x000001d4   Code   RO         5900    x$fpl$dsub          fz_wm.l(daddsub_clz.o)
    0x080081c4   0x080081c4   0x00000056   Code   RO         5910    x$fpl$f2d           fz_wm.l(f2d.o)
    0x0800821a   0x0800821a   0x0000008c   Code   RO         5951    x$fpl$fnaninf       fz_wm.l(fnaninf.o)
    0x080082a6   0x080082a6   0x0000000a   Code   RO         6111    x$fpl$fpinit        fz_wm.l(fpinit.o)
    0x080082b0   0x080082b0   0x0000000a   Code   RO         5953    x$fpl$fretinf       fz_wm.l(fretinf.o)
    0x080082ba   0x080082ba   0x00000000   Code   RO         5955    x$fpl$usenofp       fz_wm.l(usenofp.o)
    0x080082ba   0x080082ba   0x00000300   Data   RO           20    .constdata          crc_check.o
    0x080085ba   0x080085ba   0x00000002   PAD
    0x080085bc   0x080085bc   0x00000054   Data   RO          864    .constdata          motion_motor.o
    0x08008610   0x08008610   0x0000001c   Data   RO         1478    .constdata          freertos.o
    0x0800862c   0x0800862c   0x00000008   Data   RO         2561    .constdata          stm32f4xx_hal_dma.o
    0x08008634   0x08008634   0x00000010   Data   RO         4551    .constdata          system_stm32f4xx.o
    0x08008644   0x08008644   0x00000008   Data   RO         4552    .constdata          system_stm32f4xx.o
    0x0800864c   0x0800864c   0x00000004   PAD
    0x08008650   0x08008650   0x00000030   Data   RO         5957    .constdata          m_wm.l(cos_i.o)
    0x08008680   0x08008680   0x000000c8   Data   RO         5975    .constdata          m_wm.l(rred.o)
    0x08008748   0x08008748   0x00000028   Data   RO         5979    .constdata          m_wm.l(sin_i.o)
    0x08008770   0x08008770   0x0000000c   Data   RO         1479    .conststring        freertos.o
    0x0800877c   0x0800877c   0x00000020   Data   RO         6167    Region$$Table       anon$$obj.o


    Execution Region RW_IRAM1 (Exec base: 0x20000000, Load base: 0x0800879c, Size: 0x000057c0, Max: 0x0001c000, ABSOLUTE, COMPRESSED[0x0000004c])

    Exec Addr    Load Addr    Size         Type   Attr      Idx    E Section Name        Object

    0x20000000   COMPRESSED   0x00000002   Data   RW           21    .data               crc_check.o
    0x20000002   COMPRESSED   0x00000023   Data   RW          311    .data               judge_comm.o
    0x20000025   COMPRESSED   0x00000001   Data   RW          441    .data               remotecontrol_comm.o
    0x20000026   COMPRESSED   0x00000001   Data   RW          562    .data               uart_comm.o
    0x20000027   COMPRESSED   0x00000001   PAD
    0x20000028   COMPRESSED   0x00000014   Data   RW          865    .data               motion_motor.o
    0x2000003c   COMPRESSED   0x00000001   Data   RW          869    .data               motion_motor.o
    0x2000003d   COMPRESSED   0x00000001   PAD
    0x2000003e   COMPRESSED   0x00000006   Data   RW          997    .data               motion_chassis.o
    0x20000044   COMPRESSED   0x00000058   Data   RW         1044    .data               motion_pick.o
    0x2000009c   COMPRESSED   0x00000001   Data   RW         1045    .data               motion_pick.o
    0x2000009d   COMPRESSED   0x00000003   PAD
    0x200000a0   COMPRESSED   0x00000004   Data   RW         1046    .data               motion_pick.o
    0x200000a4   COMPRESSED   0x00000008   Data   RW         1120    .data               task_can.o
    0x200000ac   COMPRESSED   0x00000010   Data   RW         1157    .data               task_init.o
    0x200000bc   COMPRESSED   0x0000000c   Data   RW         1206    .data               task_motorcontrol.o
    0x200000c8   COMPRESSED   0x00000078   Data   RW         1269    .data               task_statemachine.o
    0x20000140   COMPRESSED   0x00000004   Data   RW         1275    .data               task_statemachine.o
    0x20000144   COMPRESSED   0x00000004   Data   RW         1276    .data               task_statemachine.o
    0x20000148   COMPRESSED   0x00000004   Data   RW         1277    .data               task_statemachine.o
    0x2000014c   COMPRESSED   0x00000004   Data   RW         1278    .data               task_statemachine.o
    0x20000150   COMPRESSED   0x00000004   Data   RW         1480    .data               freertos.o
    0x20000154   COMPRESSED   0x00000004   Data   RW         1529    .data               can.o
    0x20000158   COMPRESSED   0x0000000c   Data   RW         2988    .data               stm32f4xx_hal.o
    0x20000164   COMPRESSED   0x00000004   Data   RW         4553    .data               system_stm32f4xx.o
    0x20000168   COMPRESSED   0x0000003c   Data   RW         5089    .data               tasks.o
    0x200001a4   COMPRESSED   0x00000020   Data   RW         5743    .data               heap_4.o
    0x200001c4   COMPRESSED   0x0000000c   Data   RW         5811    .data               port.o
    0x200001d0        -       0x00000100   Zero   RW          310    .bss                judge_comm.o
    0x200002d0        -       0x00000084   Zero   RW          440    .bss                remotecontrol_comm.o
    0x20000354        -       0x0000002c   Zero   RW          561    .bss                uart_comm.o
    0x20000380        -       0x00000530   Zero   RW          863    .bss                motion_motor.o
    0x200008b0        -       0x0000000c   Zero   RW          996    .bss                motion_chassis.o
    0x200008bc        -       0x0000000c   Zero   RW         1082    .bss                motion_send.o
    0x200008c8        -       0x00000010   Zero   RW         1118    .bss                task_can.o
    0x200008d8        -       0x00000254   Zero   RW         1477    .bss                freertos.o
    0x20000b2c        -       0x00000050   Zero   RW         1528    .bss                can.o
    0x20000b7c        -       0x000002ac   Zero   RW         1602    .bss                usart.o
    0x20000e28        -       0x00000048   Zero   RW         1817    .bss                stm32f4xx_hal_timebase_tim.o
    0x20000e70        -       0x000000f0   Zero   RW         5088    .bss                tasks.o
    0x20000f60        -       0x00003c00   Zero   RW         5742    .bss                heap_4.o
    0x20004b60        -       0x00000060   Zero   RW         6027    .bss                c_w.l(libspace.o)
    0x20004bc0        -       0x00000600   Zero   RW            2    HEAP                startup_stm32f407xx.o
    0x200051c0        -       0x00000600   Zero   RW            1    STACK               startup_stm32f407xx.o


    Execution Region RW_IRAM2 (Exec base: 0x2001c000, Load base: 0x080087e8, Size: 0x00000000, Max: 0x00004000, ABSOLUTE)

    **** No section assigned to this execution region ****


==============================================================================

Image component sizes


      Code (inc. data)   RO Data    RW Data    ZI Data      Debug   Object Name

       396         46          0          4         80       2654   can.o
       106          0          0          0          0      22855   cmsis_os.o
       170         16        768          2          0     725323   crc_check.o
       416         12          0          0          0       3973   dij_motor.o
       124          4          0          0          0        910   dma.o
         0          0          0          0          0      17628   event_groups.o
        60         14         40          4        596       2103   freertos.o
       156          8          0          0          0       1091   gpio.o
       472         24          0         32      15360       7647   heap_4.o
       544         24          0         35        256       9269   judge_comm.o
       138          0          0          0          0       3746   list.o
       212          8          0          0          0      17104   main.o
      4180        198          0          6         12       3096   motion_chassis.o
      2194        176         84         21       1328      14045   motion_motor.o
       840         72          0         93          0       3735   motion_pick.o
        64         20          0          0         12       1810   motion_send.o
        24          0          0          0          0       1048   motor.o
       492         16          0          0          0       2515   pid.o
       786         82          0         12          0      12257   port.o
      1168         14          0          0          0      14051   queue.o
      1044         72          0          1        132       8537   remotecontrol_comm.o
        64         26        392          0       3072        876   startup_stm32f407xx.o
       116         18          0         12          0       8954   stm32f4xx_hal.o
      1636          6          0          0          0      14343   stm32f4xx_hal_can.o
       158         14          0          0          0      33322   stm32f4xx_hal_cortex.o
      1084         16          8          0          0       7654   stm32f4xx_hal_dma.o
       506         46          0          0          0       2296   stm32f4xx_hal_gpio.o
        56          4          0          0          0        934   stm32f4xx_hal_msp.o
      1412         86          0          0          0       6141   stm32f4xx_hal_rcc.o
       786         72          0          0          0       7696   stm32f4xx_hal_tim.o
         4          0          0          0          0       1705   stm32f4xx_hal_tim_ex.o
       152         18          0          0         72       1583   stm32f4xx_hal_timebase_tim.o
      2024         30          0          0          0      15918   stm32f4xx_hal_uart.o
       180         66          0          0          0       8785   stm32f4xx_it.o
         0          0          0          0          0        384   stream_buffer.o
        16          4         24          4          0       1231   system_stm32f4xx.o
       148         30          0          8         16       2423   task_can.o
       232         80          0         16          0       1577   task_init.o
       186         22          0         12          0       1933   task_motorcontrol.o
       204         48          0        136          0       8169   task_statemachine.o
      2564        184          0         60        240      30069   tasks.o
       664        138          0          1         44     613445   uart_comm.o
       836         84          0          0        684       3911   usart.o
       264         38          0          0          0       4173   user_can.o

    ----------------------------------------------------------------------
     26924       1836       1354        464      21904    1652919   Object Totals
         0          0         32          0          0          0   (incl. Generated)
        46          0          6          5          0          0   (incl. Padding)

    ----------------------------------------------------------------------

      Code (inc. data)   RO Data    RW Data    ZI Data      Debug   Library Member Name

        90          0          0          0          0          0   __dczerorl2.o
         8          0          0          0          0         68   __main.o
         0          0          0          0          0          0   __rtentry.o
        12          0          0          0          0          0   __rtentry2.o
         6          0          0          0          0          0   __rtentry4.o
        52          8          0          0          0          0   __scatter.o
        28          0          0          0          0          0   __scatter_zi.o
        22          0          0          0          0        100   _rserrno.o
        16          0          0          0          0         68   aeabi_memset.o
        18          0          0          0          0         80   exit.o
         6          0          0          0          0        152   heapauxi.o
         0          0          0          0          0          0   indicate_semi.o
         2          0          0          0          0          0   libinit.o
         6          0          0          0          0          0   libinit2.o
         2          0          0          0          0          0   libshutdown.o
         2          0          0          0          0          0   libshutdown2.o
         8          4          0          0         96         68   libspace.o
       238          0          0          0          0        100   lludivv7m.o
         8          4          0          0          0         68   rt_errno_addr_intlibspace.o
        68          0          0          0          0         68   rt_memclr.o
        78          0          0          0          0         80   rt_memclr_w.o
       138          0          0          0          0         68   rt_memcpy_v6.o
       100          0          0          0          0         80   rt_memcpy_w.o
         2          0          0          0          0          0   rtexit.o
        10          0          0          0          0          0   rtexit2.o
        12          4          0          0          0         68   sys_exit.o
        74          0          0          0          0         80   sys_stackheap_outer.o
         2          0          0          0          0         68   use_no_semi.o
        24          0          0          0          0        164   basic.o
        98          4          0          0          0        140   d2f.o
       826         16          0          0          0        492   daddsub_clz.o
       688        140          0          0          0        256   ddiv.o
        94          4          0          0          0        140   dfix.o
        84          0          0          0          0        232   dflt_clz.o
       340         12          0          0          0        152   dmul.o
       156          4          0          0          0        140   dnaninf.o
        12          0          0          0          0        116   dretinf.o
        86          4          0          0          0        132   f2d.o
       140          4          0          0          0        132   fnaninf.o
        10          0          0          0          0        116   fpinit.o
        10          0          0          0          0        116   fretinf.o
         0          0          0          0          0          0   usenofp.o
       200         20          0          0          0        164   cos.o
       368         46         48          0          0        200   cos_i.o
        84         16          0          0          0        372   dunder.o
        24          0          0          0          0        124   fabs.o
        48          0          0          0          0        124   fpclassify.o
       248          0          0          0          0        152   poly.o
      1080        142        200          0          0        188   rred.o
       200         20          0          0          0        164   sin.o
       304         24         40          0          0        208   sin_i.o

    ----------------------------------------------------------------------
      6150        476        288          0         96       5240   Library Totals
        18          0          0          0          0          0   (incl. Padding)

    ----------------------------------------------------------------------

      Code (inc. data)   RO Data    RW Data    ZI Data      Debug   Library Name

      1008         20          0          0         96       1216   c_w.l
      2568        188          0          0          0       2328   fz_wm.l
      2556        268        288          0          0       1696   m_wm.l

    ----------------------------------------------------------------------
      6150        476        288          0         96       5240   Library Totals

    ----------------------------------------------------------------------

==============================================================================


      Code (inc. data)   RO Data    RW Data    ZI Data      Debug   

     33074       2312       1642        464      22000    1634087   Grand Totals
     33074       2312       1642         76      22000    1634087   ELF Image Totals (compressed)
     33074       2312       1642         76          0          0   ROM Totals

==============================================================================

    Total RO  Size (Code + RO Data)                34716 (  33.90kB)
    Total RW  Size (RW Data + ZI Data)             22464 (  21.94kB)
    Total ROM Size (Code + RO Data + RW Data)      34792 (  33.98kB)

==============================================================================

